main.c:177:5:main	8	static
main.c:277:6:SystemClock_Config	88	static
main.c:322:13:MX_ADC1_Init	24	static
main.c:372:13:MX_USART1_UART_Init	8	static
main.c:405:13:MX_USART2_UART_Init	8	static
main.c:436:13:MX_DMA_Init	16	static
main.c:454:13:MX_GPIO_Init	48	static
main.c:517:6:set_lights_and_buzzer	16	static
main.c:531:6:time_buffer_write	24	static
main.c:542:6:time_buffer_read	24	static
main.c:554:6:temperature_buffer_write	16	static
main.c:563:7:temperature_buffer_read	16	static
main.c:574:6:clean_time_response	48	static
main.c:617:6:clean_cb_response	32	static
main.c:634:6:ESP8266_get_time	16	static
main.c:656:6:ESP8266_Boot	16	static
main.c:711:6:OrionContextBroker_update	24	static
main.c:739:6:OrionContextBroker_query	24	static
main.c:782:6:startDisplayTask	32	static
main.c:812:6:startTemperatureTask	56	static
main.c:887:6:startNetworkComTask	96	dynamic,bounded
main.c:1002:6:HAL_TIM_PeriodElapsedCallback	16	static
main.c:1019:6:Error_Handler	4	static,ignoring_inline_asm
