Archive member included to satisfy reference by file (symbol)

/Applications/STM32CubeIDE.app/Contents/Eclipse/plugins/com.st.stm32cube.ide.mcu.externaltools.gnu-tools-for-stm32.9-2020-q2-update.macos64_1.5.0.202011040924/tools/bin/../lib/gcc/arm-none-eabi/9.3.1/../../../../arm-none-eabi/lib/thumb/v7e-m+fp/hard/libc_nano.a(lib_a-atoi.o)
                              Core/Src/main.o (atoi)
/Applications/STM32CubeIDE.app/Contents/Eclipse/plugins/com.st.stm32cube.ide.mcu.externaltools.gnu-tools-for-stm32.9-2020-q2-update.macos64_1.5.0.202011040924/tools/bin/../lib/gcc/arm-none-eabi/9.3.1/../../../../arm-none-eabi/lib/thumb/v7e-m+fp/hard/libc_nano.a(lib_a-errno.o)
                              Core/Src/syscalls.o (__errno)
/Applications/STM32CubeIDE.app/Contents/Eclipse/plugins/com.st.stm32cube.ide.mcu.externaltools.gnu-tools-for-stm32.9-2020-q2-update.macos64_1.5.0.202011040924/tools/bin/../lib/gcc/arm-none-eabi/9.3.1/../../../../arm-none-eabi/lib/thumb/v7e-m+fp/hard/libc_nano.a(lib_a-exit.o)
                              /Applications/STM32CubeIDE.app/Contents/Eclipse/plugins/com.st.stm32cube.ide.mcu.externaltools.gnu-tools-for-stm32.9-2020-q2-update.macos64_1.5.0.202011040924/tools/bin/../lib/gcc/arm-none-eabi/9.3.1/../../../../arm-none-eabi/lib/thumb/v7e-m+fp/hard/crt0.o (exit)
/Applications/STM32CubeIDE.app/Contents/Eclipse/plugins/com.st.stm32cube.ide.mcu.externaltools.gnu-tools-for-stm32.9-2020-q2-update.macos64_1.5.0.202011040924/tools/bin/../lib/gcc/arm-none-eabi/9.3.1/../../../../arm-none-eabi/lib/thumb/v7e-m+fp/hard/libc_nano.a(lib_a-impure.o)
                              /Applications/STM32CubeIDE.app/Contents/Eclipse/plugins/com.st.stm32cube.ide.mcu.externaltools.gnu-tools-for-stm32.9-2020-q2-update.macos64_1.5.0.202011040924/tools/bin/../lib/gcc/arm-none-eabi/9.3.1/../../../../arm-none-eabi/lib/thumb/v7e-m+fp/hard/libc_nano.a(lib_a-exit.o) (_global_impure_ptr)
/Applications/STM32CubeIDE.app/Contents/Eclipse/plugins/com.st.stm32cube.ide.mcu.externaltools.gnu-tools-for-stm32.9-2020-q2-update.macos64_1.5.0.202011040924/tools/bin/../lib/gcc/arm-none-eabi/9.3.1/../../../../arm-none-eabi/lib/thumb/v7e-m+fp/hard/libc_nano.a(lib_a-init.o)
                              /Applications/STM32CubeIDE.app/Contents/Eclipse/plugins/com.st.stm32cube.ide.mcu.externaltools.gnu-tools-for-stm32.9-2020-q2-update.macos64_1.5.0.202011040924/tools/bin/../lib/gcc/arm-none-eabi/9.3.1/../../../../arm-none-eabi/lib/thumb/v7e-m+fp/hard/crt0.o (__libc_init_array)
/Applications/STM32CubeIDE.app/Contents/Eclipse/plugins/com.st.stm32cube.ide.mcu.externaltools.gnu-tools-for-stm32.9-2020-q2-update.macos64_1.5.0.202011040924/tools/bin/../lib/gcc/arm-none-eabi/9.3.1/../../../../arm-none-eabi/lib/thumb/v7e-m+fp/hard/libc_nano.a(lib_a-memcpy-stub.o)
                              Middlewares/FreeRTOS/cmsis_os2.o (memcpy)
/Applications/STM32CubeIDE.app/Contents/Eclipse/plugins/com.st.stm32cube.ide.mcu.externaltools.gnu-tools-for-stm32.9-2020-q2-update.macos64_1.5.0.202011040924/tools/bin/../lib/gcc/arm-none-eabi/9.3.1/../../../../arm-none-eabi/lib/thumb/v7e-m+fp/hard/libc_nano.a(lib_a-memset.o)
                              /Applications/STM32CubeIDE.app/Contents/Eclipse/plugins/com.st.stm32cube.ide.mcu.externaltools.gnu-tools-for-stm32.9-2020-q2-update.macos64_1.5.0.202011040924/tools/bin/../lib/gcc/arm-none-eabi/9.3.1/../../../../arm-none-eabi/lib/thumb/v7e-m+fp/hard/crt0.o (memset)
/Applications/STM32CubeIDE.app/Contents/Eclipse/plugins/com.st.stm32cube.ide.mcu.externaltools.gnu-tools-for-stm32.9-2020-q2-update.macos64_1.5.0.202011040924/tools/bin/../lib/gcc/arm-none-eabi/9.3.1/../../../../arm-none-eabi/lib/thumb/v7e-m+fp/hard/libc_nano.a(lib_a-printf.o)
                              Core/Src/main.o (printf)
/Applications/STM32CubeIDE.app/Contents/Eclipse/plugins/com.st.stm32cube.ide.mcu.externaltools.gnu-tools-for-stm32.9-2020-q2-update.macos64_1.5.0.202011040924/tools/bin/../lib/gcc/arm-none-eabi/9.3.1/../../../../arm-none-eabi/lib/thumb/v7e-m+fp/hard/libc_nano.a(lib_a-puts.o)
                              Core/Src/main.o (puts)
/Applications/STM32CubeIDE.app/Contents/Eclipse/plugins/com.st.stm32cube.ide.mcu.externaltools.gnu-tools-for-stm32.9-2020-q2-update.macos64_1.5.0.202011040924/tools/bin/../lib/gcc/arm-none-eabi/9.3.1/../../../../arm-none-eabi/lib/thumb/v7e-m+fp/hard/libc_nano.a(lib_a-sprintf.o)
                              Core/Src/main.o (sprintf)
/Applications/STM32CubeIDE.app/Contents/Eclipse/plugins/com.st.stm32cube.ide.mcu.externaltools.gnu-tools-for-stm32.9-2020-q2-update.macos64_1.5.0.202011040924/tools/bin/../lib/gcc/arm-none-eabi/9.3.1/../../../../arm-none-eabi/lib/thumb/v7e-m+fp/hard/libc_nano.a(lib_a-strcpy.o)
                              Core/Src/main.o (strcpy)
[...]
Memory Configuration

Name             Origin             Length             Attributes
RAM              0x0000000020000000 0x0000000000020000 xrw
FLASH            0x0000000008000000 0x0000000000080000 xr
*default*        0x0000000000000000 0xffffffffffffffff

Linker script and memory map

LOAD /Applications/STM32CubeIDE.app/Contents/Eclipse/plugins/com.st.stm32cube.ide.mcu.externaltools.gnu-tools-for-stm32.9-2020-q2-update.macos64_1.5.0.202011040924/tools/bin/../lib/gcc/arm-none-eabi/9.3.1/thumb/v7e-m+fp/hard/crti.o
LOAD /Applications/STM32CubeIDE.app/Contents/Eclipse/plugins/com.st.stm32cube.ide.mcu.externaltools.gnu-tools-for-stm32.9-2020-q2-update.macos64_1.5.0.202011040924/tools/bin/../lib/gcc/arm-none-eabi/9.3.1/thumb/v7e-m+fp/hard/crtbegin.o
LOAD /Applications/STM32CubeIDE.app/Contents/Eclipse/plugins/com.st.stm32cube.ide.mcu.externaltools.gnu-tools-for-stm32.9-2020-q2-update.macos64_1.5.0.202011040924/tools/bin/../lib/gcc/arm-none-eabi/9.3.1/../../../../arm-none-eabi/lib/thumb/v7e-m+fp/hard/crt0.o
LOAD Core/Src/freertos.o
LOAD Core/Src/main.o
LOAD Core/Src/stm32f4xx_hal_msp.o
LOAD Core/Src/stm32f4xx_hal_timebase_tim.o
LOAD Core/Src/stm32f4xx_it.o
LOAD Core/Src/syscalls.o
LOAD Core/Src/sysmem.o
LOAD Core/Src/system_stm32f4xx.o
LOAD Core/Src/utility.o
LOAD Core/Startup/startup_stm32f411retx.o
LOAD Drivers/STM32F4xx_HAL_Driver/stm32f4xx_hal.o
LOAD Drivers/STM32F4xx_HAL_Driver/stm32f4xx_hal_adc.o
LOAD Drivers/STM32F4xx_HAL_Driver/stm32f4xx_hal_adc_ex.o
LOAD Drivers/STM32F4xx_HAL_Driver/stm32f4xx_hal_cortex.o
LOAD Drivers/STM32F4xx_HAL_Driver/stm32f4xx_hal_dma.o
LOAD Drivers/STM32F4xx_HAL_Driver/stm32f4xx_hal_dma_ex.o
LOAD Drivers/STM32F4xx_HAL_Driver/stm32f4xx_hal_exti.o
LOAD Drivers/STM32F4xx_HAL_Driver/stm32f4xx_hal_flash.o
LOAD Drivers/STM32F4xx_HAL_Driver/stm32f4xx_hal_flash_ex.o
LOAD Drivers/STM32F4xx_HAL_Driver/stm32f4xx_hal_flash_ramfunc.o
LOAD Drivers/STM32F4xx_HAL_Driver/stm32f4xx_hal_gpio.o
LOAD Drivers/STM32F4xx_HAL_Driver/stm32f4xx_hal_pwr.o
LOAD Drivers/STM32F4xx_HAL_Driver/stm32f4xx_hal_pwr_ex.o
LOAD Drivers/STM32F4xx_HAL_Driver/stm32f4xx_hal_rcc.o
LOAD Drivers/STM32F4xx_HAL_Driver/stm32f4xx_hal_rcc_ex.o
LOAD Drivers/STM32F4xx_HAL_Driver/stm32f4xx_hal_tim.o
LOAD Drivers/STM32F4xx_HAL_Driver/stm32f4xx_hal_tim_ex.o
LOAD Drivers/STM32F4xx_HAL_Driver/stm32f4xx_hal_uart.o
LOAD Drivers/STM32F4xx_HAL_Driver/stm32f4xx_ll_adc.o
LOAD Middlewares/FreeRTOS/cmsis_os2.o
LOAD Middlewares/FreeRTOS/croutine.o
LOAD Middlewares/FreeRTOS/event_groups.o
LOAD Middlewares/FreeRTOS/heap_4.o
LOAD Middlewares/FreeRTOS/list.o
LOAD Middlewares/FreeRTOS/port.o
LOAD Middlewares/FreeRTOS/queue.o
LOAD Middlewares/FreeRTOS/stream_buffer.o
LOAD Middlewares/FreeRTOS/tasks.o
LOAD Middlewares/FreeRTOS/timers.o
START GROUP
LOAD /Applications/STM32CubeIDE.app/Contents/Eclipse/plugins/com.st.stm32cube.ide.mcu.externaltools.gnu-tools-for-stm32.9-2020-q2-update.macos64_1.5.0.202011040924/tools/bin/../lib/gcc/arm-none-eabi/9.3.1/../../../../arm-none-eabi/lib/thumb/v7e-m+fp/hard/libc_nano.a
LOAD /Applications/STM32CubeIDE.app/Contents/Eclipse/plugins/com.st.stm32cube.ide.mcu.externaltools.gnu-tools-for-stm32.9-2020-q2-update.macos64_1.5.0.202011040924/tools/bin/../lib/gcc/arm-none-eabi/9.3.1/../../../../arm-none-eabi/lib/thumb/v7e-m+fp/hard/libm.a
END GROUP
START GROUP
LOAD /Applications/STM32CubeIDE.app/Contents/Eclipse/plugins/com.st.stm32cube.ide.mcu.externaltools.gnu-tools-for-stm32.9-2020-q2-update.macos64_1.5.0.202011040924/tools/bin/../lib/gcc/arm-none-eabi/9.3.1/thumb/v7e-m+fp/hard/libgcc.a
LOAD /Applications/STM32CubeIDE.app/Contents/Eclipse/plugins/com.st.stm32cube.ide.mcu.externaltools.gnu-tools-for-stm32.9-2020-q2-update.macos64_1.5.0.202011040924/tools/bin/../lib/gcc/arm-none-eabi/9.3.1/../../../../arm-none-eabi/lib/thumb/v7e-m+fp/hard/libc_nano.a
END GROUP
START GROUP
LOAD /Applications/STM32CubeIDE.app/Contents/Eclipse/plugins/com.st.stm32cube.ide.mcu.externaltools.gnu-tools-for-stm32.9-2020-q2-update.macos64_1.5.0.202011040924/tools/bin/../lib/gcc/arm-none-eabi/9.3.1/thumb/v7e-m+fp/hard/libgcc.a
LOAD /Applications/STM32CubeIDE.app/Contents/Eclipse/plugins/com.st.stm32cube.ide.mcu.externaltools.gnu-tools-for-stm32.9-2020-q2-update.macos64_1.5.0.202011040924/tools/bin/../lib/gcc/arm-none-eabi/9.3.1/../../../../arm-none-eabi/lib/thumb/v7e-m+fp/hard/libc_nano.a
LOAD /Applications/STM32CubeIDE.app/Contents/Eclipse/plugins/com.st.stm32cube.ide.mcu.externaltools.gnu-tools-for-stm32.9-2020-q2-update.macos64_1.5.0.202011040924/tools/bin/../lib/gcc/arm-none-eabi/9.3.1/../../../../arm-none-eabi/lib/thumb/v7e-m+fp/hard/libnosys.a
END GROUP
START GROUP
LOAD /Applications/STM32CubeIDE.app/Contents/Eclipse/plugins/com.st.stm32cube.ide.mcu.externaltools.gnu-tools-for-stm32.9-2020-q2-update.macos64_1.5.0.202011040924/tools/bin/../lib/gcc/arm-none-eabi/9.3.1/thumb/v7e-m+fp/hard/libgcc.a
LOAD /Applications/STM32CubeIDE.app/Contents/Eclipse/plugins/com.st.stm32cube.ide.mcu.externaltools.gnu-tools-for-stm32.9-2020-q2-update.macos64_1.5.0.202011040924/tools/bin/../lib/gcc/arm-none-eabi/9.3.1/../../../../arm-none-eabi/lib/thumb/v7e-m+fp/hard/libc_nano.a
LOAD /Applications/STM32CubeIDE.app/Contents/Eclipse/plugins/com.st.stm32cube.ide.mcu.externaltools.gnu-tools-for-stm32.9-2020-q2-update.macos64_1.5.0.202011040924/tools/bin/../lib/gcc/arm-none-eabi/9.3.1/../../../../arm-none-eabi/lib/thumb/v7e-m+fp/hard/libnosys.a
END GROUP
LOAD /Applications/STM32CubeIDE.app/Contents/Eclipse/plugins/com.st.stm32cube.ide.mcu.externaltools.gnu-tools-for-stm32.9-2020-q2-update.macos64_1.5.0.202011040924/tools/bin/../lib/gcc/arm-none-eabi/9.3.1/thumb/v7e-m+fp/hard/crtend.o
LOAD /Applications/STM32CubeIDE.app/Contents/Eclipse/plugins/com.st.stm32cube.ide.mcu.externaltools.gnu-tools-for-stm32.9-2020-q2-update.macos64_1.5.0.202011040924/tools/bin/../lib/gcc/arm-none-eabi/9.3.1/thumb/v7e-m+fp/hard/crtn.o
                0x0000000020020000                _estack = (ORIGIN (RAM) + LENGTH (RAM))
                0x0000000000000200                _Min_Heap_Size = 0x200
                0x0000000000000400                _Min_Stack_Size = 0x400

.isr_vector     0x0000000008000000      0x198
                0x0000000008000000                . = ALIGN (0x4)
 *(.isr_vector)
 .isr_vector    0x0000000008000000      0x198 Core/Startup/startup_stm32f411retx.o
                0x0000000008000000                g_pfnVectors
                0x0000000008000198                . = ALIGN (0x4)

.text           0x00000000080001a0     0x66f0
                0x00000000080001a0                . = ALIGN (0x4)
 *(.text)
 .text          0x00000000080001a0       0x40 /Applications/STM32CubeIDE.app/Contents/Eclipse/plugins/com.st.stm32cube.ide.mcu.externaltools.gnu-tools-for-stm32.9-2020-q2-update.macos64_1.5.0.202011040924/tools/bin/../lib/gcc/arm-none-eabi/9.3.1/thumb/v7e-m+fp/hard/crtbegin.o
 .text          0x00000000080001e0       0x10 /Applications/STM32CubeIDE.app/Contents/Eclipse/plugins/com.st.stm32cube.ide.mcu.externaltools.gnu-tools-for-stm32.9-2020-q2-update.macos64_1.5.0.202011040924/tools/bin/../lib/gcc/arm-none-eabi/9.3.1/../../../../arm-none-eabi/lib/thumb/v7e-m+fp/hard/libc_nano.a(lib_a-strlen.o)
                0x00000000080001e0                strlen
 .text          0x00000000080001f0       0xa0 /Applications/STM32CubeIDE.app/Contents/Eclipse/plugins/com.st.stm32cube.ide.mcu.externaltools.gnu-tools-for-stm32.9-2020-q2-update.macos64_1.5.0.202011040924/tools/bin/../lib/gcc/arm-none-eabi/9.3.1/../../../../arm-none-eabi/lib/thumb/v7e-m+fp/hard/libc_nano.a(lib_a-memchr.o)
                0x00000000080001f0                memchr
 .text          0x0000000008000290      0x378 /Applications/STM32CubeIDE.app/Contents/Eclipse/plugins/com.st.stm32cube.ide.mcu.externaltools.gnu-tools-for-stm32.9-2020-q2-update.macos64_1.5.0.202011040924/tools/bin/../lib/gcc/arm-none-eabi/9.3.1/thumb/v7e-m+fp/hard/libgcc.a(_arm_addsubdf3.o)
                0x0000000008000290                __aeabi_drsub
                0x0000000008000298                __subdf3
                0x0000000008000298                __aeabi_dsub
                0x000000000800029c                __aeabi_dadd
                0x000000000800029c                __adddf3
                0x0000000008000514                __aeabi_ui2d
                0x0000000008000514                __floatunsidf
                0x0000000008000534                __floatsidf
                0x0000000008000534                __aeabi_i2d
                0x0000000008000558                __extendsfdf2
                0x0000000008000558                __aeabi_f2d
                0x000000000800059c                __aeabi_ul2d
                0x000000000800059c                __floatundidf
                0x00000000080005ac                __aeabi_l2d
                0x00000000080005ac                __floatdidf
 .text          0x0000000008000608      0x424 /Applications/STM32CubeIDE.app/Contents/Eclipse/plugins/com.st.stm32cube.ide.mcu.externaltools.gnu-tools-for-stm32.9-2020-q2-update.macos64_1.5.0.202011040924/tools/bin/../lib/gcc/arm-none-eabi/9.3.1/thumb/v7e-m+fp/hard/libgcc.a(_arm_muldivdf3.o)
                0x0000000008000608                __aeabi_dmul
                0x0000000008000608                __muldf3
                0x000000000800085c                __aeabi_ddiv
                0x000000000800085c                __divdf3
 .text          0x0000000008000a2c      0x110 /Applications/STM32CubeIDE.app/Contents/Eclipse/plugins/com.st.stm32cube.ide.mcu.externaltools.gnu-tools-for-stm32.9-2020-q2-update.macos64_1.5.0.202011040924/tools/bin/../lib/gcc/arm-none-eabi/9.3.1/thumb/v7e-m+fp/hard/libgcc.a(_arm_cmpdf2.o)
                0x0000000008000a2c                __gedf2
                0x0000000008000a2c                __gtdf2
                0x0000000008000a34                __ledf2
                0x0000000008000a34                __ltdf2
                0x0000000008000a3c                __cmpdf2
                0x0000000008000a3c                __eqdf2
                0x0000000008000a3c                __nedf2
                0x0000000008000ab8                __aeabi_cdrcmple
                0x0000000008000ac8                __aeabi_cdcmple
                0x0000000008000ac8                __aeabi_cdcmpeq
                0x0000000008000ad8                __aeabi_dcmpeq
                0x0000000008000aec                __aeabi_dcmplt
                0x0000000008000b00                __aeabi_dcmple
                0x0000000008000b14                __aeabi_dcmpge
                0x0000000008000b28                __aeabi_dcmpgt
 .text          0x0000000008000b3c       0x2c /Applications/STM32CubeIDE.app/Contents/Eclipse/plugins/com.st.stm32cube.ide.mcu.externaltools.gnu-tools-for-stm32.9-2020-q2-update.macos64_1.5.0.202011040924/tools/bin/../lib/gcc/arm-none-eabi/9.3.1/thumb/v7e-m+fp/hard/libgcc.a(_arm_unorddf2.o)
                0x0000000008000b3c                __aeabi_dcmpun
                0x0000000008000b3c                __unorddf2
 .text          0x0000000008000b68       0xa0 /Applications/STM32CubeIDE.app/Contents/Eclipse/plugins/com.st.stm32cube.ide.mcu.externaltools.gnu-tools-for-stm32.9-2020-q2-update.macos64_1.5.0.202011040924/tools/bin/../lib/gcc/arm-none-eabi/9.3.1/thumb/v7e-m+fp/hard/libgcc.a(_arm_truncdfsf2.o)
                0x0000000008000b68                __aeabi_d2f
                0x0000000008000b68                __truncdfsf2
 .text          0x0000000008000c08       0x30 /Applications/STM32CubeIDE.app/Contents/Eclipse/plugins/com.st.stm32cube.ide.mcu.externaltools.gnu-tools-for-stm32.9-2020-q2-update.macos64_1.5.0.202011040924/tools/bin/../lib/gcc/arm-none-eabi/9.3.1/thumb/v7e-m+fp/hard/libgcc.a(_aeabi_uldivmod.o)
                0x0000000008000c08                __aeabi_uldivmod
 .text          0x0000000008000c38      0x2c4 /Applications/STM32CubeIDE.app/Contents/Eclipse/plugins/com.st.stm32cube.ide.mcu.externaltools.gnu-tools-for-stm32.9-2020-q2-update.macos64_1.5.0.202011040924/tools/bin/../lib/gcc/arm-none-eabi/9.3.1/thumb/v7e-m+fp/hard/libgcc.a(_udivmoddi4.o)
                0x0000000008000c38                __udivmoddi4
 .text          0x0000000008000efc        0x4 /Applications/STM32CubeIDE.app/Contents/Eclipse/plugins/com.st.stm32cube.ide.mcu.externaltools.gnu-tools-for-stm32.9-2020-q2-update.macos64_1.5.0.202011040924/tools/bin/../lib/gcc/arm-none-eabi/9.3.1/thumb/v7e-m+fp/hard/libgcc.a(_dvmd_tls.o)
                0x0000000008000efc                __aeabi_ldiv0
                0x0000000008000efc                __aeabi_idiv0
 *(.text*)
 .text.SystemClock_Config
                0x0000000008000f00       0x9c Core/Src/main.o
                0x0000000008000f00                SystemClock_Config
 .text.startup.main
                0x0000000008000f9c      0x27c Core/Src/main.o
                0x0000000008000f9c                main
 .text.set_lights_and_buzzer
                0x0000000008001218       0x4c Core/Src/main.o
                0x0000000008001218                set_lights_and_buzzer
 .text.time_buffer_read
                0x0000000008001264       0x3c Core/Src/main.o
                0x0000000008001264                time_buffer_read
 .text.temperature_buffer_write
                0x00000000080012a0       0x3c Core/Src/main.o
                0x00000000080012a0                temperature_buffer_write
 *fill*         0x00000000080012dc        0x4 
 .text.startTemperatureTask
                0x00000000080012e0      0x17c Core/Src/main.o
                0x00000000080012e0                startTemperatureTask
 .text.temperature_buffer_read
                0x000000000800145c       0x38 Core/Src/main.o
                0x000000000800145c                temperature_buffer_read
 .text.startDisplayTask
                0x0000000008001494       0x34 Core/Src/main.o
                0x0000000008001494                startDisplayTask
 .text.ESP8266_Boot
                0x00000000080014c8      0x198 Core/Src/main.o
                0x00000000080014c8                ESP8266_Boot
 .text.OrionContextBroker_query
                0x0000000008001660       0xfc Core/Src/main.o
                0x0000000008001660                OrionContextBroker_query
 .text.startNetworkComTask
                0x000000000800175c       0x44 Core/Src/main.o
                0x000000000800175c                startNetworkComTask
 .text.HAL_TIM_PeriodElapsedCallback
                0x00000000080017a0       0x14 Core/Src/main.o
                0x00000000080017a0                HAL_TIM_PeriodElapsedCallback
 .text.Error_Handler
                0x00000000080017b4        0x4 Core/Src/main.o
                0x00000000080017b4                Error_Handler
 .text.HAL_MspInit
                0x00000000080017b8       0x40 Core/Src/stm32f4xx_hal_msp.o
                0x00000000080017b8                HAL_MspInit
 .text.HAL_ADC_MspInit
                0x00000000080017f8       0x64 Core/Src/stm32f4xx_hal_msp.o
                0x00000000080017f8                HAL_ADC_MspInit
 .text.HAL_UART_MspInit
                0x000000000800185c      0x100 Core/Src/stm32f4xx_hal_msp.o
                0x000000000800185c                HAL_UART_MspInit
 .text.HAL_InitTick
                0x000000000800195c       0x78 Core/Src/stm32f4xx_hal_timebase_tim.o
                0x000000000800195c                HAL_InitTick
 .text.NMI_Handler
                0x00000000080019d4        0x2 Core/Src/stm32f4xx_it.o
                0x00000000080019d4                NMI_Handler
 .text.HardFault_Handler
                0x00000000080019d6        0x2 Core/Src/stm32f4xx_it.o
                0x00000000080019d6                HardFault_Handler
 .text.MemManage_Handler
                0x00000000080019d8        0x2 Core/Src/stm32f4xx_it.o
                0x00000000080019d8                MemManage_Handler
 .text.BusFault_Handler
                0x00000000080019da        0x2 Core/Src/stm32f4xx_it.o
                0x00000000080019da                BusFault_Handler
 .text.UsageFault_Handler
                0x00000000080019dc        0x2 Core/Src/stm32f4xx_it.o
                0x00000000080019dc                UsageFault_Handler
 .text.DebugMon_Handler
                0x00000000080019de        0x2 Core/Src/stm32f4xx_it.o
                0x00000000080019de                DebugMon_Handler
 .text.EXTI4_IRQHandler
                0x00000000080019e0       0x28 Core/Src/stm32f4xx_it.o
                0x00000000080019e0                EXTI4_IRQHandler
 .text.EXTI9_5_IRQHandler
                0x0000000008001a08       0x28 Core/Src/stm32f4xx_it.o
                0x0000000008001a08                EXTI9_5_IRQHandler
 .text.TIM1_UP_TIM10_IRQHandler
                0x0000000008001a30        0xc Core/Src/stm32f4xx_it.o
                0x0000000008001a30                TIM1_UP_TIM10_IRQHandler
 .text.DMA2_Stream2_IRQHandler
                0x0000000008001a3c        0xc Core/Src/stm32f4xx_it.o
                0x0000000008001a3c                DMA2_Stream2_IRQHandler
 .text._read    0x0000000008001a48       0x1a Core/Src/syscalls.o
                0x0000000008001a48                _read
 .text._close   0x0000000008001a62        0x6 Core/Src/syscalls.o
                0x0000000008001a62                _close
 .text._fstat   0x0000000008001a68        0xa Core/Src/syscalls.o
                0x0000000008001a68                _fstat
 .text._isatty  0x0000000008001a72        0x4 Core/Src/syscalls.o
                0x0000000008001a72                _isatty
 .text._lseek   0x0000000008001a76        0x4 Core/Src/syscalls.o
                0x0000000008001a76                _lseek
 *fill*         0x0000000008001a7a        0x2 
 .text._sbrk    0x0000000008001a7c       0x40 Core/Src/sysmem.o
                0x0000000008001a7c                _sbrk
 .text.SystemInit
                0x0000000008001abc       0x14 Core/Src/system_stm32f4xx.o
                0x0000000008001abc                SystemInit
 .text._write   0x0000000008001ad0       0x2c Core/Src/utility.o
                0x0000000008001ad0                _write
 .text.Reset_Handler
                0x0000000008001afc       0x50 Core/Startup/startup_stm32f411retx.o
                0x0000000008001afc                Reset_Handler
 .text.Default_Handler
                0x0000000008001b4c        0x2 Core/Startup/startup_stm32f411retx.o
                0x0000000008001b4c                DMA1_Stream3_IRQHandler
                0x0000000008001b4c                EXTI2_IRQHandler
                0x0000000008001b4c                SPI4_IRQHandler
                0x0000000008001b4c                TIM1_CC_IRQHandler
                0x0000000008001b4c                DMA2_Stream5_IRQHandler
                0x0000000008001b4c                DMA1_Stream5_IRQHandler
                0x0000000008001b4c                PVD_IRQHandler
                0x0000000008001b4c                SDIO_IRQHandler
                0x0000000008001b4c                TAMP_STAMP_IRQHandler
                0x0000000008001b4c                EXTI3_IRQHandler
                0x0000000008001b4c                I2C3_ER_IRQHandler
                0x0000000008001b4c                EXTI0_IRQHandler
                0x0000000008001b4c                I2C2_EV_IRQHandler
                0x0000000008001b4c                DMA1_Stream2_IRQHandler
                0x0000000008001b4c                FPU_IRQHandler
                0x0000000008001b4c                SPI1_IRQHandler
                0x0000000008001b4c                TIM1_BRK_TIM9_IRQHandler
                0x0000000008001b4c                DMA2_Stream3_IRQHandler
                0x0000000008001b4c                USART6_IRQHandler
                0x0000000008001b4c                DMA2_Stream0_IRQHandler
                0x0000000008001b4c                TIM4_IRQHandler
                0x0000000008001b4c                I2C1_EV_IRQHandler
                0x0000000008001b4c                DMA1_Stream6_IRQHandler
                0x0000000008001b4c                DMA1_Stream1_IRQHandler
                0x0000000008001b4c                TIM3_IRQHandler
                0x0000000008001b4c                RCC_IRQHandler
                0x0000000008001b4c                Default_Handler
                0x0000000008001b4c                EXTI15_10_IRQHandler
                0x0000000008001b4c                ADC_IRQHandler
                0x0000000008001b4c                DMA1_Stream7_IRQHandler
                0x0000000008001b4c                SPI5_IRQHandler
                0x0000000008001b4c                TIM5_IRQHandler
                0x0000000008001b4c                DMA2_Stream7_IRQHandler
                0x0000000008001b4c                I2C3_EV_IRQHandler
                0x0000000008001b4c                RTC_WKUP_IRQHandler
                0x0000000008001b4c                SPI2_IRQHandler
                0x0000000008001b4c                DMA1_Stream0_IRQHandler
                0x0000000008001b4c                WWDG_IRQHandler
                0x0000000008001b4c                TIM2_IRQHandler
                0x0000000008001b4c                OTG_FS_WKUP_IRQHandler
                0x0000000008001b4c                TIM1_TRG_COM_TIM11_IRQHandler
                0x0000000008001b4c                EXTI1_IRQHandler
                0x0000000008001b4c                USART2_IRQHandler
                0x0000000008001b4c                I2C2_ER_IRQHandler
                0x0000000008001b4c                DMA2_Stream1_IRQHandler
                0x0000000008001b4c                FLASH_IRQHandler
                0x0000000008001b4c                DMA2_Stream4_IRQHandler
                0x0000000008001b4c                USART1_IRQHandler
                0x0000000008001b4c                OTG_FS_IRQHandler
                0x0000000008001b4c                SPI3_IRQHandler
                0x0000000008001b4c                DMA1_Stream4_IRQHandler
                0x0000000008001b4c                I2C1_ER_IRQHandler
                0x0000000008001b4c                DMA2_Stream6_IRQHandler
                0x0000000008001b4c                RTC_Alarm_IRQHandler
 *fill*         0x0000000008001b4e        0x2 
 .text.HAL_Init
                0x0000000008001b50       0x34 Drivers/STM32F4xx_HAL_Driver/stm32f4xx_hal.o
                0x0000000008001b50                HAL_Init
 .text.HAL_IncTick
                0x0000000008001b84       0x18 Drivers/STM32F4xx_HAL_Driver/stm32f4xx_hal.o
                0x0000000008001b84                HAL_IncTick
 .text.HAL_GetTick
                0x0000000008001b9c        0xc Drivers/STM32F4xx_HAL_Driver/stm32f4xx_hal.o
                0x0000000008001b9c                HAL_GetTick
 .text.HAL_ADC_Init
                0x0000000008001ba8      0x14c Drivers/STM32F4xx_HAL_Driver/stm32f4xx_hal_adc.o
                0x0000000008001ba8                HAL_ADC_Init
 .text.HAL_ADC_Start
                0x0000000008001cf4       0xe0 Drivers/STM32F4xx_HAL_Driver/stm32f4xx_hal_adc.o
                0x0000000008001cf4                HAL_ADC_Start
 .text.HAL_ADC_PollForConversion
                0x0000000008001dd4       0xa6 Drivers/STM32F4xx_HAL_Driver/stm32f4xx_hal_adc.o
                0x0000000008001dd4                HAL_ADC_PollForConversion
 .text.HAL_ADC_GetValue
                0x0000000008001e7a        0x6 Drivers/STM32F4xx_HAL_Driver/stm32f4xx_hal_adc.o
                0x0000000008001e7a                HAL_ADC_GetValue
 .text.HAL_ADC_ConfigChannel
                0x0000000008001e80      0x138 Drivers/STM32F4xx_HAL_Driver/stm32f4xx_hal_adc.o
                0x0000000008001e80                HAL_ADC_ConfigChannel
 .text.HAL_NVIC_SetPriorityGrouping
                0x0000000008001fb8       0x24 Drivers/STM32F4xx_HAL_Driver/stm32f4xx_hal_cortex.o
                0x0000000008001fb8                HAL_NVIC_SetPriorityGrouping
 .text.HAL_NVIC_SetPriority
                0x0000000008001fdc       0x64 Drivers/STM32F4xx_HAL_Driver/stm32f4xx_hal_cortex.o
                0x0000000008001fdc                HAL_NVIC_SetPriority
 .text.HAL_NVIC_EnableIRQ
                0x0000000008002040       0x1c Drivers/STM32F4xx_HAL_Driver/stm32f4xx_hal_cortex.o
                0x0000000008002040                HAL_NVIC_EnableIRQ
 .text.DMA_CalcBaseAndBitshift
                0x000000000800205c       0x2c Drivers/STM32F4xx_HAL_Driver/stm32f4xx_hal_dma.o
 .text.HAL_DMA_Init
                0x0000000008002088      0x100 Drivers/STM32F4xx_HAL_Driver/stm32f4xx_hal_dma.o
                0x0000000008002088                HAL_DMA_Init
 .text.HAL_DMA_Start_IT
                0x0000000008002188       0x74 Drivers/STM32F4xx_HAL_Driver/stm32f4xx_hal_dma.o
                0x0000000008002188                HAL_DMA_Start_IT
 .text.HAL_DMA_Abort
                0x00000000080021fc       0x88 Drivers/STM32F4xx_HAL_Driver/stm32f4xx_hal_dma.o
                0x00000000080021fc                HAL_DMA_Abort
 .text.HAL_DMA_IRQHandler
                0x0000000008002284      0x17c Drivers/STM32F4xx_HAL_Driver/stm32f4xx_hal_dma.o
                0x0000000008002284                HAL_DMA_IRQHandler
 .text.HAL_GPIO_Init
                0x0000000008002400      0x190 Drivers/STM32F4xx_HAL_Driver/stm32f4xx_hal_gpio.o
                0x0000000008002400                HAL_GPIO_Init
 .text.HAL_GPIO_ReadPin
                0x0000000008002590        0xc Drivers/STM32F4xx_HAL_Driver/stm32f4xx_hal_gpio.o
                0x0000000008002590                HAL_GPIO_ReadPin
 .text.HAL_GPIO_WritePin
                0x000000000800259c        0xa Drivers/STM32F4xx_HAL_Driver/stm32f4xx_hal_gpio.o
                0x000000000800259c                HAL_GPIO_WritePin
 .text.HAL_GPIO_EXTI_Callback
                0x00000000080025a6        0x2 Drivers/STM32F4xx_HAL_Driver/stm32f4xx_hal_gpio.o
                0x00000000080025a6                HAL_GPIO_EXTI_Callback
 .text.HAL_GPIO_EXTI_IRQHandler
                0x00000000080025a8       0x18 Drivers/STM32F4xx_HAL_Driver/stm32f4xx_hal_gpio.o
                0x00000000080025a8                HAL_GPIO_EXTI_IRQHandler
 .text.HAL_RCC_OscConfig
                0x00000000080025c0      0x358 Drivers/STM32F4xx_HAL_Driver/stm32f4xx_hal_rcc.o
                0x00000000080025c0                HAL_RCC_OscConfig
 .text.HAL_RCC_GetSysClockFreq
                0x0000000008002918       0x5c Drivers/STM32F4xx_HAL_Driver/stm32f4xx_hal_rcc.o
                0x0000000008002918                HAL_RCC_GetSysClockFreq
 .text.HAL_RCC_ClockConfig
                0x0000000008002974      0x138 Drivers/STM32F4xx_HAL_Driver/stm32f4xx_hal_rcc.o
                0x0000000008002974                HAL_RCC_ClockConfig
 .text.HAL_RCC_GetPCLK1Freq
                0x0000000008002aac       0x20 Drivers/STM32F4xx_HAL_Driver/stm32f4xx_hal_rcc.o
                0x0000000008002aac                HAL_RCC_GetPCLK1Freq
 .text.HAL_RCC_GetPCLK2Freq
                0x0000000008002acc       0x20 Drivers/STM32F4xx_HAL_Driver/stm32f4xx_hal_rcc.o
                0x0000000008002acc                HAL_RCC_GetPCLK2Freq
 .text.HAL_RCC_GetClockConfig
                0x0000000008002aec       0x3c Drivers/STM32F4xx_HAL_Driver/stm32f4xx_hal_rcc.o
                0x0000000008002aec                HAL_RCC_GetClockConfig
 .text.HAL_TIM_Base_MspInit
                0x0000000008002b28        0x2 Drivers/STM32F4xx_HAL_Driver/stm32f4xx_hal_tim.o
                0x0000000008002b28                HAL_TIM_Base_MspInit
 *fill*         0x0000000008002b2a        0x2 
 .text.HAL_TIM_Base_Start_IT
                0x0000000008002b2c       0x64 Drivers/STM32F4xx_HAL_Driver/stm32f4xx_hal_tim.o
                0x0000000008002b2c                HAL_TIM_Base_Start_IT
 .text.HAL_TIM_OC_DelayElapsedCallback
                0x0000000008002b90        0x2 Drivers/STM32F4xx_HAL_Driver/stm32f4xx_hal_tim.o
                0x0000000008002b90                HAL_TIM_OC_DelayElapsedCallback
 .text.HAL_TIM_IC_CaptureCallback
                0x0000000008002b92        0x2 Drivers/STM32F4xx_HAL_Driver/stm32f4xx_hal_tim.o
                0x0000000008002b92                HAL_TIM_IC_CaptureCallback
 .text.HAL_TIM_PWM_PulseFinishedCallback
                0x0000000008002b94        0x2 Drivers/STM32F4xx_HAL_Driver/stm32f4xx_hal_tim.o
                0x0000000008002b94                HAL_TIM_PWM_PulseFinishedCallback
 .text.HAL_TIM_TriggerCallback
                0x0000000008002b96        0x2 Drivers/STM32F4xx_HAL_Driver/stm32f4xx_hal_tim.o
                0x0000000008002b96                HAL_TIM_TriggerCallback
 .text.HAL_TIM_IRQHandler
                0x0000000008002b98      0x144 Drivers/STM32F4xx_HAL_Driver/stm32f4xx_hal_tim.o
                0x0000000008002b98                HAL_TIM_IRQHandler
 .text.TIM_Base_SetConfig
                0x0000000008002cdc       0x9c Drivers/STM32F4xx_HAL_Driver/stm32f4xx_hal_tim.o
                0x0000000008002cdc                TIM_Base_SetConfig
 .text.HAL_TIM_Base_Init
                0x0000000008002d78       0x58 Drivers/STM32F4xx_HAL_Driver/stm32f4xx_hal_tim.o
                0x0000000008002d78                HAL_TIM_Base_Init
 .text.HAL_TIMEx_CommutCallback
                0x0000000008002dd0        0x2 Drivers/STM32F4xx_HAL_Driver/stm32f4xx_hal_tim_ex.o
                0x0000000008002dd0                HAL_TIMEx_CommutCallback
 .text.HAL_TIMEx_BreakCallback
                0x0000000008002dd2        0x2 Drivers/STM32F4xx_HAL_Driver/stm32f4xx_hal_tim_ex.o
                0x0000000008002dd2                HAL_TIMEx_BreakCallback
 .text.UART_EndRxTransfer
                0x0000000008002dd4       0x2c Drivers/STM32F4xx_HAL_Driver/stm32f4xx_hal_uart.o
 .text.UART_SetConfig
                0x0000000008002e00       0xbc Drivers/STM32F4xx_HAL_Driver/stm32f4xx_hal_uart.o
 .text.UART_WaitOnFlagUntilTimeout.constprop.0
                0x0000000008002ebc       0x50 Drivers/STM32F4xx_HAL_Driver/stm32f4xx_hal_uart.o
 .text.HAL_UART_Init
                0x0000000008002f0c       0x5c Drivers/STM32F4xx_HAL_Driver/stm32f4xx_hal_uart.o
                0x0000000008002f0c                HAL_UART_Init
 .text.HAL_UART_Transmit
                0x0000000008002f68       0xaa Drivers/STM32F4xx_HAL_Driver/stm32f4xx_hal_uart.o
                0x0000000008002f68                HAL_UART_Transmit
 .text.HAL_UART_DMAStop
                0x0000000008003012       0x5e Drivers/STM32F4xx_HAL_Driver/stm32f4xx_hal_uart.o
                0x0000000008003012                HAL_UART_DMAStop
 .text.HAL_UART_RxCpltCallback
                0x0000000008003070        0x2 Drivers/STM32F4xx_HAL_Driver/stm32f4xx_hal_uart.o
                0x0000000008003070                HAL_UART_RxCpltCallback
 .text.HAL_UART_RxHalfCpltCallback
                0x0000000008003072        0x2 Drivers/STM32F4xx_HAL_Driver/stm32f4xx_hal_uart.o
                0x0000000008003072                HAL_UART_RxHalfCpltCallback
 .text.HAL_UART_ErrorCallback
                0x0000000008003074        0x2 Drivers/STM32F4xx_HAL_Driver/stm32f4xx_hal_uart.o
                0x0000000008003074                HAL_UART_ErrorCallback
 .text.UART_DMAError
                0x0000000008003076       0x4a Drivers/STM32F4xx_HAL_Driver/stm32f4xx_hal_uart.o
 .text.HAL_UARTEx_RxEventCallback
                0x00000000080030c0        0x2 Drivers/STM32F4xx_HAL_Driver/stm32f4xx_hal_uart.o
                0x00000000080030c0                HAL_UARTEx_RxEventCallback
 .text.UART_DMARxHalfCplt
                0x00000000080030c2       0x1a Drivers/STM32F4xx_HAL_Driver/stm32f4xx_hal_uart.o
 .text.UART_DMAReceiveCplt
                0x00000000080030dc       0x54 Drivers/STM32F4xx_HAL_Driver/stm32f4xx_hal_uart.o
 .text.UART_Start_Receive_DMA
                0x0000000008003130       0x6c Drivers/STM32F4xx_HAL_Driver/stm32f4xx_hal_uart.o
                0x0000000008003130                UART_Start_Receive_DMA
 .text.HAL_UART_Receive_DMA
                0x000000000800319c       0x30 Drivers/STM32F4xx_HAL_Driver/stm32f4xx_hal_uart.o
                0x000000000800319c                HAL_UART_Receive_DMA
 .text.SysTick_Handler
                0x00000000080031cc       0x1c Middlewares/FreeRTOS/cmsis_os2.o
                0x00000000080031cc                SysTick_Handler
 .text.osKernelInitialize
                0x00000000080031e8       0x24 Middlewares/FreeRTOS/cmsis_os2.o
                0x00000000080031e8                osKernelInitialize
 .text.osKernelStart
                0x000000000800320c       0x34 Middlewares/FreeRTOS/cmsis_os2.o
                0x000000000800320c                osKernelStart
 .text.osThreadNew
                0x0000000008003240       0x92 Middlewares/FreeRTOS/cmsis_os2.o
                0x0000000008003240                osThreadNew
 .text.osDelay  0x00000000080032d2       0x18 Middlewares/FreeRTOS/cmsis_os2.o
                0x00000000080032d2                osDelay
 .text.osMutexNew
                0x00000000080032ea       0x6a Middlewares/FreeRTOS/cmsis_os2.o
                0x00000000080032ea                osMutexNew
 .text.osMutexAcquire
                0x0000000008003354       0x44 Middlewares/FreeRTOS/cmsis_os2.o
                0x0000000008003354                osMutexAcquire
 .text.osMutexRelease
                0x0000000008003398       0x3c Middlewares/FreeRTOS/cmsis_os2.o
                0x0000000008003398                osMutexRelease
 .text.vApplicationGetIdleTaskMemory
                0x00000000080033d4       0x18 Middlewares/FreeRTOS/cmsis_os2.o
                0x00000000080033d4                vApplicationGetIdleTaskMemory
 .text.vApplicationGetTimerTaskMemory
                0x00000000080033ec       0x18 Middlewares/FreeRTOS/cmsis_os2.o
                0x00000000080033ec                vApplicationGetTimerTaskMemory
 .text.prvInsertBlockIntoFreeList
                0x0000000008003404       0x48 Middlewares/FreeRTOS/heap_4.o
 .text.pvPortMalloc
                0x000000000800344c      0x124 Middlewares/FreeRTOS/heap_4.o
                0x000000000800344c                pvPortMalloc
 .text.vPortFree
                0x0000000008003570       0x7c Middlewares/FreeRTOS/heap_4.o
                0x0000000008003570                vPortFree
 .text.vListInitialise
                0x00000000080035ec       0x16 Middlewares/FreeRTOS/list.o
                0x00000000080035ec                vListInitialise
 .text.vListInitialiseItem
                0x0000000008003602        0x6 Middlewares/FreeRTOS/list.o
                0x0000000008003602                vListInitialiseItem
 .text.vListInsertEnd
                0x0000000008003608       0x18 Middlewares/FreeRTOS/list.o
                0x0000000008003608                vListInsertEnd
 .text.vListInsert
                0x0000000008003620       0x2e Middlewares/FreeRTOS/list.o
                0x0000000008003620                vListInsert
 .text.uxListRemove
                0x000000000800364e       0x20 Middlewares/FreeRTOS/list.o
                0x000000000800364e                uxListRemove
 *fill*         0x000000000800366e        0x2 
 .text.prvPortStartFirstTask
                0x0000000008003670       0x28 Middlewares/FreeRTOS/port.o
 .text.vPortEnableVFP
                0x0000000008003698       0x14 Middlewares/FreeRTOS/port.o
 .text.prvTaskExitError
                0x00000000080036ac       0x40 Middlewares/FreeRTOS/port.o
 .text.pxPortInitialiseStack
                0x00000000080036ec       0x2c Middlewares/FreeRTOS/port.o
                0x00000000080036ec                pxPortInitialiseStack
 *fill*         0x0000000008003718        0x8 
 .text.SVC_Handler
                0x0000000008003720       0x24 Middlewares/FreeRTOS/port.o
                0x0000000008003720                SVC_Handler
 .text.vPortEnterCritical
                0x0000000008003744       0x44 Middlewares/FreeRTOS/port.o
                0x0000000008003744                vPortEnterCritical
 .text.vPortExitCritical
                0x0000000008003788       0x28 Middlewares/FreeRTOS/port.o
                0x0000000008003788                vPortExitCritical
 .text.PendSV_Handler
                0x00000000080037b0       0x64 Middlewares/FreeRTOS/port.o
                0x00000000080037b0                PendSV_Handler
 .text.xPortSysTickHandler
                0x0000000008003814       0x2c Middlewares/FreeRTOS/port.o
                0x0000000008003814                xPortSysTickHandler
 .text.vPortSetupTimerInterrupt
                0x0000000008003840       0x34 Middlewares/FreeRTOS/port.o
                0x0000000008003840                vPortSetupTimerInterrupt
 .text.xPortStartScheduler
                0x0000000008003874      0x108 Middlewares/FreeRTOS/port.o
                0x0000000008003874                xPortStartScheduler
 .text.vPortValidateInterruptPriority
                0x000000000800397c       0x5c Middlewares/FreeRTOS/port.o
                0x000000000800397c                vPortValidateInterruptPriority
 .text.prvIsQueueEmpty
                0x00000000080039d8       0x16 Middlewares/FreeRTOS/queue.o
 .text.prvCopyDataToQueue
                0x00000000080039ee       0x6a Middlewares/FreeRTOS/queue.o
 .text.prvCopyDataFromQueue
                0x0000000008003a58       0x2c Middlewares/FreeRTOS/queue.o
 .text.prvUnlockQueue
                0x0000000008003a84       0x70 Middlewares/FreeRTOS/queue.o
 .text.xQueueGenericReset
                0x0000000008003af4       0x80 Middlewares/FreeRTOS/queue.o
                0x0000000008003af4                xQueueGenericReset
 .text.xQueueGenericCreateStatic
                0x0000000008003b74       0x9c Middlewares/FreeRTOS/queue.o
                0x0000000008003b74                xQueueGenericCreateStatic
 .text.xQueueGenericSend
                0x0000000008003c10      0x164 Middlewares/FreeRTOS/queue.o
                0x0000000008003c10                xQueueGenericSend
 .text.xQueueCreateMutexStatic
                0x0000000008003d74       0x2a Middlewares/FreeRTOS/queue.o
                0x0000000008003d74                xQueueCreateMutexStatic
 .text.xQueueGiveMutexRecursive
                0x0000000008003d9e       0x3c Middlewares/FreeRTOS/queue.o
                0x0000000008003d9e                xQueueGiveMutexRecursive
 .text.xQueueCreateMutex
                0x0000000008003dda       0x3a Middlewares/FreeRTOS/queue.o
                0x0000000008003dda                xQueueCreateMutex
 .text.xQueueGenericSendFromISR
                0x0000000008003e14       0xc4 Middlewares/FreeRTOS/queue.o
                0x0000000008003e14                xQueueGenericSendFromISR
 .text.xQueueReceive
                0x0000000008003ed8      0x140 Middlewares/FreeRTOS/queue.o
                0x0000000008003ed8                xQueueReceive
 .text.xQueueSemaphoreTake
                0x0000000008004018      0x188 Middlewares/FreeRTOS/queue.o
                0x0000000008004018                xQueueSemaphoreTake
 .text.xQueueTakeMutexRecursive
                0x00000000080041a0       0x44 Middlewares/FreeRTOS/queue.o
                0x00000000080041a0                xQueueTakeMutexRecursive
 .text.vQueueAddToRegistry
                0x00000000080041e4       0x24 Middlewares/FreeRTOS/queue.o
                0x00000000080041e4                vQueueAddToRegistry
 .text.vQueueWaitForMessageRestricted
                0x0000000008004208       0x46 Middlewares/FreeRTOS/queue.o
                0x0000000008004208                vQueueWaitForMessageRestricted
 *fill*         0x000000000800424e        0x2 
 .text.prvAddNewTaskToReadyList
                0x0000000008004250      0x100 Middlewares/FreeRTOS/tasks.o
 .text.prvResetNextTaskUnblockTime
                0x0000000008004350       0x24 Middlewares/FreeRTOS/tasks.o
 .text.prvInitialiseNewTask.isra.0
                0x0000000008004374       0x9c Middlewares/FreeRTOS/tasks.o
 .text.prvDeleteTCB
                0x0000000008004410       0x36 Middlewares/FreeRTOS/tasks.o
 *fill*         0x0000000008004446        0x2 
 .text.prvIdleTask
                0x0000000008004448       0x64 Middlewares/FreeRTOS/tasks.o
 .text.prvAddCurrentTaskToDelayedList
                0x00000000080044ac       0x74 Middlewares/FreeRTOS/tasks.o
 .text.xTaskCreateStatic
                0x0000000008004520       0x70 Middlewares/FreeRTOS/tasks.o
                0x0000000008004520                xTaskCreateStatic
 .text.xTaskCreate
                0x0000000008004590       0x5a Middlewares/FreeRTOS/tasks.o
                0x0000000008004590                xTaskCreate
 *fill*         0x00000000080045ea        0x2 
 .text.vTaskStartScheduler
                0x00000000080045ec       0x88 Middlewares/FreeRTOS/tasks.o
                0x00000000080045ec                vTaskStartScheduler
 .text.vTaskSuspendAll
                0x0000000008004674       0x10 Middlewares/FreeRTOS/tasks.o
                0x0000000008004674                vTaskSuspendAll
 .text.xTaskGetTickCount
                0x0000000008004684        0xc Middlewares/FreeRTOS/tasks.o
                0x0000000008004684                xTaskGetTickCount
 .text.xTaskIncrementTick
                0x0000000008004690      0x12c Middlewares/FreeRTOS/tasks.o
                0x0000000008004690                xTaskIncrementTick
 .text.xTaskResumeAll
                0x00000000080047bc       0xe8 Middlewares/FreeRTOS/tasks.o
                0x00000000080047bc                xTaskResumeAll
 .text.vTaskDelay
                0x00000000080048a4       0x48 Middlewares/FreeRTOS/tasks.o
                0x00000000080048a4                vTaskDelay
 .text.vTaskSwitchContext
                0x00000000080048ec       0x78 Middlewares/FreeRTOS/tasks.o
                0x00000000080048ec                vTaskSwitchContext
 .text.vTaskPlaceOnEventList
                0x0000000008004964       0x34 Middlewares/FreeRTOS/tasks.o
                0x0000000008004964                vTaskPlaceOnEventList
 .text.vTaskPlaceOnEventListRestricted
                0x0000000008004998       0x3c Middlewares/FreeRTOS/tasks.o
                0x0000000008004998                vTaskPlaceOnEventListRestricted
 .text.xTaskRemoveFromEventList
                0x00000000080049d4       0x88 Middlewares/FreeRTOS/tasks.o
                0x00000000080049d4                xTaskRemoveFromEventList
 .text.vTaskInternalSetTimeOutState
                0x0000000008004a5c       0x18 Middlewares/FreeRTOS/tasks.o
                0x0000000008004a5c                vTaskInternalSetTimeOutState
 .text.xTaskCheckForTimeOut
                0x0000000008004a74       0x78 Middlewares/FreeRTOS/tasks.o
                0x0000000008004a74                xTaskCheckForTimeOut
 .text.vTaskMissedYield
                0x0000000008004aec        0xc Middlewares/FreeRTOS/tasks.o
                0x0000000008004aec                vTaskMissedYield
 .text.xTaskGetCurrentTaskHandle
                0x0000000008004af8        0xc Middlewares/FreeRTOS/tasks.o
                0x0000000008004af8                xTaskGetCurrentTaskHandle
 .text.xTaskGetSchedulerState
                0x0000000008004b04       0x20 Middlewares/FreeRTOS/tasks.o
                0x0000000008004b04                xTaskGetSchedulerState
 .text.xTaskPriorityInherit
                0x0000000008004b24       0x84 Middlewares/FreeRTOS/tasks.o
                0x0000000008004b24                xTaskPriorityInherit
 .text.xTaskPriorityDisinherit
                0x0000000008004ba8       0x88 Middlewares/FreeRTOS/tasks.o
                0x0000000008004ba8                xTaskPriorityDisinherit
 .text.vTaskPriorityDisinheritAfterTimeout
                0x0000000008004c30       0xa4 Middlewares/FreeRTOS/tasks.o
                0x0000000008004c30                vTaskPriorityDisinheritAfterTimeout
 .text.pvTaskIncrementMutexHeldCount
                0x0000000008004cd4       0x18 Middlewares/FreeRTOS/tasks.o
                0x0000000008004cd4                pvTaskIncrementMutexHeldCount
 .text.prvCheckForValidListAndQueue
                0x0000000008004cec       0x68 Middlewares/FreeRTOS/timers.o
 .text.prvInsertTimerInActiveList
                0x0000000008004d54       0x3c Middlewares/FreeRTOS/timers.o
 .text.xTimerCreateTimerTask
                0x0000000008004d90       0x64 Middlewares/FreeRTOS/timers.o
                0x0000000008004d90                xTimerCreateTimerTask
 .text.xTimerGenericCommand
                0x0000000008004df4       0x58 Middlewares/FreeRTOS/timers.o
                0x0000000008004df4                xTimerGenericCommand
 .text.prvSwitchTimerLists
                0x0000000008004e4c       0x7c Middlewares/FreeRTOS/timers.o
 .text.prvTimerTask
                0x0000000008004ec8      0x1f8 Middlewares/FreeRTOS/timers.o
 .text.__errno  0x00000000080050c0        0xc /Applications/STM32CubeIDE.app/Contents/Eclipse/plugins/com.st.stm32cube.ide.mcu.externaltools.gnu-tools-for-stm32.9-2020-q2-update.macos64_1.5.0.202011040924/tools/bin/../lib/gcc/arm-none-eabi/9.3.1/../../../../arm-none-eabi/lib/thumb/v7e-m+fp/hard/libc_nano.a(lib_a-errno.o)
                0x00000000080050c0                __errno
 .text.__libc_init_array
                0x00000000080050cc       0x48 /Applications/STM32CubeIDE.app/Contents/Eclipse/plugins/com.st.stm32cube.ide.mcu.externaltools.gnu-tools-for-stm32.9-2020-q2-update.macos64_1.5.0.202011040924/tools/bin/../lib/gcc/arm-none-eabi/9.3.1/../../../../arm-none-eabi/lib/thumb/v7e-m+fp/hard/libc_nano.a(lib_a-init.o)
                0x00000000080050cc                __libc_init_array
 .text.memcpy   0x0000000008005114       0x1c /Applications/STM32CubeIDE.app/Contents/Eclipse/plugins/com.st.stm32cube.ide.mcu.externaltools.gnu-tools-for-stm32.9-2020-q2-update.macos64_1.5.0.202011040924/tools/bin/../lib/gcc/arm-none-eabi/9.3.1/../../../../arm-none-eabi/lib/thumb/v7e-m+fp/hard/libc_nano.a(lib_a-memcpy-stub.o)
                0x0000000008005114                memcpy
 .text.memset   0x0000000008005130       0x10 /Applications/STM32CubeIDE.app/Contents/Eclipse/plugins/com.st.stm32cube.ide.mcu.externaltools.gnu-tools-for-stm32.9-2020-q2-update.macos64_1.5.0.202011040924/tools/bin/../lib/gcc/arm-none-eabi/9.3.1/../../../../arm-none-eabi/lib/thumb/v7e-m+fp/hard/libc_nano.a(lib_a-memset.o)
                0x0000000008005130                memset
 .text.printf   0x0000000008005140       0x30 /Applications/STM32CubeIDE.app/Contents/Eclipse/plugins/com.st.stm32cube.ide.mcu.externaltools.gnu-tools-for-stm32.9-2020-q2-update.macos64_1.5.0.202011040924/tools/bin/../lib/gcc/arm-none-eabi/9.3.1/../../../../arm-none-eabi/lib/thumb/v7e-m+fp/hard/libc_nano.a(lib_a-printf.o)
                0x0000000008005140                printf
                0x0000000008005140                iprintf
 .text._puts_r  0x0000000008005170       0xdc /Applications/STM32CubeIDE.app/Contents/Eclipse/plugins/com.st.stm32cube.ide.mcu.externaltools.gnu-tools-for-stm32.9-2020-q2-update.macos64_1.5.0.202011040924/tools/bin/../lib/gcc/arm-none-eabi/9.3.1/../../../../arm-none-eabi/lib/thumb/v7e-m+fp/hard/libc_nano.a(lib_a-puts.o)
                0x0000000008005170                _puts_r
 .text.puts     0x000000000800524c       0x10 /Applications/STM32CubeIDE.app/Contents/Eclipse/plugins/com.st.stm32cube.ide.mcu.externaltools.gnu-tools-for-stm32.9-2020-q2-update.macos64_1.5.0.202011040924/tools/bin/../lib/gcc/arm-none-eabi/9.3.1/../../../../arm-none-eabi/lib/thumb/v7e-m+fp/hard/libc_nano.a(lib_a-puts.o)
                0x000000000800524c                puts
 .text.sprintf  0x000000000800525c       0x40 /Applications/STM32CubeIDE.app/Contents/Eclipse/plugins/com.st.stm32cube.ide.mcu.externaltools.gnu-tools-for-stm32.9-2020-q2-update.macos64_1.5.0.202011040924/tools/bin/../lib/gcc/arm-none-eabi/9.3.1/../../../../arm-none-eabi/lib/thumb/v7e-m+fp/hard/libc_nano.a(lib_a-sprintf.o)
                0x000000000800525c                sprintf
                0x000000000800525c                siprintf
 .text.__swbuf_r
                0x000000000800529c       0xa4 /Applications/STM32CubeIDE.app/Contents/Eclipse/plugins/com.st.stm32cube.ide.mcu.externaltools.gnu-tools-for-stm32.9-2020-q2-update.macos64_1.5.0.202011040924/tools/bin/../lib/gcc/arm-none-eabi/9.3.1/../../../../arm-none-eabi/lib/thumb/v7e-m+fp/hard/libc_nano.a(lib_a-wbuf.o)
                0x000000000800529c                __swbuf_r
 .text.__swsetup_r
                0x0000000008005340       0xdc /Applications/STM32CubeIDE.app/Contents/Eclipse/plugins/com.st.stm32cube.ide.mcu.externaltools.gnu-tools-for-stm32.9-2020-q2-update.macos64_1.5.0.202011040924/tools/bin/../lib/gcc/arm-none-eabi/9.3.1/../../../../arm-none-eabi/lib/thumb/v7e-m+fp/hard/libc_nano.a(lib_a-wsetup.o)
                0x0000000008005340                __swsetup_r
 .text.__sflush_r
                0x000000000800541c      0x10c /Applications/STM32CubeIDE.app/Contents/Eclipse/plugins/com.st.stm32cube.ide.mcu.externaltools.gnu-tools-for-stm32.9-2020-q2-update.macos64_1.5.0.202011040924/tools/bin/../lib/gcc/arm-none-eabi/9.3.1/../../../../arm-none-eabi/lib/thumb/v7e-m+fp/hard/libc_nano.a(lib_a-fflush.o)
                0x000000000800541c                __sflush_r
 .text._fflush_r
                0x0000000008005528       0x78 /Applications/STM32CubeIDE.app/Contents/Eclipse/plugins/com.st.stm32cube.ide.mcu.externaltools.gnu-tools-for-stm32.9-2020-q2-update.macos64_1.5.0.202011040924/tools/bin/../lib/gcc/arm-none-eabi/9.3.1/../../../../arm-none-eabi/lib/thumb/v7e-m+fp/hard/libc_nano.a(lib_a-fflush.o)
                0x0000000008005528                _fflush_r
 .text.std      0x00000000080055a0       0x48 /Applications/STM32CubeIDE.app/Contents/Eclipse/plugins/com.st.stm32cube.ide.mcu.externaltools.gnu-tools-for-stm32.9-2020-q2-update.macos64_1.5.0.202011040924/tools/bin/../lib/gcc/arm-none-eabi/9.3.1/../../../../arm-none-eabi/lib/thumb/v7e-m+fp/hard/libc_nano.a(lib_a-findfp.o)
 .text._cleanup_r
                0x00000000080055e8        0xc /Applications/STM32CubeIDE.app/Contents/Eclipse/plugins/com.st.stm32cube.ide.mcu.externaltools.gnu-tools-for-stm32.9-2020-q2-update.macos64_1.5.0.202011040924/tools/bin/../lib/gcc/arm-none-eabi/9.3.1/../../../../arm-none-eabi/lib/thumb/v7e-m+fp/hard/libc_nano.a(lib_a-findfp.o)
                0x00000000080055e8                _cleanup_r
 .text.__sfmoreglue
                0x00000000080055f4       0x2c /Applications/STM32CubeIDE.app/Contents/Eclipse/plugins/com.st.stm32cube.ide.mcu.externaltools.gnu-tools-for-stm32.9-2020-q2-update.macos64_1.5.0.202011040924/tools/bin/../lib/gcc/arm-none-eabi/9.3.1/../../../../arm-none-eabi/lib/thumb/v7e-m+fp/hard/libc_nano.a(lib_a-findfp.o)
                0x00000000080055f4                __sfmoreglue
 .text.__sfp_lock_acquire
                0x0000000008005620        0xc /Applications/STM32CubeIDE.app/Contents/Eclipse/plugins/com.st.stm32cube.ide.mcu.externaltools.gnu-tools-for-stm32.9-2020-q2-update.macos64_1.5.0.202011040924/tools/bin/../lib/gcc/arm-none-eabi/9.3.1/../../../../arm-none-eabi/lib/thumb/v7e-m+fp/hard/libc_nano.a(lib_a-findfp.o)
                0x0000000008005620                __sfp_lock_acquire
 .text.__sfp_lock_release
                0x000000000800562c        0xc /Applications/STM32CubeIDE.app/Contents/Eclipse/plugins/com.st.stm32cube.ide.mcu.externaltools.gnu-tools-for-stm32.9-2020-q2-update.macos64_1.5.0.202011040924/tools/bin/../lib/gcc/arm-none-eabi/9.3.1/../../../../arm-none-eabi/lib/thumb/v7e-m+fp/hard/libc_nano.a(lib_a-findfp.o)
                0x000000000800562c                __sfp_lock_release
 .text.__sinit_lock_acquire
                0x0000000008005638        0xc /Applications/STM32CubeIDE.app/Contents/Eclipse/plugins/com.st.stm32cube.ide.mcu.externaltools.gnu-tools-for-stm32.9-2020-q2-update.macos64_1.5.0.202011040924/tools/bin/../lib/gcc/arm-none-eabi/9.3.1/../../../../arm-none-eabi/lib/thumb/v7e-m+fp/hard/libc_nano.a(lib_a-findfp.o)
                0x0000000008005638                __sinit_lock_acquire
 .text.__sinit_lock_release
                0x0000000008005644        0xc /Applications/STM32CubeIDE.app/Contents/Eclipse/plugins/com.st.stm32cube.ide.mcu.externaltools.gnu-tools-for-stm32.9-2020-q2-update.macos64_1.5.0.202011040924/tools/bin/../lib/gcc/arm-none-eabi/9.3.1/../../../../arm-none-eabi/lib/thumb/v7e-m+fp/hard/libc_nano.a(lib_a-findfp.o)
                0x0000000008005644                __sinit_lock_release
 .text.__sinit  0x0000000008005650       0x70 /Applications/STM32CubeIDE.app/Contents/Eclipse/plugins/com.st.stm32cube.ide.mcu.externaltools.gnu-tools-for-stm32.9-2020-q2-update.macos64_1.5.0.202011040924/tools/bin/../lib/gcc/arm-none-eabi/9.3.1/../../../../arm-none-eabi/lib/thumb/v7e-m+fp/hard/libc_nano.a(lib_a-findfp.o)
                0x0000000008005650                __sinit
 .text.__sfp    0x00000000080056c0       0x8c /Applications/STM32CubeIDE.app/Contents/Eclipse/plugins/com.st.stm32cube.ide.mcu.externaltools.gnu-tools-for-stm32.9-2020-q2-update.macos64_1.5.0.202011040924/tools/bin/../lib/gcc/arm-none-eabi/9.3.1/../../../../arm-none-eabi/lib/thumb/v7e-m+fp/hard/libc_nano.a(lib_a-findfp.o)
                0x00000000080056c0                __sfp
 .text._fwalk_reent
                0x000000000800574c       0x3e /Applications/STM32CubeIDE.app/Contents/Eclipse/plugins/com.st.stm32cube.ide.mcu.externaltools.gnu-tools-for-stm32.9-2020-q2-update.macos64_1.5.0.202011040924/tools/bin/../lib/gcc/arm-none-eabi/9.3.1/../../../../arm-none-eabi/lib/thumb/v7e-m+fp/hard/libc_nano.a(lib_a-fwalk.o)
                0x000000000800574c                _fwalk_reent
 .text.__retarget_lock_init_recursive
                0x000000000800578a        0x2 /Applications/STM32CubeIDE.app/Contents/Eclipse/plugins/com.st.stm32cube.ide.mcu.externaltools.gnu-tools-for-stm32.9-2020-q2-update.macos64_1.5.0.202011040924/tools/bin/../lib/gcc/arm-none-eabi/9.3.1/../../../../arm-none-eabi/lib/thumb/v7e-m+fp/hard/libc_nano.a(lib_a-lock.o)
                0x000000000800578a                __retarget_lock_init_recursive
 .text.__retarget_lock_acquire_recursive
                0x000000000800578c        0x2 /Applications/STM32CubeIDE.app/Contents/Eclipse/plugins/com.st.stm32cube.ide.mcu.externaltools.gnu-tools-for-stm32.9-2020-q2-update.macos64_1.5.0.202011040924/tools/bin/../lib/gcc/arm-none-eabi/9.3.1/../../../../arm-none-eabi/lib/thumb/v7e-m+fp/hard/libc_nano.a(lib_a-lock.o)
                0x000000000800578c                __retarget_lock_acquire_recursive
 .text.__retarget_lock_release_recursive
                0x000000000800578e        0x2 /Applications/STM32CubeIDE.app/Contents/Eclipse/plugins/com.st.stm32cube.ide.mcu.externaltools.gnu-tools-for-stm32.9-2020-q2-update.macos64_1.5.0.202011040924/tools/bin/../lib/gcc/arm-none-eabi/9.3.1/../../../../arm-none-eabi/lib/thumb/v7e-m+fp/hard/libc_nano.a(lib_a-lock.o)
                0x000000000800578e                __retarget_lock_release_recursive
 .text.__swhatbuf_r
                0x0000000008005790       0x48 /Applications/STM32CubeIDE.app/Contents/Eclipse/plugins/com.st.stm32cube.ide.mcu.externaltools.gnu-tools-for-stm32.9-2020-q2-update.macos64_1.5.0.202011040924/tools/bin/../lib/gcc/arm-none-eabi/9.3.1/../../../../arm-none-eabi/lib/thumb/v7e-m+fp/hard/libc_nano.a(lib_a-makebuf.o)
                0x0000000008005790                __swhatbuf_r
 .text.__smakebuf_r
                0x00000000080057d8       0x80 /Applications/STM32CubeIDE.app/Contents/Eclipse/plugins/com.st.stm32cube.ide.mcu.externaltools.gnu-tools-for-stm32.9-2020-q2-update.macos64_1.5.0.202011040924/tools/bin/../lib/gcc/arm-none-eabi/9.3.1/../../../../arm-none-eabi/lib/thumb/v7e-m+fp/hard/libc_nano.a(lib_a-makebuf.o)
                0x00000000080057d8                __smakebuf_r
 .text._free_r  0x0000000008005858       0xa0 /Applications/STM32CubeIDE.app/Contents/Eclipse/plugins/com.st.stm32cube.ide.mcu.externaltools.gnu-tools-for-stm32.9-2020-q2-update.macos64_1.5.0.202011040924/tools/bin/../lib/gcc/arm-none-eabi/9.3.1/../../../../arm-none-eabi/lib/thumb/v7e-m+fp/hard/libc_nano.a(lib_a-nano-freer.o)
                0x0000000008005858                _free_r
 .text._malloc_r
                0x00000000080058f8       0xb4 /Applications/STM32CubeIDE.app/Contents/Eclipse/plugins/com.st.stm32cube.ide.mcu.externaltools.gnu-tools-for-stm32.9-2020-q2-update.macos64_1.5.0.202011040924/tools/bin/../lib/gcc/arm-none-eabi/9.3.1/../../../../arm-none-eabi/lib/thumb/v7e-m+fp/hard/libc_nano.a(lib_a-nano-mallocr.o)
                0x00000000080058f8                _malloc_r
 .text.__ssputs_r
                0x00000000080059ac       0xb6 /Applications/STM32CubeIDE.app/Contents/Eclipse/plugins/com.st.stm32cube.ide.mcu.externaltools.gnu-tools-for-stm32.9-2020-q2-update.macos64_1.5.0.202011040924/tools/bin/../lib/gcc/arm-none-eabi/9.3.1/../../../../arm-none-eabi/lib/thumb/v7e-m+fp/hard/libc_nano.a(lib_a-nano-svfprintf.o)
                0x00000000080059ac                __ssputs_r
 *fill*         0x0000000008005a62        0x2 
 .text._svfprintf_r
                0x0000000008005a64      0x200 /Applications/STM32CubeIDE.app/Contents/Eclipse/plugins/com.st.stm32cube.ide.mcu.externaltools.gnu-tools-for-stm32.9-2020-q2-update.macos64_1.5.0.202011040924/tools/bin/../lib/gcc/arm-none-eabi/9.3.1/../../../../arm-none-eabi/lib/thumb/v7e-m+fp/hard/libc_nano.a(lib_a-nano-svfprintf.o)
                0x0000000008005a64                _svfprintf_r
                0x0000000008005a64                _svfiprintf_r
 .text.__sfputc_r
                0x0000000008005c64       0x2e /Applications/STM32CubeIDE.app/Contents/Eclipse/plugins/com.st.stm32cube.ide.mcu.externaltools.gnu-tools-for-stm32.9-2020-q2-update.macos64_1.5.0.202011040924/tools/bin/../lib/gcc/arm-none-eabi/9.3.1/../../../../arm-none-eabi/lib/thumb/v7e-m+fp/hard/libc_nano.a(lib_a-nano-vfprintf.o)
 .text.__sfputs_r
                0x0000000008005c92       0x24 /Applications/STM32CubeIDE.app/Contents/Eclipse/plugins/com.st.stm32cube.ide.mcu.externaltools.gnu-tools-for-stm32.9-2020-q2-update.macos64_1.5.0.202011040924/tools/bin/../lib/gcc/arm-none-eabi/9.3.1/../../../../arm-none-eabi/lib/thumb/v7e-m+fp/hard/libc_nano.a(lib_a-nano-vfprintf.o)
                0x0000000008005c92                __sfputs_r
 *fill*         0x0000000008005cb6        0x2 
 .text._vfprintf_r
                0x0000000008005cb8      0x260 /Applications/STM32CubeIDE.app/Contents/Eclipse/plugins/com.st.stm32cube.ide.mcu.externaltools.gnu-tools-for-stm32.9-2020-q2-update.macos64_1.5.0.202011040924/tools/bin/../lib/gcc/arm-none-eabi/9.3.1/../../../../arm-none-eabi/lib/thumb/v7e-m+fp/hard/libc_nano.a(lib_a-nano-vfprintf.o)
                0x0000000008005cb8                _vfiprintf_r
                0x0000000008005cb8                _vfprintf_r
 .text._printf_common
                0x0000000008005f18       0xda /Applications/STM32CubeIDE.app/Contents/Eclipse/plugins/com.st.stm32cube.ide.mcu.externaltools.gnu-tools-for-stm32.9-2020-q2-update.macos64_1.5.0.202011040924/tools/bin/../lib/gcc/arm-none-eabi/9.3.1/../../../../arm-none-eabi/lib/thumb/v7e-m+fp/hard/libc_nano.a(lib_a-nano-vfprintf_i.o)
                0x0000000008005f18                _printf_common
 *fill*         0x0000000008005ff2        0x2 
 .text._printf_i
                0x0000000008005ff4      0x24c /Applications/STM32CubeIDE.app/Contents/Eclipse/plugins/com.st.stm32cube.ide.mcu.externaltools.gnu-tools-for-stm32.9-2020-q2-update.macos64_1.5.0.202011040924/tools/bin/../lib/gcc/arm-none-eabi/9.3.1/../../../../arm-none-eabi/lib/thumb/v7e-m+fp/hard/libc_nano.a(lib_a-nano-vfprintf_i.o)
                0x0000000008005ff4                _printf_i
 .text._sbrk_r  0x0000000008006240       0x20 /Applications/STM32CubeIDE.app/Contents/Eclipse/plugins/com.st.stm32cube.ide.mcu.externaltools.gnu-tools-for-stm32.9-2020-q2-update.macos64_1.5.0.202011040924/tools/bin/../lib/gcc/arm-none-eabi/9.3.1/../../../../arm-none-eabi/lib/thumb/v7e-m+fp/hard/libc_nano.a(lib_a-sbrkr.o)
                0x0000000008006240                _sbrk_r
 .text.__sread  0x0000000008006260       0x22 /Applications/STM32CubeIDE.app/Contents/Eclipse/plugins/com.st.stm32cube.ide.mcu.externaltools.gnu-tools-for-stm32.9-2020-q2-update.macos64_1.5.0.202011040924/tools/bin/../lib/gcc/arm-none-eabi/9.3.1/../../../../arm-none-eabi/lib/thumb/v7e-m+fp/hard/libc_nano.a(lib_a-stdio.o)
                0x0000000008006260                __sread
 .text.__swrite
                0x0000000008006282       0x38 /Applications/STM32CubeIDE.app/Contents/Eclipse/plugins/com.st.stm32cube.ide.mcu.externaltools.gnu-tools-for-stm32.9-2020-q2-update.macos64_1.5.0.202011040924/tools/bin/../lib/gcc/arm-none-eabi/9.3.1/../../../../arm-none-eabi/lib/thumb/v7e-m+fp/hard/libc_nano.a(lib_a-stdio.o)
                0x0000000008006282                __swrite
 .text.__sseek  0x00000000080062ba       0x24 /Applications/STM32CubeIDE.app/Contents/Eclipse/plugins/com.st.stm32cube.ide.mcu.externaltools.gnu-tools-for-stm32.9-2020-q2-update.macos64_1.5.0.202011040924/tools/bin/../lib/gcc/arm-none-eabi/9.3.1/../../../../arm-none-eabi/lib/thumb/v7e-m+fp/hard/libc_nano.a(lib_a-stdio.o)
                0x00000000080062ba                __sseek
 .text.__sclose
                0x00000000080062de        0x8 /Applications/STM32CubeIDE.app/Contents/Eclipse/plugins/com.st.stm32cube.ide.mcu.externaltools.gnu-tools-for-stm32.9-2020-q2-update.macos64_1.5.0.202011040924/tools/bin/../lib/gcc/arm-none-eabi/9.3.1/../../../../arm-none-eabi/lib/thumb/v7e-m+fp/hard/libc_nano.a(lib_a-stdio.o)
                0x00000000080062de                __sclose
 *fill*         0x00000000080062e6        0x2 
 .text._write_r
                0x00000000080062e8       0x24 /Applications/STM32CubeIDE.app/Contents/Eclipse/plugins/com.st.stm32cube.ide.mcu.externaltools.gnu-tools-for-stm32.9-2020-q2-update.macos64_1.5.0.202011040924/tools/bin/../lib/gcc/arm-none-eabi/9.3.1/../../../../arm-none-eabi/lib/thumb/v7e-m+fp/hard/libc_nano.a(lib_a-writer.o)
                0x00000000080062e8                _write_r
 .text._close_r
                0x000000000800630c       0x20 /Applications/STM32CubeIDE.app/Contents/Eclipse/plugins/com.st.stm32cube.ide.mcu.externaltools.gnu-tools-for-stm32.9-2020-q2-update.macos64_1.5.0.202011040924/tools/bin/../lib/gcc/arm-none-eabi/9.3.1/../../../../arm-none-eabi/lib/thumb/v7e-m+fp/hard/libc_nano.a(lib_a-closer.o)
                0x000000000800630c                _close_r
 .text._fstat_r
                0x000000000800632c       0x24 /Applications/STM32CubeIDE.app/Contents/Eclipse/plugins/com.st.stm32cube.ide.mcu.externaltools.gnu-tools-for-stm32.9-2020-q2-update.macos64_1.5.0.202011040924/tools/bin/../lib/gcc/arm-none-eabi/9.3.1/../../../../arm-none-eabi/lib/thumb/v7e-m+fp/hard/libc_nano.a(lib_a-fstatr.o)
                0x000000000800632c                _fstat_r
 .text._isatty_r
                0x0000000008006350       0x20 /Applications/STM32CubeIDE.app/Contents/Eclipse/plugins/com.st.stm32cube.ide.mcu.externaltools.gnu-tools-for-stm32.9-2020-q2-update.macos64_1.5.0.202011040924/tools/bin/../lib/gcc/arm-none-eabi/9.3.1/../../../../arm-none-eabi/lib/thumb/v7e-m+fp/hard/libc_nano.a(lib_a-isattyr.o)
                0x0000000008006350                _isatty_r
 .text._lseek_r
                0x0000000008006370       0x24 /Applications/STM32CubeIDE.app/Contents/Eclipse/plugins/com.st.stm32cube.ide.mcu.externaltools.gnu-tools-for-stm32.9-2020-q2-update.macos64_1.5.0.202011040924/tools/bin/../lib/gcc/arm-none-eabi/9.3.1/../../../../arm-none-eabi/lib/thumb/v7e-m+fp/hard/libc_nano.a(lib_a-lseekr.o)
                0x0000000008006370                _lseek_r
 .text.memmove  0x0000000008006394       0x34 /Applications/STM32CubeIDE.app/Contents/Eclipse/plugins/com.st.stm32cube.ide.mcu.externaltools.gnu-tools-for-stm32.9-2020-q2-update.macos64_1.5.0.202011040924/tools/bin/../lib/gcc/arm-none-eabi/9.3.1/../../../../arm-none-eabi/lib/thumb/v7e-m+fp/hard/libc_nano.a(lib_a-memmove.o)
                0x0000000008006394                memmove
 .text.__malloc_lock
                0x00000000080063c8        0xc /Applications/STM32CubeIDE.app/Contents/Eclipse/plugins/com.st.stm32cube.ide.mcu.externaltools.gnu-tools-for-stm32.9-2020-q2-update.macos64_1.5.0.202011040924/tools/bin/../lib/gcc/arm-none-eabi/9.3.1/../../../../arm-none-eabi/lib/thumb/v7e-m+fp/hard/libc_nano.a(lib_a-mlock.o)
                0x00000000080063c8                __malloc_lock
 .text.__malloc_unlock
                0x00000000080063d4        0xc /Applications/STM32CubeIDE.app/Contents/Eclipse/plugins/com.st.stm32cube.ide.mcu.externaltools.gnu-tools-for-stm32.9-2020-q2-update.macos64_1.5.0.202011040924/tools/bin/../lib/gcc/arm-none-eabi/9.3.1/../../../../arm-none-eabi/lib/thumb/v7e-m+fp/hard/libc_nano.a(lib_a-mlock.o)
                0x00000000080063d4                __malloc_unlock
 .text._realloc_r
                0x00000000080063e0       0x4c /Applications/STM32CubeIDE.app/Contents/Eclipse/plugins/com.st.stm32cube.ide.mcu.externaltools.gnu-tools-for-stm32.9-2020-q2-update.macos64_1.5.0.202011040924/tools/bin/../lib/gcc/arm-none-eabi/9.3.1/../../../../arm-none-eabi/lib/thumb/v7e-m+fp/hard/libc_nano.a(lib_a-nano-reallocr.o)
                0x00000000080063e0                _realloc_r
 .text._read_r  0x000000000800642c       0x24 /Applications/STM32CubeIDE.app/Contents/Eclipse/plugins/com.st.stm32cube.ide.mcu.externaltools.gnu-tools-for-stm32.9-2020-q2-update.macos64_1.5.0.202011040924/tools/bin/../lib/gcc/arm-none-eabi/9.3.1/../../../../arm-none-eabi/lib/thumb/v7e-m+fp/hard/libc_nano.a(lib_a-readr.o)
                0x000000000800642c                _read_r
 .text._malloc_usable_size_r
                0x0000000008006450       0x10 /Applications/STM32CubeIDE.app/Contents/Eclipse/plugins/com.st.stm32cube.ide.mcu.externaltools.gnu-tools-for-stm32.9-2020-q2-update.macos64_1.5.0.202011040924/tools/bin/../lib/gcc/arm-none-eabi/9.3.1/../../../../arm-none-eabi/lib/thumb/v7e-m+fp/hard/libc_nano.a(lib_a-nano-msizer.o)
                0x0000000008006450                _malloc_usable_size_r
 .text.log      0x0000000008006460       0x90 /Applications/STM32CubeIDE.app/Contents/Eclipse/plugins/com.st.stm32cube.ide.mcu.externaltools.gnu-tools-for-stm32.9-2020-q2-update.macos64_1.5.0.202011040924/tools/bin/../lib/gcc/arm-none-eabi/9.3.1/../../../../arm-none-eabi/lib/thumb/v7e-m+fp/hard/libm.a(lib_a-w_log.o)
                0x0000000008006460                log
 .text.__ieee754_log
                0x00000000080064f0      0x374 /Applications/STM32CubeIDE.app/Contents/Eclipse/plugins/com.st.stm32cube.ide.mcu.externaltools.gnu-tools-for-stm32.9-2020-q2-update.macos64_1.5.0.202011040924/tools/bin/../lib/gcc/arm-none-eabi/9.3.1/../../../../arm-none-eabi/lib/thumb/v7e-m+fp/hard/libm.a(lib_a-e_log.o)
                0x00000000080064f0                __ieee754_log
 *fill*         0x0000000008006864        0x4 
 .text.nan      0x0000000008006868       0x10 /Applications/STM32CubeIDE.app/Contents/Eclipse/plugins/com.st.stm32cube.ide.mcu.externaltools.gnu-tools-for-stm32.9-2020-q2-update.macos64_1.5.0.202011040924/tools/bin/../lib/gcc/arm-none-eabi/9.3.1/../../../../arm-none-eabi/lib/thumb/v7e-m+fp/hard/libm.a(lib_a-s_nan.o)
                0x0000000008006868                nan
 *(.glue_7)
 .glue_7        0x0000000008006878        0x0 linker stubs
 *(.glue_7t)
 .glue_7t       0x0000000008006878        0x0 linker stubs
 *(.eh_frame)
 .eh_frame      0x0000000008006878        0x0 /Applications/STM32CubeIDE.app/Contents/Eclipse/plugins/com.st.stm32cube.ide.mcu.externaltools.gnu-tools-for-stm32.9-2020-q2-update.macos64_1.5.0.202011040924/tools/bin/../lib/gcc/arm-none-eabi/9.3.1/thumb/v7e-m+fp/hard/crtbegin.o
 *(.init)
 .init          0x0000000008006878        0x4 /Applications/STM32CubeIDE.app/Contents/Eclipse/plugins/com.st.stm32cube.ide.mcu.externaltools.gnu-tools-for-stm32.9-2020-q2-update.macos64_1.5.0.202011040924/tools/bin/../lib/gcc/arm-none-eabi/9.3.1/thumb/v7e-m+fp/hard/crti.o
                0x0000000008006878                _init
 .init          0x000000000800687c        0x8 /Applications/STM32CubeIDE.app/Contents/Eclipse/plugins/com.st.stm32cube.ide.mcu.externaltools.gnu-tools-for-stm32.9-2020-q2-update.macos64_1.5.0.202011040924/tools/bin/../lib/gcc/arm-none-eabi/9.3.1/thumb/v7e-m+fp/hard/crtn.o
 *(.fini)
 .fini          0x0000000008006884        0x4 /Applications/STM32CubeIDE.app/Contents/Eclipse/plugins/com.st.stm32cube.ide.mcu.externaltools.gnu-tools-for-stm32.9-2020-q2-update.macos64_1.5.0.202011040924/tools/bin/../lib/gcc/arm-none-eabi/9.3.1/thumb/v7e-m+fp/hard/crti.o
                0x0000000008006884                _fini
 .fini          0x0000000008006888        0x8 /Applications/STM32CubeIDE.app/Contents/Eclipse/plugins/com.st.stm32cube.ide.mcu.externaltools.gnu-tools-for-stm32.9-2020-q2-update.macos64_1.5.0.202011040924/tools/bin/../lib/gcc/arm-none-eabi/9.3.1/thumb/v7e-m+fp/hard/crtn.o
                0x0000000008006890                . = ALIGN (0x4)
                0x0000000008006890                _etext = .

.vfp11_veneer   0x0000000008006890        0x0
 .vfp11_veneer  0x0000000008006890        0x0 linker stubs

.v4_bx          0x0000000008006890        0x0
 .v4_bx         0x0000000008006890        0x0 linker stubs

.iplt           0x0000000008006890        0x0
 .iplt          0x0000000008006890        0x0 /Applications/STM32CubeIDE.app/Contents/Eclipse/plugins/com.st.stm32cube.ide.mcu.externaltools.gnu-tools-for-stm32.9-2020-q2-update.macos64_1.5.0.202011040924/tools/bin/../lib/gcc/arm-none-eabi/9.3.1/thumb/v7e-m+fp/hard/crtbegin.o

.rodata         0x0000000008006890      0x4f8
                0x0000000008006890                . = ALIGN (0x4)
 *(.rodata)
 *(.rodata*)
 .rodata.startDisplayTask.str1.1
                0x0000000008006890       0x1f Core/Src/main.o
 .rodata.ESP8266_get_time.str1.1
                0x00000000080068af       0x90 Core/Src/main.o
 .rodata.ESP8266_Boot.str1.1
                0x000000000800693f       0x49 Core/Src/main.o
 .rodata.OrionContextBroker_update.str1.1
                0x0000000008006988      0x147 Core/Src/main.o
                                        0x14a (size before relaxing)
 .rodata.OrionContextBroker_query.str1.1
                0x0000000008006acf       0xae Core/Src/main.o
 .rodata.startNetworkComTask.str1.1
                0x0000000008006b7d       0x2f Core/Src/main.o
 .rodata.str1.1
                0x0000000008006bac       0x51 Core/Src/main.o
 *fill*         0x0000000008006bfd        0x3 
 .rodata.displayTask_attributes
                0x0000000008006c00       0x24 Core/Src/main.o
                0x0000000008006c00                displayTask_attributes
 .rodata.modeMutex_attributes
                0x0000000008006c24       0x10 Core/Src/main.o
                0x0000000008006c24                modeMutex_attributes
 .rodata.networkComTask_attributes
                0x0000000008006c34       0x24 Core/Src/main.o
                0x0000000008006c34                networkComTask_attributes
 .rodata.temperatureMutex_attributes
                0x0000000008006c58       0x10 Core/Src/main.o
                0x0000000008006c58                temperatureMutex_attributes
 .rodata.temperatureTask_attributes
                0x0000000008006c68       0x24 Core/Src/main.o
                0x0000000008006c68                temperatureTask_attributes
 .rodata.timerMutex_attributes
                0x0000000008006c8c       0x10 Core/Src/main.o
                0x0000000008006c8c                timerMutex_attributes
 .rodata.EXTI4_IRQHandler.str1.1
                0x0000000008006c9c       0x11 Core/Src/stm32f4xx_it.o
 .rodata.EXTI9_5_IRQHandler.str1.1
                0x0000000008006cad       0x11 Core/Src/stm32f4xx_it.o
 .rodata.AHBPrescTable
                0x0000000008006cbe       0x10 Core/Src/system_stm32f4xx.o
                0x0000000008006cbe                AHBPrescTable
 .rodata.APBPrescTable
                0x0000000008006cce        0x8 Core/Src/system_stm32f4xx.o
                0x0000000008006cce                APBPrescTable
 .rodata.flagBitshiftOffset.8601
                0x0000000008006cd6        0x8 Drivers/STM32F4xx_HAL_Driver/stm32f4xx_hal_dma.o
 .rodata.vTaskStartScheduler.str1.1
                0x0000000008006cde        0x5 Middlewares/FreeRTOS/tasks.o
 .rodata.prvCheckForValidListAndQueue.str1.1
                0x0000000008006ce3        0x5 Middlewares/FreeRTOS/timers.o
 .rodata.xTimerCreateTimerTask.str1.1
                0x0000000008006ce8        0x8 Middlewares/FreeRTOS/timers.o
 .rodata._global_impure_ptr
                0x0000000008006cf0        0x4 /Applications/STM32CubeIDE.app/Contents/Eclipse/plugins/com.st.stm32cube.ide.mcu.externaltools.gnu-tools-for-stm32.9-2020-q2-update.macos64_1.5.0.202011040924/tools/bin/../lib/gcc/arm-none-eabi/9.3.1/../../../../arm-none-eabi/lib/thumb/v7e-m+fp/hard/libc_nano.a(lib_a-impure.o)
                0x0000000008006cf0                _global_impure_ptr
 .rodata.__sf_fake_stderr
                0x0000000008006cf4       0x20 /Applications/STM32CubeIDE.app/Contents/Eclipse/plugins/com.st.stm32cube.ide.mcu.externaltools.gnu-tools-for-stm32.9-2020-q2-update.macos64_1.5.0.202011040924/tools/bin/../lib/gcc/arm-none-eabi/9.3.1/../../../../arm-none-eabi/lib/thumb/v7e-m+fp/hard/libc_nano.a(lib_a-findfp.o)
                0x0000000008006cf4                __sf_fake_stderr
 .rodata.__sf_fake_stdin
                0x0000000008006d14       0x20 /Applications/STM32CubeIDE.app/Contents/Eclipse/plugins/com.st.stm32cube.ide.mcu.externaltools.gnu-tools-for-stm32.9-2020-q2-update.macos64_1.5.0.202011040924/tools/bin/../lib/gcc/arm-none-eabi/9.3.1/../../../../arm-none-eabi/lib/thumb/v7e-m+fp/hard/libc_nano.a(lib_a-findfp.o)
                0x0000000008006d14                __sf_fake_stdin
 .rodata.__sf_fake_stdout
                0x0000000008006d34       0x20 /Applications/STM32CubeIDE.app/Contents/Eclipse/plugins/com.st.stm32cube.ide.mcu.externaltools.gnu-tools-for-stm32.9-2020-q2-update.macos64_1.5.0.202011040924/tools/bin/../lib/gcc/arm-none-eabi/9.3.1/../../../../arm-none-eabi/lib/thumb/v7e-m+fp/hard/libc_nano.a(lib_a-findfp.o)
                0x0000000008006d34                __sf_fake_stdout
 .rodata._svfprintf_r.str1.1
                0x0000000008006d54       0x11 /Applications/STM32CubeIDE.app/Contents/Eclipse/plugins/com.st.stm32cube.ide.mcu.externaltools.gnu-tools-for-stm32.9-2020-q2-update.macos64_1.5.0.202011040924/tools/bin/../lib/gcc/arm-none-eabi/9.3.1/../../../../arm-none-eabi/lib/thumb/v7e-m+fp/hard/libc_nano.a(lib_a-nano-svfprintf.o)
 .rodata._vfprintf_r.str1.1
                0x0000000008006d65       0x11 /Applications/STM32CubeIDE.app/Contents/Eclipse/plugins/com.st.stm32cube.ide.mcu.externaltools.gnu-tools-for-stm32.9-2020-q2-update.macos64_1.5.0.202011040924/tools/bin/../lib/gcc/arm-none-eabi/9.3.1/../../../../arm-none-eabi/lib/thumb/v7e-m+fp/hard/libc_nano.a(lib_a-nano-vfprintf.o)
 .rodata._printf_i.str1.1
                0x0000000008006d65       0x22 /Applications/STM32CubeIDE.app/Contents/Eclipse/plugins/com.st.stm32cube.ide.mcu.externaltools.gnu-tools-for-stm32.9-2020-q2-update.macos64_1.5.0.202011040924/tools/bin/../lib/gcc/arm-none-eabi/9.3.1/../../../../arm-none-eabi/lib/thumb/v7e-m+fp/hard/libc_nano.a(lib_a-nano-vfprintf_i.o)
 .rodata.log.str1.1
                0x0000000008006d87       0x22 /Applications/STM32CubeIDE.app/Contents/Eclipse/plugins/com.st.stm32cube.ide.mcu.externaltools.gnu-tools-for-stm32.9-2020-q2-update.macos64_1.5.0.202011040924/tools/bin/../lib/gcc/arm-none-eabi/9.3.1/../../../../arm-none-eabi/lib/thumb/v7e-m+fp/hard/libm.a(lib_a-w_log.o)
                                          0x1 (size before relaxing)
                0x0000000008006dac                . = ALIGN (0x4)
 *fill*         0x0000000008006d87        0x1 

.ARM.extab      0x0000000008006d88        0x0
                0x0000000008006d88                . = ALIGN (0x4)
 *(.ARM.extab* .gnu.linkonce.armextab.*)
                0x0000000008006d88                . = ALIGN (0x4)

.ARM            0x0000000008006d88        0x8
                0x0000000008006d88                . = ALIGN (0x4)
                0x0000000008006d88                __exidx_start = .
 *(.ARM.exidx*)
 .ARM.exidx     0x0000000008006d88        0x8 /Applications/STM32CubeIDE.app/Contents/Eclipse/plugins/com.st.stm32cube.ide.mcu.externaltools.gnu-tools-for-stm32.9-2020-q2-update.macos64_1.5.0.202011040924/tools/bin/../lib/gcc/arm-none-eabi/9.3.1/thumb/v7e-m+fp/hard/libgcc.a(_udivmoddi4.o)
                0x0000000008006d90                __exidx_end = .
                0x0000000008006d90                . = ALIGN (0x4)

.rel.dyn        0x0000000008006d90        0x0
 .rel.iplt      0x0000000008006d90        0x0 /Applications/STM32CubeIDE.app/Contents/Eclipse/plugins/com.st.stm32cube.ide.mcu.externaltools.gnu-tools-for-stm32.9-2020-q2-update.macos64_1.5.0.202011040924/tools/bin/../lib/gcc/arm-none-eabi/9.3.1/thumb/v7e-m+fp/hard/crtbegin.o

.preinit_array  0x0000000008006d90        0x0
                0x0000000008006d90                . = ALIGN (0x4)
                0x0000000008006d90                PROVIDE (__preinit_array_start = .)
 *(.preinit_array*)
                0x0000000008006d90                PROVIDE (__preinit_array_end = .)
                0x0000000008006d90                . = ALIGN (0x4)

.init_array     0x0000000008006d90        0x4
                0x0000000008006d90                . = ALIGN (0x4)
                0x0000000008006d90                PROVIDE (__init_array_start = .)
 *(SORT_BY_NAME(.init_array.*))
 *(.init_array*)
 .init_array    0x0000000008006d90        0x4 /Applications/STM32CubeIDE.app/Contents/Eclipse/plugins/com.st.stm32cube.ide.mcu.externaltools.gnu-tools-for-stm32.9-2020-q2-update.macos64_1.5.0.202011040924/tools/bin/../lib/gcc/arm-none-eabi/9.3.1/thumb/v7e-m+fp/hard/crtbegin.o
                0x0000000008006d94                PROVIDE (__init_array_end = .)
                0x0000000008006d94                . = ALIGN (0x4)

.fini_array     0x0000000008006d94        0x4
                0x0000000008006d94                . = ALIGN (0x4)
                [!provide]                        PROVIDE (__fini_array_start = .)
 *(SORT_BY_NAME(.fini_array.*))
 *(.fini_array*)
 .fini_array    0x0000000008006d94        0x4 /Applications/STM32CubeIDE.app/Contents/Eclipse/plugins/com.st.stm32cube.ide.mcu.externaltools.gnu-tools-for-stm32.9-2020-q2-update.macos64_1.5.0.202011040924/tools/bin/../lib/gcc/arm-none-eabi/9.3.1/thumb/v7e-m+fp/hard/crtbegin.o
                [!provide]                        PROVIDE (__fini_array_end = .)
                0x0000000008006d98                . = ALIGN (0x4)
                0x0000000008006d98                _sidata = LOADADDR (.data)

.data           0x0000000020000000       0x78 load address 0x0000000008006d98
                0x0000000020000000                . = ALIGN (0x4)
                0x0000000020000000                _sdata = .
 *(.data)
 *(.data*)
 .data.SystemCoreClock
                0x0000000020000000        0x4 Core/Src/system_stm32f4xx.o
                0x0000000020000000                SystemCoreClock
 .data.uwTickFreq
                0x0000000020000004        0x1 Drivers/STM32F4xx_HAL_Driver/stm32f4xx_hal.o
                0x0000000020000004                uwTickFreq
 *fill*         0x0000000020000005        0x3 
 .data.uwTickPrio
                0x0000000020000008        0x4 Drivers/STM32F4xx_HAL_Driver/stm32f4xx_hal.o
                0x0000000020000008                uwTickPrio
 .data.uxCriticalNesting
                0x000000002000000c        0x4 Middlewares/FreeRTOS/port.o
 .data._impure_ptr
                0x0000000020000010        0x4 /Applications/STM32CubeIDE.app/Contents/Eclipse/plugins/com.st.stm32cube.ide.mcu.externaltools.gnu-tools-for-stm32.9-2020-q2-update.macos64_1.5.0.202011040924/tools/bin/../lib/gcc/arm-none-eabi/9.3.1/../../../../arm-none-eabi/lib/thumb/v7e-m+fp/hard/libc_nano.a(lib_a-impure.o)
                0x0000000020000010                _impure_ptr
 .data.impure_data
                0x0000000020000014       0x60 /Applications/STM32CubeIDE.app/Contents/Eclipse/plugins/com.st.stm32cube.ide.mcu.externaltools.gnu-tools-for-stm32.9-2020-q2-update.macos64_1.5.0.202011040924/tools/bin/../lib/gcc/arm-none-eabi/9.3.1/../../../../arm-none-eabi/lib/thumb/v7e-m+fp/hard/libc_nano.a(lib_a-impure.o)
 .data.__fdlib_version
                0x0000000020000074        0x1 /Applications/STM32CubeIDE.app/Contents/Eclipse/plugins/com.st.stm32cube.ide.mcu.externaltools.gnu-tools-for-stm32.9-2020-q2-update.macos64_1.5.0.202011040924/tools/bin/../lib/gcc/arm-none-eabi/9.3.1/../../../../arm-none-eabi/lib/thumb/v7e-m+fp/hard/libm.a(lib_a-s_lib_ver.o)
                0x0000000020000074                __fdlib_version
 *(.RamFunc)
 *(.RamFunc*)
                0x0000000020000078                . = ALIGN (0x4)
 *fill*         0x0000000020000075        0x3 
                0x0000000020000078                _edata = .

.igot.plt       0x0000000020000078        0x0 load address 0x0000000008006e10
 .igot.plt      0x0000000020000078        0x0 /Applications/STM32CubeIDE.app/Contents/Eclipse/plugins/com.st.stm32cube.ide.mcu.externaltools.gnu-tools-for-stm32.9-2020-q2-update.macos64_1.5.0.202011040924/tools/bin/../lib/gcc/arm-none-eabi/9.3.1/thumb/v7e-m+fp/hard/crtbegin.o
                0x0000000020000078                . = ALIGN (0x4)

.bss            0x0000000020000078     0xc13c load address 0x0000000008006e10
                0x0000000020000078                _sbss = .
                0x0000000020000078                __bss_start__ = _sbss
 *(.bss)
 .bss           0x0000000020000078       0x1c /Applications/STM32CubeIDE.app/Contents/Eclipse/plugins/com.st.stm32cube.ide.mcu.externaltools.gnu-tools-for-stm32.9-2020-q2-update.macos64_1.5.0.202011040924/tools/bin/../lib/gcc/arm-none-eabi/9.3.1/thumb/v7e-m+fp/hard/crtbegin.o
 *(.bss*)
 .bss.global_temperature_buffer
                0x0000000020000094        0x4 Core/Src/main.o
                0x0000000020000094                global_temperature_buffer
 .bss.light_list
                0x0000000020000098       0x10 Core/Src/main.o
                0x0000000020000098                light_list
 .bss.__sbrk_heap_end
                0x00000000200000a8        0x4 Core/Src/sysmem.o
 .bss.Idle_Stack.10400
                0x00000000200000ac      0x200 Middlewares/FreeRTOS/cmsis_os2.o
 .bss.Idle_TCB.10399
                0x00000000200002ac       0x5c Middlewares/FreeRTOS/cmsis_os2.o
 .bss.KernelState
                0x0000000020000308        0x4 Middlewares/FreeRTOS/cmsis_os2.o
 .bss.Timer_Stack.10407
                0x000000002000030c      0x400 Middlewares/FreeRTOS/cmsis_os2.o
 .bss.Timer_TCB.10406
                0x000000002000070c       0x5c Middlewares/FreeRTOS/cmsis_os2.o
 .bss.pxEnd     0x0000000020000768        0x4 Middlewares/FreeRTOS/heap_4.o
 .bss.ucHeap    0x000000002000076c     0x9c40 Middlewares/FreeRTOS/heap_4.o
 .bss.xBlockAllocatedBit
                0x000000002000a3ac        0x4 Middlewares/FreeRTOS/heap_4.o
 .bss.xFreeBytesRemaining
                0x000000002000a3b0        0x4 Middlewares/FreeRTOS/heap_4.o
 .bss.xMinimumEverFreeBytesRemaining
                0x000000002000a3b4        0x4 Middlewares/FreeRTOS/heap_4.o
 .bss.xNumberOfSuccessfulAllocations
                0x000000002000a3b8        0x4 Middlewares/FreeRTOS/heap_4.o
 .bss.xNumberOfSuccessfulFrees
                0x000000002000a3bc        0x4 Middlewares/FreeRTOS/heap_4.o
 .bss.xStart    0x000000002000a3c0        0x8 Middlewares/FreeRTOS/heap_4.o
 .bss.ucMaxSysCallPriority
                0x000000002000a3c8        0x1 Middlewares/FreeRTOS/port.o
 *fill*         0x000000002000a3c9        0x3 
 .bss.ulMaxPRIGROUPValue
                0x000000002000a3cc        0x4 Middlewares/FreeRTOS/port.o
 .bss.pxCurrentTCB
                0x000000002000a3d0        0x4 Middlewares/FreeRTOS/tasks.o
                0x000000002000a3d0                pxCurrentTCB
 .bss.pxDelayedTaskList
                0x000000002000a3d4        0x4 Middlewares/FreeRTOS/tasks.o
 .bss.pxOverflowDelayedTaskList
                0x000000002000a3d8        0x4 Middlewares/FreeRTOS/tasks.o
 .bss.pxReadyTasksLists
                0x000000002000a3dc      0x460 Middlewares/FreeRTOS/tasks.o
 .bss.uxCurrentNumberOfTasks
                0x000000002000a83c        0x4 Middlewares/FreeRTOS/tasks.o
 .bss.uxDeletedTasksWaitingCleanUp
                0x000000002000a840        0x4 Middlewares/FreeRTOS/tasks.o
 .bss.uxSchedulerSuspended
                0x000000002000a844        0x4 Middlewares/FreeRTOS/tasks.o
 .bss.uxTaskNumber
                0x000000002000a848        0x4 Middlewares/FreeRTOS/tasks.o
 .bss.uxTopReadyPriority
                0x000000002000a84c        0x4 Middlewares/FreeRTOS/tasks.o
 .bss.xDelayedTaskList1
                0x000000002000a850       0x14 Middlewares/FreeRTOS/tasks.o
 .bss.xDelayedTaskList2
                0x000000002000a864       0x14 Middlewares/FreeRTOS/tasks.o
 .bss.xNextTaskUnblockTime
                0x000000002000a878        0x4 Middlewares/FreeRTOS/tasks.o
 .bss.xNumOfOverflows
                0x000000002000a87c        0x4 Middlewares/FreeRTOS/tasks.o
 .bss.xPendedTicks
                0x000000002000a880        0x4 Middlewares/FreeRTOS/tasks.o
 .bss.xPendingReadyList
                0x000000002000a884       0x14 Middlewares/FreeRTOS/tasks.o
 .bss.xSchedulerRunning
                0x000000002000a898        0x4 Middlewares/FreeRTOS/tasks.o
 .bss.xSuspendedTaskList
                0x000000002000a89c       0x14 Middlewares/FreeRTOS/tasks.o
 .bss.xTasksWaitingTermination
                0x000000002000a8b0       0x14 Middlewares/FreeRTOS/tasks.o
 .bss.xTickCount
                0x000000002000a8c4        0x4 Middlewares/FreeRTOS/tasks.o
 .bss.xYieldPending
                0x000000002000a8c8        0x4 Middlewares/FreeRTOS/tasks.o
 .bss.pxCurrentTimerList
                0x000000002000a8cc        0x4 Middlewares/FreeRTOS/timers.o
 .bss.pxOverflowTimerList
                0x000000002000a8d0        0x4 Middlewares/FreeRTOS/timers.o
 .bss.ucStaticTimerQueueStorage.6976
                0x000000002000a8d4       0xa0 Middlewares/FreeRTOS/timers.o
 .bss.xActiveTimerList1
                0x000000002000a974       0x14 Middlewares/FreeRTOS/timers.o
 .bss.xActiveTimerList2
                0x000000002000a988       0x14 Middlewares/FreeRTOS/timers.o
 .bss.xLastTime.6925
                0x000000002000a99c        0x4 Middlewares/FreeRTOS/timers.o
 .bss.xStaticTimerQueue.6975
                0x000000002000a9a0       0x50 Middlewares/FreeRTOS/timers.o
 .bss.xTimerQueue
                0x000000002000a9f0        0x4 Middlewares/FreeRTOS/timers.o
 .bss.xTimerTaskHandle
                0x000000002000a9f4        0x4 Middlewares/FreeRTOS/timers.o
 .bss.__malloc_free_list
                0x000000002000a9f8        0x4 /Applications/STM32CubeIDE.app/Contents/Eclipse/plugins/com.st.stm32cube.ide.mcu.externaltools.gnu-tools-for-stm32.9-2020-q2-update.macos64_1.5.0.202011040924/tools/bin/../lib/gcc/arm-none-eabi/9.3.1/../../../../arm-none-eabi/lib/thumb/v7e-m+fp/hard/libc_nano.a(lib_a-nano-mallocr.o)
                0x000000002000a9f8                __malloc_free_list
 .bss.__malloc_sbrk_start
                0x000000002000a9fc        0x4 /Applications/STM32CubeIDE.app/Contents/Eclipse/plugins/com.st.stm32cube.ide.mcu.externaltools.gnu-tools-for-stm32.9-2020-q2-update.macos64_1.5.0.202011040924/tools/bin/../lib/gcc/arm-none-eabi/9.3.1/../../../../arm-none-eabi/lib/thumb/v7e-m+fp/hard/libc_nano.a(lib_a-nano-mallocr.o)
                0x000000002000a9fc                __malloc_sbrk_start
 *(COMMON)
 COMMON         0x000000002000aa00     0x1718 Core/Src/main.o
                0x000000002000aa00                buff_recv
                0x000000002000b200                displayTaskHandle
                0x000000002000b204                modeMutexHandle
                0x000000002000b208                buff_sprintf100
                0x000000002000b26c                temperatureMutexHandle
                0x000000002000b270                buff_sprintf_body
                0x000000002000b370                buff_response1
                0x000000002000bb70                hadc1
                0x000000002000bbb8                hdma_usart1_rx
                0x000000002000bc18                timerMutexHandle
                0x000000002000bc1c                huart1
                0x000000002000bc60                networkComTaskHandle
                0x000000002000bc64                temperatureTaskHandle
                0x000000002000bc68                buff_sprintf100_1
                0x000000002000bccc                global_time_buffer
                0x000000002000bcd4                huart2
                0x000000002000bd18                buff_sprintf1024
 COMMON         0x000000002000c118       0x48 Core/Src/stm32f4xx_hal_timebase_tim.o
                0x000000002000c118                htim1
 COMMON         0x000000002000c160        0x4 Drivers/STM32F4xx_HAL_Driver/stm32f4xx_hal.o
                0x000000002000c160                uwTick
 COMMON         0x000000002000c164       0x40 Middlewares/FreeRTOS/queue.o
                0x000000002000c164                xQueueRegistry
 COMMON         0x000000002000c1a4        0x9 /Applications/STM32CubeIDE.app/Contents/Eclipse/plugins/com.st.stm32cube.ide.mcu.externaltools.gnu-tools-for-stm32.9-2020-q2-update.macos64_1.5.0.202011040924/tools/bin/../lib/gcc/arm-none-eabi/9.3.1/../../../../arm-none-eabi/lib/thumb/v7e-m+fp/hard/libc_nano.a(lib_a-lock.o)
                0x000000002000c1a4                __lock___atexit_recursive_mutex
                0x000000002000c1a5                __lock___arc4random_mutex
                0x000000002000c1a6                __lock___env_recursive_mutex
                0x000000002000c1a7                __lock___sinit_recursive_mutex
                0x000000002000c1a8                __lock___malloc_recursive_mutex
                0x000000002000c1a9                __lock___at_quick_exit_mutex
                0x000000002000c1aa                __lock___dd_hash_mutex
                0x000000002000c1ab                __lock___tz_mutex
                0x000000002000c1ac                __lock___sfp_recursive_mutex
 *fill*         0x000000002000c1ad        0x3 
 COMMON         0x000000002000c1b0        0x4 /Applications/STM32CubeIDE.app/Contents/Eclipse/plugins/com.st.stm32cube.ide.mcu.externaltools.gnu-tools-for-stm32.9-2020-q2-update.macos64_1.5.0.202011040924/tools/bin/../lib/gcc/arm-none-eabi/9.3.1/../../../../arm-none-eabi/lib/thumb/v7e-m+fp/hard/libc_nano.a(lib_a-reent.o)
                0x000000002000c1b0                errno
                0x000000002000c1b4                . = ALIGN (0x4)
                0x000000002000c1b4                _ebss = .
                0x000000002000c1b4                __bss_end__ = _ebss

._user_heap_stack
                0x000000002000c1b4      0x604 load address 0x0000000008006e10
                0x000000002000c1b8                . = ALIGN (0x8)
 *fill*         0x000000002000c1b4        0x4 
                [!provide]                        PROVIDE (end = .)
                0x000000002000c1b8                PROVIDE (_end = .)
                0x000000002000c3b8                . = (. + _Min_Heap_Size)
 *fill*         0x000000002000c1b8      0x200 
                0x000000002000c7b8                . = (. + _Min_Stack_Size)
 *fill*         0x000000002000c3b8      0x400 
                0x000000002000c7b8                . = ALIGN (0x8)

/DISCARD/
 libc.a(*)
 libm.a(*)
 libgcc.a(*)

.ARM.attributes
                0x0000000000000000       0x30
 *(.ARM.attributes)
 .ARM.attributes
                0x0000000000000000       0x1e /Applications/STM32CubeIDE.app/Contents/Eclipse/plugins/com.st.stm32cube.ide.mcu.externaltools.gnu-tools-for-stm32.9-2020-q2-update.macos64_1.5.0.202011040924/tools/bin/../lib/gcc/arm-none-eabi/9.3.1/thumb/v7e-m+fp/hard/crti.o
 .ARM.attributes
                0x000000000000001e       0x34 /Applications/STM32CubeIDE.app/Contents/Eclipse/plugins/com.st.stm32cube.ide.mcu.externaltools.gnu-tools-for-stm32.9-2020-q2-update.macos64_1.5.0.202011040924/tools/bin/../lib/gcc/arm-none-eabi/9.3.1/thumb/v7e-m+fp/hard/crtbegin.o
 .ARM.attributes
                0x0000000000000052       0x34 Core/Src/main.o
 .ARM.attributes
                0x0000000000000086       0x34 Core/Src/stm32f4xx_hal_msp.o
 .ARM.attributes
                0x00000000000000ba       0x34 Core/Src/stm32f4xx_hal_timebase_tim.o
 .ARM.attributes
                0x00000000000000ee       0x34 Core/Src/stm32f4xx_it.o
 .ARM.attributes
                0x0000000000000122       0x34 Core/Src/syscalls.o
 .ARM.attributes
                0x0000000000000156       0x34 Core/Src/sysmem.o
 .ARM.attributes
                0x000000000000018a       0x34 Core/Src/system_stm32f4xx.o
 .ARM.attributes
                0x00000000000001be       0x34 Core/Src/utility.o
 .ARM.attributes
                0x00000000000001f2       0x21 Core/Startup/startup_stm32f411retx.o
 .ARM.attributes
                0x0000000000000213       0x34 Drivers/STM32F4xx_HAL_Driver/stm32f4xx_hal.o
 .ARM.attributes
                0x0000000000000247       0x34 Drivers/STM32F4xx_HAL_Driver/stm32f4xx_hal_adc.o
 .ARM.attributes
                0x000000000000027b       0x34 Drivers/STM32F4xx_HAL_Driver/stm32f4xx_hal_cortex.o
 .ARM.attributes
                0x00000000000002af       0x34 Drivers/STM32F4xx_HAL_Driver/stm32f4xx_hal_dma.o
 .ARM.attributes
                0x00000000000002e3       0x34 Drivers/STM32F4xx_HAL_Driver/stm32f4xx_hal_gpio.o
 .ARM.attributes
                0x0000000000000317       0x34 Drivers/STM32F4xx_HAL_Driver/stm32f4xx_hal_rcc.o
 .ARM.attributes
                0x000000000000034b       0x34 Drivers/STM32F4xx_HAL_Driver/stm32f4xx_hal_tim.o
 .ARM.attributes
                0x000000000000037f       0x34 Drivers/STM32F4xx_HAL_Driver/stm32f4xx_hal_tim_ex.o
 .ARM.attributes
                0x00000000000003b3       0x34 Drivers/STM32F4xx_HAL_Driver/stm32f4xx_hal_uart.o
 .ARM.attributes
                0x00000000000003e7       0x34 Middlewares/FreeRTOS/cmsis_os2.o
 .ARM.attributes
                0x000000000000041b       0x34 Middlewares/FreeRTOS/heap_4.o
 .ARM.attributes
                0x000000000000044f       0x34 Middlewares/FreeRTOS/list.o
 .ARM.attributes
                0x0000000000000483       0x34 Middlewares/FreeRTOS/port.o
 .ARM.attributes
                0x00000000000004b7       0x34 Middlewares/FreeRTOS/queue.o
 .ARM.attributes
                0x00000000000004eb       0x34 Middlewares/FreeRTOS/tasks.o
 .ARM.attributes
                0x000000000000051f       0x34 Middlewares/FreeRTOS/timers.o
 .ARM.attributes
                0x0000000000000553       0x34 /Applications/STM32CubeIDE.app/Contents/Eclipse/plugins/com.st.stm32cube.ide.mcu.externaltools.gnu-tools-for-stm32.9-2020-q2-update.macos64_1.5.0.202011040924/tools/bin/../lib/gcc/arm-none-eabi/9.3.1/../../../../arm-none-eabi/lib/thumb/v7e-m+fp/hard/libc_nano.a(lib_a-errno.o)
 .ARM.attributes