main.c:277:6:SystemClock_Config	88	static,ignoring_inline_asm
main.c:177:5:main	56	static,ignoring_inline_asm
main.c:517:6:set_lights_and_buzzer	16	static
main.c:531:6:time_buffer_write	24	static
main.c:542:6:time_buffer_read	24	static
main.c:554:6:temperature_buffer_write	24	static
main.c:790:6:startTemperatureTask	56	static
main.c:563:7:temperature_buffer_read	24	static
main.c:760:6:startDisplayTask	24	static
main.c:574:6:cleanResponse	48	static
main.c:619:6:ESP8266_get_time	8	static
main.c:641:6:ESP8266_Boot	8	static
main.c:696:6:OrionContextBroker_update	24	static
main.c:723:6:OrionContextBroker_query	16	static
main.c:865:6:startNetworkComTask	16	static
main.c:913:6:HAL_TIM_PeriodElapsedCallback	0	static
main.c:930:6:Error_Handler	0	static,ignoring_inline_asm
