Archive member included to satisfy reference by file (symbol)

/Applications/STM32CubeIDE.app/Contents/Eclipse/plugins/com.st.stm32cube.ide.mcu.externaltools.gnu-tools-for-stm32.9-2020-q2-update.macos64_1.5.0.202011040924/tools/bin/../lib/gcc/arm-none-eabi/9.3.1/../../../../arm-none-eabi/lib/thumb/v7e-m+fp/hard/libc_nano.a(lib_a-atoi.o)
                              Core/Src/main.o (atoi)
/Applications/STM32CubeIDE.app/Contents/Eclipse/plugins/com.st.stm32cube.ide.mcu.externaltools.gnu-tools-for-stm32.9-2020-q2-update.macos64_1.5.0.202011040924/tools/bin/../lib/gcc/arm-none-eabi/9.3.1/../../../../arm-none-eabi/lib/thumb/v7e-m+fp/hard/libc_nano.a(lib_a-errno.o)
                              Core/Src/syscalls.o (__errno)
/Applications/STM32CubeIDE.app/Contents/Eclipse/plugins/com.st.stm32cube.ide.mcu.externaltools.gnu-tools-for-stm32.9-2020-q2-update.macos64_1.5.0.202011040924/tools/bin/../lib/gcc/arm-none-eabi/9.3.1/../../../../arm-none-eabi/lib/thumb/v7e-m+fp/hard/libc_nano.a(lib_a-exit.o)
                              /Applications/STM32CubeIDE.app/Contents/Eclipse/plugins/com.st.stm32cube.ide.mcu.externaltools.gnu-tools-for-stm32.9-2020-q2-update.macos64_1.5.0.202011040924/tools/bin/../lib/gcc/arm-none-eabi/9.3.1/../../../../arm-none-eabi/lib/thumb/v7e-m+fp/hard/crt0.o (exit)
/Applications/STM32CubeIDE.app/Contents/Eclipse/plugins/com.st.stm32cube.ide.mcu.externaltools.gnu-tools-for-stm32.9-2020-q2-update.macos64_1.5.0.202011040924/tools/bin/../lib/gcc/arm-none-eabi/9.3.1/../../../../arm-none-eabi/lib/thumb/v7e-m+fp/hard/libc_nano.a(lib_a-fflush.o)
                              Core/Src/main.o (fflush)
/Applications/STM32CubeIDE.app/Contents/Eclipse/plugins/com.st.stm32cube.ide.mcu.externaltools.gnu-tools-for-stm32.9-2020-q2-update.macos64_1.5.0.202011040924/tools/bin/../lib/gcc/arm-none-eabi/9.3.1/../../../../arm-none-eabi/lib/thumb/v7e-m+fp/hard/libc_nano.a(lib_a-findfp.o)
                              /Applications/STM32CubeIDE.app/Contents/Eclipse/plugins/com.st.stm32cube.ide.mcu.externaltools.gnu-tools-for-stm32.9-2020-q2-update.macos64_1.5.0.202011040924/tools/bin/../lib/gcc/arm-none-eabi/9.3.1/../../../../arm-none-eabi/lib/thumb/v7e-m+fp/hard/libc_nano.a(lib_a-fflush.o) (__sinit)
/Applications/STM32CubeIDE.app/Contents/Eclipse/plugins/com.st.stm32cube.ide.mcu.externaltools.gnu-tools-for-stm32.9-2020-q2-update.macos64_1.5.0.202011040924/tools/bin/../lib/gcc/arm-none-eabi/9.3.1/../../../../arm-none-eabi/lib/thumb/v7e-m+fp/hard/libc_nano.a(lib_a-fwalk.o)
                              /Applications/STM32CubeIDE.app/Contents/Eclipse/plugins/com.st.stm32cube.ide.mcu.externaltools.gnu-tools-for-stm32.9-2020-q2-update.macos64_1.5.0.202011040924/tools/bin/../lib/gcc/arm-none-eabi/9.3.1/../../../../arm-none-eabi/lib/thumb/v7e-m+fp/hard/libc_nano.a(lib_a-findfp.o) (_fwalk)
/Applications/STM32CubeIDE.app/Contents/Eclipse/plugins/com.st.stm32cube.ide.mcu.externaltools.gnu-tools-for-stm32.9-2020-q2-update.macos64_1.5.0.202011040924/tools/bin/../lib/gcc/arm-none-eabi/9.3.1/../../../../arm-none-eabi/lib/thumb/v7e-m+fp/hard/libc_nano.a(lib_a-impure.o)
                              /Applications/STM32CubeIDE.app/Contents/Eclipse/plugins/com.st.stm32cube.ide.mcu.externaltools.gnu-tools-for-stm32.9-2020-q2-update.macos64_1.5.0.202011040924/tools/bin/../lib/gcc/arm-none-eabi/9.3.1/../../../../arm-none-eabi/lib/thumb/v7e-m+fp/hard/libc_nano.a(lib_a-exit.o) (_global_impure_ptr)
/Applications/STM32CubeIDE.app/Contents/Eclipse/plugins/com.st.stm32cube.ide.mcu.externaltools.gnu-tools-for-stm32.9-2020-q2-update.macos64_1.5.0.202011040924/tools/bin/../lib/gcc/arm-none-eabi/9.3.1/../../../../arm-none-eabi/lib/thumb/v7e-m+fp/hard/libc_nano.a(lib_a-init.o)
                              /Applications/STM32CubeIDE.app/Contents/Eclipse/plugins/com.st.stm32cube.ide.mcu.externaltools.gnu-tools-for-stm32.9-2020-q2-update.macos64_1.5.0.202011040924/tools/bin/../lib/gcc/arm-none-eabi/9.3.1/../../../../arm-none-eabi/lib/thumb/v7e-m+fp/hard/crt0.o (__libc_init_array)
/Applications/STM32CubeIDE.app/Contents/Eclipse/plugins/com.st.stm32cube.ide.mcu.externaltools.gnu-tools-for-stm32.9-2020-q2-update.macos64_1.5.0.202011040924/tools/bin/../lib/gcc/arm-none-eabi/9.3.1/../../../../arm-none-eabi/lib/thumb/v7e-m+fp/hard/libc_nano.a(lib_a-lock.o)
                              /Applications/STM32CubeIDE.app/Contents/Eclipse/plugins/com.st.stm32cube.ide.mcu.externaltools.gnu-tools-for-stm32.9-2020-q2-update.macos64_1.5.0.202011040924/tools/bin/../lib/gcc/arm-none-eabi/9.3.1/../../../../arm-none-eabi/lib/thumb/v7e-m+fp/hard/libc_nano.a(lib_a-findfp.o) (__retarget_lock_init_recursive)
/Applications/STM32CubeIDE.app/Contents/Eclipse/plugins/com.st.stm32cube.ide.mcu.externaltools.gnu-tools-for-stm32.9-2020-q2-update.macos64_1.5.0.202011040924/tools/bin/../lib/gcc/arm-none-eabi/9.3.1/../../../../arm-none-eabi/lib/thumb/v7e-m+fp/hard/libc_nano.a(lib_a-memcpy-stub.o)
                              Middlewares/FreeRTOS/cmsis_os2.o (memcpy)
[...]
Memory Configuration

Name             Origin             Length             Attributes
RAM              0x0000000020000000 0x0000000000020000 xrw
FLASH            0x0000000008000000 0x0000000000080000 xr
*default*        0x0000000000000000 0xffffffffffffffff

Linker script and memory map

LOAD /Applications/STM32CubeIDE.app/Contents/Eclipse/plugins/com.st.stm32cube.ide.mcu.externaltools.gnu-tools-for-stm32.9-2020-q2-update.macos64_1.5.0.202011040924/tools/bin/../lib/gcc/arm-none-eabi/9.3.1/thumb/v7e-m+fp/hard/crti.o
LOAD /Applications/STM32CubeIDE.app/Contents/Eclipse/plugins/com.st.stm32cube.ide.mcu.externaltools.gnu-tools-for-stm32.9-2020-q2-update.macos64_1.5.0.202011040924/tools/bin/../lib/gcc/arm-none-eabi/9.3.1/thumb/v7e-m+fp/hard/crtbegin.o
LOAD /Applications/STM32CubeIDE.app/Contents/Eclipse/plugins/com.st.stm32cube.ide.mcu.externaltools.gnu-tools-for-stm32.9-2020-q2-update.macos64_1.5.0.202011040924/tools/bin/../lib/gcc/arm-none-eabi/9.3.1/../../../../arm-none-eabi/lib/thumb/v7e-m+fp/hard/crt0.o
LOAD Core/Src/freertos.o
LOAD Core/Src/main.o
LOAD Core/Src/stm32f4xx_hal_msp.o
LOAD Core/Src/stm32f4xx_hal_timebase_tim.o
LOAD Core/Src/stm32f4xx_it.o
LOAD Core/Src/syscalls.o
LOAD Core/Src/sysmem.o
LOAD Core/Src/system_stm32f4xx.o
LOAD Core/Src/utility.o
LOAD Core/Startup/startup_stm32f411retx.o
LOAD Drivers/STM32F4xx_HAL_Driver/stm32f4xx_hal.o
LOAD Drivers/STM32F4xx_HAL_Driver/stm32f4xx_hal_adc.o
LOAD Drivers/STM32F4xx_HAL_Driver/stm32f4xx_hal_adc_ex.o
LOAD Drivers/STM32F4xx_HAL_Driver/stm32f4xx_hal_cortex.o
LOAD Drivers/STM32F4xx_HAL_Driver/stm32f4xx_hal_dma.o
LOAD Drivers/STM32F4xx_HAL_Driver/stm32f4xx_hal_dma_ex.o
LOAD Drivers/STM32F4xx_HAL_Driver/stm32f4xx_hal_exti.o
LOAD Drivers/STM32F4xx_HAL_Driver/stm32f4xx_hal_flash.o
LOAD Drivers/STM32F4xx_HAL_Driver/stm32f4xx_hal_flash_ex.o
LOAD Drivers/STM32F4xx_HAL_Driver/stm32f4xx_hal_flash_ramfunc.o
LOAD Drivers/STM32F4xx_HAL_Driver/stm32f4xx_hal_gpio.o
LOAD Drivers/STM32F4xx_HAL_Driver/stm32f4xx_hal_pwr.o
LOAD Drivers/STM32F4xx_HAL_Driver/stm32f4xx_hal_pwr_ex.o
LOAD Drivers/STM32F4xx_HAL_Driver/stm32f4xx_hal_rcc.o
LOAD Drivers/STM32F4xx_HAL_Driver/stm32f4xx_hal_rcc_ex.o
LOAD Drivers/STM32F4xx_HAL_Driver/stm32f4xx_hal_tim.o
LOAD Drivers/STM32F4xx_HAL_Driver/stm32f4xx_hal_tim_ex.o
LOAD Drivers/STM32F4xx_HAL_Driver/stm32f4xx_hal_uart.o
LOAD Drivers/STM32F4xx_HAL_Driver/stm32f4xx_ll_adc.o
LOAD Middlewares/FreeRTOS/cmsis_os2.o
LOAD Middlewares/FreeRTOS/croutine.o
LOAD Middlewares/FreeRTOS/event_groups.o
LOAD Middlewares/FreeRTOS/heap_4.o
LOAD Middlewares/FreeRTOS/list.o
LOAD Middlewares/FreeRTOS/port.o
LOAD Middlewares/FreeRTOS/queue.o
LOAD Middlewares/FreeRTOS/stream_buffer.o
LOAD Middlewares/FreeRTOS/tasks.o
LOAD Middlewares/FreeRTOS/timers.o
START GROUP
LOAD /Applications/STM32CubeIDE.app/Contents/Eclipse/plugins/com.st.stm32cube.ide.mcu.externaltools.gnu-tools-for-stm32.9-2020-q2-update.macos64_1.5.0.202011040924/tools/bin/../lib/gcc/arm-none-eabi/9.3.1/../../../../arm-none-eabi/lib/thumb/v7e-m+fp/hard/libc_nano.a
LOAD /Applications/STM32CubeIDE.app/Contents/Eclipse/plugins/com.st.stm32cube.ide.mcu.externaltools.gnu-tools-for-stm32.9-2020-q2-update.macos64_1.5.0.202011040924/tools/bin/../lib/gcc/arm-none-eabi/9.3.1/../../../../arm-none-eabi/lib/thumb/v7e-m+fp/hard/libm.a
END GROUP
START GROUP
LOAD /Applications/STM32CubeIDE.app/Contents/Eclipse/plugins/com.st.stm32cube.ide.mcu.externaltools.gnu-tools-for-stm32.9-2020-q2-update.macos64_1.5.0.202011040924/tools/bin/../lib/gcc/arm-none-eabi/9.3.1/thumb/v7e-m+fp/hard/libgcc.a
LOAD /Applications/STM32CubeIDE.app/Contents/Eclipse/plugins/com.st.stm32cube.ide.mcu.externaltools.gnu-tools-for-stm32.9-2020-q2-update.macos64_1.5.0.202011040924/tools/bin/../lib/gcc/arm-none-eabi/9.3.1/../../../../arm-none-eabi/lib/thumb/v7e-m+fp/hard/libc_nano.a
END GROUP
START GROUP
LOAD /Applications/STM32CubeIDE.app/Contents/Eclipse/plugins/com.st.stm32cube.ide.mcu.externaltools.gnu-tools-for-stm32.9-2020-q2-update.macos64_1.5.0.202011040924/tools/bin/../lib/gcc/arm-none-eabi/9.3.1/thumb/v7e-m+fp/hard/libgcc.a
LOAD /Applications/STM32CubeIDE.app/Contents/Eclipse/plugins/com.st.stm32cube.ide.mcu.externaltools.gnu-tools-for-stm32.9-2020-q2-update.macos64_1.5.0.202011040924/tools/bin/../lib/gcc/arm-none-eabi/9.3.1/../../../../arm-none-eabi/lib/thumb/v7e-m+fp/hard/libc_nano.a
LOAD /Applications/STM32CubeIDE.app/Contents/Eclipse/plugins/com.st.stm32cube.ide.mcu.externaltools.gnu-tools-for-stm32.9-2020-q2-update.macos64_1.5.0.202011040924/tools/bin/../lib/gcc/arm-none-eabi/9.3.1/../../../../arm-none-eabi/lib/thumb/v7e-m+fp/hard/libnosys.a
END GROUP
START GROUP
LOAD /Applications/STM32CubeIDE.app/Contents/Eclipse/plugins/com.st.stm32cube.ide.mcu.externaltools.gnu-tools-for-stm32.9-2020-q2-update.macos64_1.5.0.202011040924/tools/bin/../lib/gcc/arm-none-eabi/9.3.1/thumb/v7e-m+fp/hard/libgcc.a
LOAD /Applications/STM32CubeIDE.app/Contents/Eclipse/plugins/com.st.stm32cube.ide.mcu.externaltools.gnu-tools-for-stm32.9-2020-q2-update.macos64_1.5.0.202011040924/tools/bin/../lib/gcc/arm-none-eabi/9.3.1/../../../../arm-none-eabi/lib/thumb/v7e-m+fp/hard/libc_nano.a
LOAD /Applications/STM32CubeIDE.app/Contents/Eclipse/plugins/com.st.stm32cube.ide.mcu.externaltools.gnu-tools-for-stm32.9-2020-q2-update.macos64_1.5.0.202011040924/tools/bin/../lib/gcc/arm-none-eabi/9.3.1/../../../../arm-none-eabi/lib/thumb/v7e-m+fp/hard/libnosys.a
END GROUP
LOAD /Applications/STM32CubeIDE.app/Contents/Eclipse/plugins/com.st.stm32cube.ide.mcu.externaltools.gnu-tools-for-stm32.9-2020-q2-update.macos64_1.5.0.202011040924/tools/bin/../lib/gcc/arm-none-eabi/9.3.1/thumb/v7e-m+fp/hard/crtend.o
LOAD /Applications/STM32CubeIDE.app/Contents/Eclipse/plugins/com.st.stm32cube.ide.mcu.externaltools.gnu-tools-for-stm32.9-2020-q2-update.macos64_1.5.0.202011040924/tools/bin/../lib/gcc/arm-none-eabi/9.3.1/thumb/v7e-m+fp/hard/crtn.o
                0x0000000020020000                _estack = (ORIGIN (RAM) + LENGTH (RAM))
                0x0000000000000200                _Min_Heap_Size = 0x200
                0x0000000000000400                _Min_Stack_Size = 0x400

.isr_vector     0x0000000008000000      0x198
                0x0000000008000000                . = ALIGN (0x4)
 *(.isr_vector)
 .isr_vector    0x0000000008000000      0x198 Core/Startup/startup_stm32f411retx.o
                0x0000000008000000                g_pfnVectors
                0x0000000008000198                . = ALIGN (0x4)

.text           0x00000000080001a0     0xb870
                0x00000000080001a0                . = ALIGN (0x4)
 *(.text)
 .text          0x00000000080001a0       0x40 /Applications/STM32CubeIDE.app/Contents/Eclipse/plugins/com.st.stm32cube.ide.mcu.externaltools.gnu-tools-for-stm32.9-2020-q2-update.macos64_1.5.0.202011040924/tools/bin/../lib/gcc/arm-none-eabi/9.3.1/thumb/v7e-m+fp/hard/crtbegin.o
 .text          0x00000000080001e0       0x10 /Applications/STM32CubeIDE.app/Contents/Eclipse/plugins/com.st.stm32cube.ide.mcu.externaltools.gnu-tools-for-stm32.9-2020-q2-update.macos64_1.5.0.202011040924/tools/bin/../lib/gcc/arm-none-eabi/9.3.1/../../../../arm-none-eabi/lib/thumb/v7e-m+fp/hard/libc_nano.a(lib_a-strlen.o)
                0x00000000080001e0                strlen
 .text          0x00000000080001f0       0xa0 /Applications/STM32CubeIDE.app/Contents/Eclipse/plugins/com.st.stm32cube.ide.mcu.externaltools.gnu-tools-for-stm32.9-2020-q2-update.macos64_1.5.0.202011040924/tools/bin/../lib/gcc/arm-none-eabi/9.3.1/../../../../arm-none-eabi/lib/thumb/v7e-m+fp/hard/libc_nano.a(lib_a-memchr.o)
                0x00000000080001f0                memchr
 .text          0x0000000008000290      0x378 /Applications/STM32CubeIDE.app/Contents/Eclipse/plugins/com.st.stm32cube.ide.mcu.externaltools.gnu-tools-for-stm32.9-2020-q2-update.macos64_1.5.0.202011040924/tools/bin/../lib/gcc/arm-none-eabi/9.3.1/thumb/v7e-m+fp/hard/libgcc.a(_arm_addsubdf3.o)
                0x0000000008000290                __aeabi_drsub
                0x0000000008000298                __subdf3
                0x0000000008000298                __aeabi_dsub
                0x000000000800029c                __aeabi_dadd
                0x000000000800029c                __adddf3
                0x0000000008000514                __aeabi_ui2d
                0x0000000008000514                __floatunsidf
                0x0000000008000534                __floatsidf
                0x0000000008000534                __aeabi_i2d
                0x0000000008000558                __extendsfdf2
                0x0000000008000558                __aeabi_f2d
                0x000000000800059c                __aeabi_ul2d
                0x000000000800059c                __floatundidf
                0x00000000080005ac                __aeabi_l2d
                0x00000000080005ac                __floatdidf
 .text          0x0000000008000608      0x424 /Applications/STM32CubeIDE.app/Contents/Eclipse/plugins/com.st.stm32cube.ide.mcu.externaltools.gnu-tools-for-stm32.9-2020-q2-update.macos64_1.5.0.202011040924/tools/bin/../lib/gcc/arm-none-eabi/9.3.1/thumb/v7e-m+fp/hard/libgcc.a(_arm_muldivdf3.o)
                0x0000000008000608                __aeabi_dmul
                0x0000000008000608                __muldf3
                0x000000000800085c                __aeabi_ddiv
                0x000000000800085c                __divdf3
 .text          0x0000000008000a2c      0x110 /Applications/STM32CubeIDE.app/Contents/Eclipse/plugins/com.st.stm32cube.ide.mcu.externaltools.gnu-tools-for-stm32.9-2020-q2-update.macos64_1.5.0.202011040924/tools/bin/../lib/gcc/arm-none-eabi/9.3.1/thumb/v7e-m+fp/hard/libgcc.a(_arm_cmpdf2.o)
                0x0000000008000a2c                __gedf2
                0x0000000008000a2c                __gtdf2
                0x0000000008000a34                __ledf2
                0x0000000008000a34                __ltdf2
                0x0000000008000a3c                __cmpdf2
                0x0000000008000a3c                __eqdf2
                0x0000000008000a3c                __nedf2
                0x0000000008000ab8                __aeabi_cdrcmple
                0x0000000008000ac8                __aeabi_cdcmple
                0x0000000008000ac8                __aeabi_cdcmpeq
                0x0000000008000ad8                __aeabi_dcmpeq
                0x0000000008000aec                __aeabi_dcmplt
                0x0000000008000b00                __aeabi_dcmple
                0x0000000008000b14                __aeabi_dcmpge
                0x0000000008000b28                __aeabi_dcmpgt
 .text          0x0000000008000b3c       0x2c /Applications/STM32CubeIDE.app/Contents/Eclipse/plugins/com.st.stm32cube.ide.mcu.externaltools.gnu-tools-for-stm32.9-2020-q2-update.macos64_1.5.0.202011040924/tools/bin/../lib/gcc/arm-none-eabi/9.3.1/thumb/v7e-m+fp/hard/libgcc.a(_arm_unorddf2.o)
                0x0000000008000b3c                __aeabi_dcmpun
                0x0000000008000b3c                __unorddf2
 .text          0x0000000008000b68       0x50 /Applications/STM32CubeIDE.app/Contents/Eclipse/plugins/com.st.stm32cube.ide.mcu.externaltools.gnu-tools-for-stm32.9-2020-q2-update.macos64_1.5.0.202011040924/tools/bin/../lib/gcc/arm-none-eabi/9.3.1/thumb/v7e-m+fp/hard/libgcc.a(_arm_fixdfsi.o)
                0x0000000008000b68                __fixdfsi
                0x0000000008000b68                __aeabi_d2iz
 .text          0x0000000008000bb8       0xa0 /Applications/STM32CubeIDE.app/Contents/Eclipse/plugins/com.st.stm32cube.ide.mcu.externaltools.gnu-tools-for-stm32.9-2020-q2-update.macos64_1.5.0.202011040924/tools/bin/../lib/gcc/arm-none-eabi/9.3.1/thumb/v7e-m+fp/hard/libgcc.a(_arm_truncdfsf2.o)
                0x0000000008000bb8                __aeabi_d2f
                0x0000000008000bb8                __truncdfsf2
 .text          0x0000000008000c58       0x30 /Applications/STM32CubeIDE.app/Contents/Eclipse/plugins/com.st.stm32cube.ide.mcu.externaltools.gnu-tools-for-stm32.9-2020-q2-update.macos64_1.5.0.202011040924/tools/bin/../lib/gcc/arm-none-eabi/9.3.1/thumb/v7e-m+fp/hard/libgcc.a(_aeabi_uldivmod.o)
                0x0000000008000c58                __aeabi_uldivmod
 .text          0x0000000008000c88      0x2c4 /Applications/STM32CubeIDE.app/Contents/Eclipse/plugins/com.st.stm32cube.ide.mcu.externaltools.gnu-tools-for-stm32.9-2020-q2-update.macos64_1.5.0.202011040924/tools/bin/../lib/gcc/arm-none-eabi/9.3.1/thumb/v7e-m+fp/hard/libgcc.a(_udivmoddi4.o)
                0x0000000008000c88                __udivmoddi4
 .text          0x0000000008000f4c        0x4 /Applications/STM32CubeIDE.app/Contents/Eclipse/plugins/com.st.stm32cube.ide.mcu.externaltools.gnu-tools-for-stm32.9-2020-q2-update.macos64_1.5.0.202011040924/tools/bin/../lib/gcc/arm-none-eabi/9.3.1/thumb/v7e-m+fp/hard/libgcc.a(_dvmd_tls.o)
                0x0000000008000f4c                __aeabi_ldiv0
                0x0000000008000f4c                __aeabi_idiv0
 *(.text*)
 .text.main     0x0000000008000f50       0xa0 Core/Src/main.o
                0x0000000008000f50                main
 .text.SystemClock_Config
                0x0000000008000ff0       0xd4 Core/Src/main.o
                0x0000000008000ff0                SystemClock_Config
 .text.MX_ADC1_Init
                0x00000000080010c4       0xa4 Core/Src/main.o
 .text.MX_USART1_UART_Init
                0x0000000008001168       0x54 Core/Src/main.o
 .text.MX_USART2_UART_Init
                0x00000000080011bc       0x54 Core/Src/main.o
 .text.MX_DMA_Init
                0x0000000008001210       0x40 Core/Src/main.o
 .text.MX_GPIO_Init
                0x0000000008001250      0x160 Core/Src/main.o
 .text.set_lights_and_buzzer
                0x00000000080013b0       0x70 Core/Src/main.o
                0x00000000080013b0                set_lights_and_buzzer
 .text.time_buffer_write
                0x0000000008001420       0x6c Core/Src/main.o
                0x0000000008001420                time_buffer_write
 .text.temperature_buffer_write
                0x000000000800148c       0x4c Core/Src/main.o
                0x000000000800148c                temperature_buffer_write
 .text.clean_time_response
                0x00000000080014d8      0x158 Core/Src/main.o
                0x00000000080014d8                clean_time_response
 .text.ESP8266_get_time
                0x0000000008001630       0xe8 Core/Src/main.o
                0x0000000008001630                ESP8266_get_time
 .text.ESP8266_Boot
                0x0000000008001718      0x1f8 Core/Src/main.o
                0x0000000008001718                ESP8266_Boot
 .text.OrionContextBroker_query
                0x0000000008001910      0x114 Core/Src/main.o
                0x0000000008001910                OrionContextBroker_query
 *fill*         0x0000000008001a24        0x4 
 .text.startTemperatureTask
                0x0000000008001a28      0x258 Core/Src/main.o
                0x0000000008001a28                startTemperatureTask
 .text.startNetworkComTask
                0x0000000008001c80      0x1d0 Core/Src/main.o
                0x0000000008001c80                startNetworkComTask
 .text.HAL_TIM_PeriodElapsedCallback
                0x0000000008001e50       0x24 Core/Src/main.o
                0x0000000008001e50                HAL_TIM_PeriodElapsedCallback
 .text.Error_Handler
                0x0000000008001e74        0xa Core/Src/main.o
                0x0000000008001e74                Error_Handler
 *fill*         0x0000000008001e7e        0x2 
 .text.HAL_MspInit
                0x0000000008001e80       0x58 Core/Src/stm32f4xx_hal_msp.o
                0x0000000008001e80                HAL_MspInit
 .text.HAL_ADC_MspInit
                0x0000000008001ed8       0x88 Core/Src/stm32f4xx_hal_msp.o
                0x0000000008001ed8                HAL_ADC_MspInit
 .text.HAL_UART_MspInit
                0x0000000008001f60      0x15c Core/Src/stm32f4xx_hal_msp.o
                0x0000000008001f60                HAL_UART_MspInit
 .text.HAL_InitTick
                0x00000000080020bc       0xb0 Core/Src/stm32f4xx_hal_timebase_tim.o
                0x00000000080020bc                HAL_InitTick
 .text.NMI_Handler
                0x000000000800216c        0x6 Core/Src/stm32f4xx_it.o
                0x000000000800216c                NMI_Handler
 .text.HardFault_Handler
                0x0000000008002172        0x6 Core/Src/stm32f4xx_it.o
                0x0000000008002172                HardFault_Handler
 .text.MemManage_Handler
                0x0000000008002178        0x6 Core/Src/stm32f4xx_it.o
                0x0000000008002178                MemManage_Handler
 .text.BusFault_Handler
                0x000000000800217e        0x6 Core/Src/stm32f4xx_it.o
                0x000000000800217e                BusFault_Handler
 .text.UsageFault_Handler
                0x0000000008002184        0x6 Core/Src/stm32f4xx_it.o
                0x0000000008002184                UsageFault_Handler
 .text.DebugMon_Handler
                0x000000000800218a        0xe Core/Src/stm32f4xx_it.o
                0x000000000800218a                DebugMon_Handler
 .text.EXTI4_IRQHandler
                0x0000000008002198       0x2c Core/Src/stm32f4xx_it.o
                0x0000000008002198                EXTI4_IRQHandler
 .text.EXTI9_5_IRQHandler
                0x00000000080021c4       0x2c Core/Src/stm32f4xx_it.o
                0x00000000080021c4                EXTI9_5_IRQHandler
 .text.TIM1_UP_TIM10_IRQHandler
                0x00000000080021f0       0x14 Core/Src/stm32f4xx_it.o
                0x00000000080021f0                TIM1_UP_TIM10_IRQHandler
 .text.DMA2_Stream2_IRQHandler
                0x0000000008002204       0x14 Core/Src/stm32f4xx_it.o
                0x0000000008002204                DMA2_Stream2_IRQHandler
 .text._getpid  0x0000000008002218       0x10 Core/Src/syscalls.o
                0x0000000008002218                _getpid
 .text._kill    0x0000000008002228       0x20 Core/Src/syscalls.o
                0x0000000008002228                _kill
 .text._exit    0x0000000008002248       0x14 Core/Src/syscalls.o
                0x0000000008002248                _exit
 .text._read    0x000000000800225c       0x3a Core/Src/syscalls.o
                0x000000000800225c                _read
 .text._close   0x0000000008002296       0x18 Core/Src/syscalls.o
                0x0000000008002296                _close
 .text._fstat   0x00000000080022ae       0x20 Core/Src/syscalls.o
                0x00000000080022ae                _fstat
 .text._isatty  0x00000000080022ce       0x16 Core/Src/syscalls.o
                0x00000000080022ce                _isatty
 .text._lseek   0x00000000080022e4       0x1a Core/Src/syscalls.o
                0x00000000080022e4                _lseek
 *fill*         0x00000000080022fe        0x2 
 .text._sbrk    0x0000000008002300       0x6c Core/Src/sysmem.o
                0x0000000008002300                _sbrk
 .text.SystemInit
                0x000000000800236c       0x24 Core/Src/system_stm32f4xx.o
                0x000000000800236c                SystemInit
 .text._write   0x0000000008002390       0x40 Core/Src/utility.o
                0x0000000008002390                _write
 .text.Reset_Handler
                0x00000000080023d0       0x50 Core/Startup/startup_stm32f411retx.o
                0x00000000080023d0                Reset_Handler
 .text.Default_Handler
                0x0000000008002420        0x2 Core/Startup/startup_stm32f411retx.o
                0x0000000008002420                DMA1_Stream3_IRQHandler
                0x0000000008002420                EXTI2_IRQHandler
                0x0000000008002420                SPI4_IRQHandler
                0x0000000008002420                TIM1_CC_IRQHandler
                0x0000000008002420                DMA2_Stream5_IRQHandler
                0x0000000008002420                DMA1_Stream5_IRQHandler
                0x0000000008002420                PVD_IRQHandler
                0x0000000008002420                SDIO_IRQHandler
                0x0000000008002420                TAMP_STAMP_IRQHandler
                0x0000000008002420                EXTI3_IRQHandler
                0x0000000008002420                I2C3_ER_IRQHandler
                0x0000000008002420                EXTI0_IRQHandler
                0x0000000008002420                I2C2_EV_IRQHandler
                0x0000000008002420                DMA1_Stream2_IRQHandler
                0x0000000008002420                FPU_IRQHandler
                0x0000000008002420                SPI1_IRQHandler
                0x0000000008002420                TIM1_BRK_TIM9_IRQHandler
                0x0000000008002420                DMA2_Stream3_IRQHandler
                0x0000000008002420                USART6_IRQHandler
                0x0000000008002420                DMA2_Stream0_IRQHandler
                0x0000000008002420                TIM4_IRQHandler
                0x0000000008002420                I2C1_EV_IRQHandler
                0x0000000008002420                DMA1_Stream6_IRQHandler
                0x0000000008002420                DMA1_Stream1_IRQHandler
                0x0000000008002420                TIM3_IRQHandler
                0x0000000008002420                RCC_IRQHandler
                0x0000000008002420                Default_Handler
                0x0000000008002420                EXTI15_10_IRQHandler
                0x0000000008002420                ADC_IRQHandler
                0x0000000008002420                DMA1_Stream7_IRQHandler
                0x0000000008002420                SPI5_IRQHandler
                0x0000000008002420                TIM5_IRQHandler
                0x0000000008002420                DMA2_Stream7_IRQHandler
                0x0000000008002420                I2C3_EV_IRQHandler
                0x0000000008002420                RTC_WKUP_IRQHandler
                0x0000000008002420                SPI2_IRQHandler
                0x0000000008002420                DMA1_Stream0_IRQHandler
                0x0000000008002420                WWDG_IRQHandler
                0x0000000008002420                TIM2_IRQHandler
                0x0000000008002420                OTG_FS_WKUP_IRQHandler
                0x0000000008002420                TIM1_TRG_COM_TIM11_IRQHandler
                0x0000000008002420                EXTI1_IRQHandler
                0x0000000008002420                USART2_IRQHandler
                0x0000000008002420                I2C2_ER_IRQHandler
                0x0000000008002420                DMA2_Stream1_IRQHandler
                0x0000000008002420                FLASH_IRQHandler
                0x0000000008002420                DMA2_Stream4_IRQHandler
                0x0000000008002420                USART1_IRQHandler
                0x0000000008002420                OTG_FS_IRQHandler
                0x0000000008002420                SPI3_IRQHandler
                0x0000000008002420                DMA1_Stream4_IRQHandler
                0x0000000008002420                I2C1_ER_IRQHandler
                0x0000000008002420                DMA2_Stream6_IRQHandler
                0x0000000008002420                RTC_Alarm_IRQHandler
 *fill*         0x0000000008002422        0x2 
 .text.HAL_Init
                0x0000000008002424       0x44 Drivers/STM32F4xx_HAL_Driver/stm32f4xx_hal.o
                0x0000000008002424                HAL_Init
 .text.HAL_IncTick
                0x0000000008002468       0x28 Drivers/STM32F4xx_HAL_Driver/stm32f4xx_hal.o
                0x0000000008002468                HAL_IncTick
 .text.HAL_GetTick
                0x0000000008002490       0x18 Drivers/STM32F4xx_HAL_Driver/stm32f4xx_hal.o
                0x0000000008002490                HAL_GetTick
 .text.HAL_ADC_Init
                0x00000000080024a8       0x86 Drivers/STM32F4xx_HAL_Driver/stm32f4xx_hal_adc.o
                0x00000000080024a8                HAL_ADC_Init
 *fill*         0x000000000800252e        0x2 
 .text.HAL_ADC_Start
                0x0000000008002530      0x168 Drivers/STM32F4xx_HAL_Driver/stm32f4xx_hal_adc.o
                0x0000000008002530                HAL_ADC_Start
 .text.HAL_ADC_PollForConversion
                0x0000000008002698      0x116 Drivers/STM32F4xx_HAL_Driver/stm32f4xx_hal_adc.o
                0x0000000008002698                HAL_ADC_PollForConversion
 .text.HAL_ADC_GetValue
                0x00000000080027ae       0x1a Drivers/STM32F4xx_HAL_Driver/stm32f4xx_hal_adc.o
                0x00000000080027ae                HAL_ADC_GetValue
 .text.HAL_ADC_ConfigChannel
                0x00000000080027c8      0x264 Drivers/STM32F4xx_HAL_Driver/stm32f4xx_hal_adc.o
                0x00000000080027c8                HAL_ADC_ConfigChannel
 .text.ADC_Init
                0x0000000008002a2c      0x1f8 Drivers/STM32F4xx_HAL_Driver/stm32f4xx_hal_adc.o
 .text.__NVIC_SetPriorityGrouping
                0x0000000008002c24       0x48 Drivers/STM32F4xx_HAL_Driver/stm32f4xx_hal_cortex.o
 .text.__NVIC_GetPriorityGrouping
                0x0000000008002c6c       0x1c Drivers/STM32F4xx_HAL_Driver/stm32f4xx_hal_cortex.o
 .text.__NVIC_EnableIRQ
                0x0000000008002c88       0x3c Drivers/STM32F4xx_HAL_Driver/stm32f4xx_hal_cortex.o
 .text.__NVIC_SetPriority
                0x0000000008002cc4       0x54 Drivers/STM32F4xx_HAL_Driver/stm32f4xx_hal_cortex.o
 .text.NVIC_EncodePriority
                0x0000000008002d18       0x66 Drivers/STM32F4xx_HAL_Driver/stm32f4xx_hal_cortex.o
 .text.HAL_NVIC_SetPriorityGrouping
                0x0000000008002d7e       0x16 Drivers/STM32F4xx_HAL_Driver/stm32f4xx_hal_cortex.o
                0x0000000008002d7e                HAL_NVIC_SetPriorityGrouping
 .text.HAL_NVIC_SetPriority
                0x0000000008002d94       0x38 Drivers/STM32F4xx_HAL_Driver/stm32f4xx_hal_cortex.o
                0x0000000008002d94                HAL_NVIC_SetPriority
 .text.HAL_NVIC_EnableIRQ
                0x0000000008002dcc       0x1c Drivers/STM32F4xx_HAL_Driver/stm32f4xx_hal_cortex.o
                0x0000000008002dcc                HAL_NVIC_EnableIRQ
 .text.HAL_DMA_Init
                0x0000000008002de8      0x15c Drivers/STM32F4xx_HAL_Driver/stm32f4xx_hal_dma.o
                0x0000000008002de8                HAL_DMA_Init
 .text.HAL_DMA_Start_IT
                0x0000000008002f44       0xb0 Drivers/STM32F4xx_HAL_Driver/stm32f4xx_hal_dma.o
                0x0000000008002f44                HAL_DMA_Start_IT
 .text.HAL_DMA_Abort
                0x0000000008002ff4       0xe0 Drivers/STM32F4xx_HAL_Driver/stm32f4xx_hal_dma.o
                0x0000000008002ff4                HAL_DMA_Abort
 .text.HAL_DMA_IRQHandler
                0x00000000080030d4      0x314 Drivers/STM32F4xx_HAL_Driver/stm32f4xx_hal_dma.o
                0x00000000080030d4                HAL_DMA_IRQHandler
 .text.DMA_SetConfig
                0x00000000080033e8       0x5c Drivers/STM32F4xx_HAL_Driver/stm32f4xx_hal_dma.o
 .text.DMA_CalcBaseAndBitshift
                0x0000000008003444       0x6c Drivers/STM32F4xx_HAL_Driver/stm32f4xx_hal_dma.o
 .text.DMA_CheckFifoParam
                0x00000000080034b0       0xf8 Drivers/STM32F4xx_HAL_Driver/stm32f4xx_hal_dma.o
 .text.HAL_GPIO_Init
                0x00000000080035a8      0x308 Drivers/STM32F4xx_HAL_Driver/stm32f4xx_hal_gpio.o
                0x00000000080035a8                HAL_GPIO_Init
 .text.HAL_GPIO_ReadPin
                0x00000000080038b0       0x30 Drivers/STM32F4xx_HAL_Driver/stm32f4xx_hal_gpio.o
                0x00000000080038b0                HAL_GPIO_ReadPin
 .text.HAL_GPIO_WritePin
                0x00000000080038e0       0x32 Drivers/STM32F4xx_HAL_Driver/stm32f4xx_hal_gpio.o
                0x00000000080038e0                HAL_GPIO_WritePin
 *fill*         0x0000000008003912        0x2 
 .text.HAL_GPIO_EXTI_IRQHandler
                0x0000000008003914       0x30 Drivers/STM32F4xx_HAL_Driver/stm32f4xx_hal_gpio.o
                0x0000000008003914                HAL_GPIO_EXTI_IRQHandler
 .text.HAL_GPIO_EXTI_Callback
                0x0000000008003944       0x16 Drivers/STM32F4xx_HAL_Driver/stm32f4xx_hal_gpio.o
                0x0000000008003944                HAL_GPIO_EXTI_Callback
 *fill*         0x000000000800395a        0x2 
 .text.HAL_RCC_OscConfig
                0x000000000800395c      0x4f0 Drivers/STM32F4xx_HAL_Driver/stm32f4xx_hal_rcc.o
                0x000000000800395c                HAL_RCC_OscConfig
 .text.HAL_RCC_ClockConfig
                0x0000000008003e4c      0x1cc Drivers/STM32F4xx_HAL_Driver/stm32f4xx_hal_rcc.o
                0x0000000008003e4c                HAL_RCC_ClockConfig
 .text.HAL_RCC_GetSysClockFreq
                0x0000000008004018      0x1c4 Drivers/STM32F4xx_HAL_Driver/stm32f4xx_hal_rcc.o
                0x0000000008004018                HAL_RCC_GetSysClockFreq
 .text.HAL_RCC_GetHCLKFreq
                0x00000000080041dc       0x18 Drivers/STM32F4xx_HAL_Driver/stm32f4xx_hal_rcc.o
                0x00000000080041dc                HAL_RCC_GetHCLKFreq
 .text.HAL_RCC_GetPCLK1Freq
                0x00000000080041f4       0x28 Drivers/STM32F4xx_HAL_Driver/stm32f4xx_hal_rcc.o
                0x00000000080041f4                HAL_RCC_GetPCLK1Freq
 .text.HAL_RCC_GetPCLK2Freq
                0x000000000800421c       0x28 Drivers/STM32F4xx_HAL_Driver/stm32f4xx_hal_rcc.o
                0x000000000800421c                HAL_RCC_GetPCLK2Freq
 .text.HAL_RCC_GetClockConfig
                0x0000000008004244       0x64 Drivers/STM32F4xx_HAL_Driver/stm32f4xx_hal_rcc.o
                0x0000000008004244                HAL_RCC_GetClockConfig
 .text.HAL_TIM_Base_Init
                0x00000000080042a8       0x9e Drivers/STM32F4xx_HAL_Driver/stm32f4xx_hal_tim.o
                0x00000000080042a8                HAL_TIM_Base_Init
 .text.HAL_TIM_Base_MspInit
                0x0000000008004346       0x14 Drivers/STM32F4xx_HAL_Driver/stm32f4xx_hal_tim.o
                0x0000000008004346                HAL_TIM_Base_MspInit
 *fill*         0x000000000800435a        0x2 
 .text.HAL_TIM_Base_Start_IT
                0x000000000800435c       0xc4 Drivers/STM32F4xx_HAL_Driver/stm32f4xx_hal_tim.o
                0x000000000800435c                HAL_TIM_Base_Start_IT
 .text.HAL_TIM_IRQHandler
                0x0000000008004420      0x210 Drivers/STM32F4xx_HAL_Driver/stm32f4xx_hal_tim.o
                0x0000000008004420                HAL_TIM_IRQHandler
 .text.HAL_TIM_OC_DelayElapsedCallback
                0x0000000008004630       0x14 Drivers/STM32F4xx_HAL_Driver/stm32f4xx_hal_tim.o
                0x0000000008004630                HAL_TIM_OC_DelayElapsedCallback
 .text.HAL_TIM_IC_CaptureCallback
                0x0000000008004644       0x14 Drivers/STM32F4xx_HAL_Driver/stm32f4xx_hal_tim.o
                0x0000000008004644                HAL_TIM_IC_CaptureCallback
 .text.HAL_TIM_PWM_PulseFinishedCallback
                0x0000000008004658       0x14 Drivers/STM32F4xx_HAL_Driver/stm32f4xx_hal_tim.o
                0x0000000008004658                HAL_TIM_PWM_PulseFinishedCallback
 .text.HAL_TIM_TriggerCallback
                0x000000000800466c       0x14 Drivers/STM32F4xx_HAL_Driver/stm32f4xx_hal_tim.o
                0x000000000800466c                HAL_TIM_TriggerCallback
 .text.TIM_Base_SetConfig
                0x0000000008004680      0x100 Drivers/STM32F4xx_HAL_Driver/stm32f4xx_hal_tim.o
                0x0000000008004680                TIM_Base_SetConfig
 .text.HAL_TIMEx_CommutCallback
                0x0000000008004780       0x14 Drivers/STM32F4xx_HAL_Driver/stm32f4xx_hal_tim_ex.o
                0x0000000008004780                HAL_TIMEx_CommutCallback
 .text.HAL_TIMEx_BreakCallback
                0x0000000008004794       0x14 Drivers/STM32F4xx_HAL_Driver/stm32f4xx_hal_tim_ex.o
                0x0000000008004794                HAL_TIMEx_BreakCallback
 .text.HAL_UART_Init
                0x00000000080047a8       0x9a Drivers/STM32F4xx_HAL_Driver/stm32f4xx_hal_uart.o
                0x00000000080047a8                HAL_UART_Init
 .text.HAL_UART_Transmit
                0x0000000008004842      0x124 Drivers/STM32F4xx_HAL_Driver/stm32f4xx_hal_uart.o
                0x0000000008004842                HAL_UART_Transmit
 .text.HAL_UART_Receive_DMA
                0x0000000008004966       0x60 Drivers/STM32F4xx_HAL_Driver/stm32f4xx_hal_uart.o
                0x0000000008004966                HAL_UART_Receive_DMA
 .text.HAL_UART_DMAStop
                0x00000000080049c6       0xb6 Drivers/STM32F4xx_HAL_Driver/stm32f4xx_hal_uart.o
                0x00000000080049c6                HAL_UART_DMAStop
 .text.HAL_UART_RxCpltCallback
                0x0000000008004a7c       0x14 Drivers/STM32F4xx_HAL_Driver/stm32f4xx_hal_uart.o
                0x0000000008004a7c                HAL_UART_RxCpltCallback
 .text.HAL_UART_RxHalfCpltCallback
                0x0000000008004a90       0x14 Drivers/STM32F4xx_HAL_Driver/stm32f4xx_hal_uart.o
                0x0000000008004a90                HAL_UART_RxHalfCpltCallback
 .text.HAL_UART_ErrorCallback
                0x0000000008004aa4       0x14 Drivers/STM32F4xx_HAL_Driver/stm32f4xx_hal_uart.o
                0x0000000008004aa4                HAL_UART_ErrorCallback
 .text.HAL_UARTEx_RxEventCallback
                0x0000000008004ab8       0x18 Drivers/STM32F4xx_HAL_Driver/stm32f4xx_hal_uart.o
                0x0000000008004ab8                HAL_UARTEx_RxEventCallback
 .text.UART_DMAReceiveCplt
                0x0000000008004ad0       0x96 Drivers/STM32F4xx_HAL_Driver/stm32f4xx_hal_uart.o
 .text.UART_DMARxHalfCplt
                0x0000000008004b66       0x36 Drivers/STM32F4xx_HAL_Driver/stm32f4xx_hal_uart.o
 .text.UART_DMAError
                0x0000000008004b9c       0x94 Drivers/STM32F4xx_HAL_Driver/stm32f4xx_hal_uart.o
 .text.UART_WaitOnFlagUntilTimeout
                0x0000000008004c30       0x94 Drivers/STM32F4xx_HAL_Driver/stm32f4xx_hal_uart.o
 .text.UART_Start_Receive_DMA
                0x0000000008004cc4       0xc8 Drivers/STM32F4xx_HAL_Driver/stm32f4xx_hal_uart.o
                0x0000000008004cc4                UART_Start_Receive_DMA
 .text.UART_EndTxTransfer
                0x0000000008004d8c       0x2c Drivers/STM32F4xx_HAL_Driver/stm32f4xx_hal_uart.o
 .text.UART_EndRxTransfer
                0x0000000008004db8       0x5a Drivers/STM32F4xx_HAL_Driver/stm32f4xx_hal_uart.o
 *fill*         0x0000000008004e12        0x2 
 .text.UART_SetConfig
                0x0000000008004e14      0x390 Drivers/STM32F4xx_HAL_Driver/stm32f4xx_hal_uart.o
 .text.__NVIC_SetPriority
                0x00000000080051a4       0x54 Middlewares/FreeRTOS/cmsis_os2.o
 .text.SysTick_Handler
                0x00000000080051f8       0x20 Middlewares/FreeRTOS/cmsis_os2.o
                0x00000000080051f8                SysTick_Handler
 .text.SVC_Setup
                0x0000000008005218       0x12 Middlewares/FreeRTOS/cmsis_os2.o
 *fill*         0x000000000800522a        0x2 
 .text.osKernelInitialize
                0x000000000800522c       0x48 Middlewares/FreeRTOS/cmsis_os2.o
                0x000000000800522c                osKernelInitialize
 .text.osKernelStart
                0x0000000008005274       0x4c Middlewares/FreeRTOS/cmsis_os2.o
                0x0000000008005274                osKernelStart
 .text.osThreadNew
                0x00000000080052c0      0x124 Middlewares/FreeRTOS/cmsis_os2.o
                0x00000000080052c0                osThreadNew
 .text.osDelay  0x00000000080053e4       0x36 Middlewares/FreeRTOS/cmsis_os2.o
                0x00000000080053e4                osDelay
 .text.osMutexNew
                0x000000000800541a      0x10c Middlewares/FreeRTOS/cmsis_os2.o
                0x000000000800541a                osMutexNew
 .text.osMutexAcquire
                0x0000000008005526       0x96 Middlewares/FreeRTOS/cmsis_os2.o
                0x0000000008005526                osMutexAcquire
 .text.osMutexRelease
                0x00000000080055bc       0x7a Middlewares/FreeRTOS/cmsis_os2.o
                0x00000000080055bc                osMutexRelease
 *fill*         0x0000000008005636        0x2 
 .text.vApplicationGetIdleTaskMemory
                0x0000000008005638       0x34 Middlewares/FreeRTOS/cmsis_os2.o
                0x0000000008005638                vApplicationGetIdleTaskMemory
 .text.vApplicationGetTimerTaskMemory
                0x000000000800566c       0x34 Middlewares/FreeRTOS/cmsis_os2.o
                0x000000000800566c                vApplicationGetTimerTaskMemory
 .text.pvPortMalloc
                0x00000000080056a0      0x198 Middlewares/FreeRTOS/heap_4.o
                0x00000000080056a0                pvPortMalloc
 .text.vPortFree
                0x0000000008005838       0xc4 Middlewares/FreeRTOS/heap_4.o
                0x0000000008005838                vPortFree
 .text.prvHeapInit
                0x00000000080058fc       0xc4 Middlewares/FreeRTOS/heap_4.o
 .text.prvInsertBlockIntoFreeList
                0x00000000080059c0       0xb4 Middlewares/FreeRTOS/heap_4.o
 .text.vListInitialise
                0x0000000008005a74       0x40 Middlewares/FreeRTOS/list.o
                0x0000000008005a74                vListInitialise
 .text.vListInitialiseItem
                0x0000000008005ab4       0x1a Middlewares/FreeRTOS/list.o
                0x0000000008005ab4                vListInitialiseItem
 .text.vListInsertEnd
                0x0000000008005ace       0x48 Middlewares/FreeRTOS/list.o
                0x0000000008005ace                vListInsertEnd
 .text.vListInsert
                0x0000000008005b16       0x72 Middlewares/FreeRTOS/list.o
                0x0000000008005b16                vListInsert
 .text.uxListRemove
                0x0000000008005b88       0x54 Middlewares/FreeRTOS/list.o
                0x0000000008005b88                uxListRemove
 .text.pxPortInitialiseStack
                0x0000000008005bdc       0x68 Middlewares/FreeRTOS/port.o
                0x0000000008005bdc                pxPortInitialiseStack
 .text.prvTaskExitError
                0x0000000008005c44       0x58 Middlewares/FreeRTOS/port.o
 *fill*         0x0000000008005c9c        0x4 
 .text.SVC_Handler
                0x0000000008005ca0       0x28 Middlewares/FreeRTOS/port.o
                0x0000000008005ca0                SVC_Handler
 .text.prvPortStartFirstTask
                0x0000000008005cc8       0x28 Middlewares/FreeRTOS/port.o
 .text.xPortStartScheduler
                0x0000000008005cf0      0x144 Middlewares/FreeRTOS/port.o
                0x0000000008005cf0                xPortStartScheduler
 .text.vPortEnterCritical
                0x0000000008005e34       0x60 Middlewares/FreeRTOS/port.o
                0x0000000008005e34                vPortEnterCritical
 .text.vPortExitCritical
                0x0000000008005e94       0x54 Middlewares/FreeRTOS/port.o
                0x0000000008005e94                vPortExitCritical
 *fill*         0x0000000008005ee8        0x8 
 .text.PendSV_Handler
                0x0000000008005ef0       0x68 Middlewares/FreeRTOS/port.o
                0x0000000008005ef0                PendSV_Handler
 .text.xPortSysTickHandler
                0x0000000008005f58       0x44 Middlewares/FreeRTOS/port.o
                0x0000000008005f58                xPortSysTickHandler
 .text.vPortSetupTimerInterrupt
                0x0000000008005f9c       0x48 Middlewares/FreeRTOS/port.o
                0x0000000008005f9c                vPortSetupTimerInterrupt
 .text.vPortEnableVFP
                0x0000000008005fe4       0x14 Middlewares/FreeRTOS/port.o
 .text.vPortValidateInterruptPriority
                0x0000000008005ff8       0x80 Middlewares/FreeRTOS/port.o
                0x0000000008005ff8                vPortValidateInterruptPriority
 .text.xQueueGenericReset
                0x0000000008006078       0xd0 Middlewares/FreeRTOS/queue.o
                0x0000000008006078                xQueueGenericReset
 .text.xQueueGenericCreateStatic
                0x0000000008006148       0xf0 Middlewares/FreeRTOS/queue.o
                0x0000000008006148                xQueueGenericCreateStatic
 .text.xQueueGenericCreate
                0x0000000008006238       0x74 Middlewares/FreeRTOS/queue.o
                0x0000000008006238                xQueueGenericCreate
 .text.prvInitialiseNewQueue
                0x00000000080062ac       0x46 Middlewares/FreeRTOS/queue.o
 .text.prvInitialiseMutex
                0x00000000080062f2       0x34 Middlewares/FreeRTOS/queue.o
 .text.xQueueCreateMutex
                0x0000000008006326       0x30 Middlewares/FreeRTOS/queue.o
                0x0000000008006326                xQueueCreateMutex
 .text.xQueueCreateMutexStatic
                0x0000000008006356       0x36 Middlewares/FreeRTOS/queue.o
                0x0000000008006356                xQueueCreateMutexStatic
 .text.xQueueGiveMutexRecursive
                0x000000000800638c       0x68 Middlewares/FreeRTOS/queue.o
                0x000000000800638c                xQueueGiveMutexRecursive
 .text.xQueueTakeMutexRecursive
                0x00000000080063f4       0x6c Middlewares/FreeRTOS/queue.o
                0x00000000080063f4                xQueueTakeMutexRecursive
 .text.xQueueGenericSend
                0x0000000008006460      0x1fc Middlewares/FreeRTOS/queue.o
                0x0000000008006460                xQueueGenericSend
 .text.xQueueGenericSendFromISR
                0x000000000800665c      0x136 Middlewares/FreeRTOS/queue.o
                0x000000000800665c                xQueueGenericSendFromISR
 *fill*         0x0000000008006792        0x2 
 .text.xQueueReceive
                0x0000000008006794      0x1c0 Middlewares/FreeRTOS/queue.o
                0x0000000008006794                xQueueReceive
 .text.xQueueSemaphoreTake
                0x0000000008006954      0x218 Middlewares/FreeRTOS/queue.o
                0x0000000008006954                xQueueSemaphoreTake
 .text.prvGetDisinheritPriorityAfterTimeout
                0x0000000008006b6c       0x30 Middlewares/FreeRTOS/queue.o
 .text.prvCopyDataToQueue
                0x0000000008006b9c       0xd4 Middlewares/FreeRTOS/queue.o
 .text.prvCopyDataFromQueue
                0x0000000008006c70       0x4c Middlewares/FreeRTOS/queue.o
 .text.prvUnlockQueue
                0x0000000008006cbc       0xa4 Middlewares/FreeRTOS/queue.o
 .text.prvIsQueueEmpty
                0x0000000008006d60       0x2c Middlewares/FreeRTOS/queue.o
 .text.prvIsQueueFull
                0x0000000008006d8c       0x30 Middlewares/FreeRTOS/queue.o
 .text.vQueueAddToRegistry
                0x0000000008006dbc       0x54 Middlewares/FreeRTOS/queue.o
                0x0000000008006dbc                vQueueAddToRegistry
 .text.vQueueWaitForMessageRestricted
                0x0000000008006e10       0x68 Middlewares/FreeRTOS/queue.o
                0x0000000008006e10                vQueueWaitForMessageRestricted
 .text.xTaskCreateStatic
                0x0000000008006e78       0xba Middlewares/FreeRTOS/tasks.o
                0x0000000008006e78                xTaskCreateStatic
 .text.xTaskCreate
                0x0000000008006f32       0x8a Middlewares/FreeRTOS/tasks.o
                0x0000000008006f32                xTaskCreate
 .text.prvInitialiseNewTask
                0x0000000008006fbc      0x11e Middlewares/FreeRTOS/tasks.o
 *fill*         0x00000000080070da        0x2 
 .text.prvAddNewTaskToReadyList
                0x00000000080070dc       0xe0 Middlewares/FreeRTOS/tasks.o
 .text.vTaskDelay
                0x00000000080071bc       0x68 Middlewares/FreeRTOS/tasks.o
                0x00000000080071bc                vTaskDelay
 .text.vTaskStartScheduler
                0x0000000008007224       0xcc Middlewares/FreeRTOS/tasks.o
                0x0000000008007224                vTaskStartScheduler
 .text.vTaskSuspendAll
                0x00000000080072f0       0x1c Middlewares/FreeRTOS/tasks.o
                0x00000000080072f0                vTaskSuspendAll
 .text.xTaskResumeAll
                0x000000000800730c      0x13c Middlewares/FreeRTOS/tasks.o
                0x000000000800730c                xTaskResumeAll
 .text.xTaskGetTickCount
                0x0000000008007448       0x20 Middlewares/FreeRTOS/tasks.o
                0x0000000008007448                xTaskGetTickCount
 .text.xTaskIncrementTick
                0x0000000008007468      0x174 Middlewares/FreeRTOS/tasks.o
                0x0000000008007468                xTaskIncrementTick
 .text.vTaskSwitchContext
                0x00000000080075dc       0xbc Middlewares/FreeRTOS/tasks.o
                0x00000000080075dc                vTaskSwitchContext
 .text.vTaskPlaceOnEventList
                0x0000000008007698       0x48 Middlewares/FreeRTOS/tasks.o
                0x0000000008007698                vTaskPlaceOnEventList
 .text.vTaskPlaceOnEventListRestricted
                0x00000000080076e0       0x58 Middlewares/FreeRTOS/tasks.o
                0x00000000080076e0                vTaskPlaceOnEventListRestricted
 .text.xTaskRemoveFromEventList
                0x0000000008007738       0xc8 Middlewares/FreeRTOS/tasks.o
                0x0000000008007738                xTaskRemoveFromEventList
 .text.vTaskInternalSetTimeOutState
                0x0000000008007800       0x2c Middlewares/FreeRTOS/tasks.o
                0x0000000008007800                vTaskInternalSetTimeOutState
 .text.xTaskCheckForTimeOut
                0x000000000800782c       0xc4 Middlewares/FreeRTOS/tasks.o
                0x000000000800782c                xTaskCheckForTimeOut
 .text.vTaskMissedYield
                0x00000000080078f0       0x18 Middlewares/FreeRTOS/tasks.o
                0x00000000080078f0                vTaskMissedYield
 .text.prvIdleTask
                0x0000000008007908       0x30 Middlewares/FreeRTOS/tasks.o
 .text.prvInitialiseTaskLists
                0x0000000008007938       0x80 Middlewares/FreeRTOS/tasks.o
 .text.prvCheckTasksWaitingTermination
                0x00000000080079b8       0x5c Middlewares/FreeRTOS/tasks.o
 .text.prvDeleteTCB
                0x0000000008007a14       0x5e Middlewares/FreeRTOS/tasks.o
 *fill*         0x0000000008007a72        0x2 
 .text.prvResetNextTaskUnblockTime
                0x0000000008007a74       0x40 Middlewares/FreeRTOS/tasks.o
 .text.xTaskGetCurrentTaskHandle
                0x0000000008007ab4       0x20 Middlewares/FreeRTOS/tasks.o
                0x0000000008007ab4                xTaskGetCurrentTaskHandle
 .text.xTaskGetSchedulerState
                0x0000000008007ad4       0x3c Middlewares/FreeRTOS/tasks.o
                0x0000000008007ad4                xTaskGetSchedulerState
 .text.xTaskPriorityInherit
                0x0000000008007b10       0xd0 Middlewares/FreeRTOS/tasks.o
                0x0000000008007b10                xTaskPriorityInherit
 .text.xTaskPriorityDisinherit
                0x0000000008007be0       0xdc Middlewares/FreeRTOS/tasks.o
                0x0000000008007be0                xTaskPriorityDisinherit
 .text.vTaskPriorityDisinheritAfterTimeout
                0x0000000008007cbc      0x104 Middlewares/FreeRTOS/tasks.o
                0x0000000008007cbc                vTaskPriorityDisinheritAfterTimeout
 .text.pvTaskIncrementMutexHeldCount
                0x0000000008007dc0       0x28 Middlewares/FreeRTOS/tasks.o
                0x0000000008007dc0                pvTaskIncrementMutexHeldCount
 .text.prvAddCurrentTaskToDelayedList
                0x0000000008007de8       0xa8 Middlewares/FreeRTOS/tasks.o
 .text.xTimerCreateTimerTask
                0x0000000008007e90       0x90 Middlewares/FreeRTOS/timers.o
                0x0000000008007e90                xTimerCreateTimerTask
 .text.xTimerGenericCommand
                0x0000000008007f20       0x9c Middlewares/FreeRTOS/timers.o
                0x0000000008007f20                xTimerGenericCommand
 .text.prvProcessExpiredTimer
                0x0000000008007fbc       0x98 Middlewares/FreeRTOS/timers.o
 .text.prvTimerTask
                0x0000000008008054       0x24 Middlewares/FreeRTOS/timers.o
 .text.prvProcessTimerOrBlockTask
                0x0000000008008078       0x9c Middlewares/FreeRTOS/timers.o
 .text.prvGetNextExpireTime
                0x0000000008008114       0x48 Middlewares/FreeRTOS/timers.o
 .text.prvSampleTimeNow
                0x000000000800815c       0x40 Middlewares/FreeRTOS/timers.o
 .text.prvInsertTimerInActiveList
                0x000000000800819c       0x84 Middlewares/FreeRTOS/timers.o
 .text.prvProcessReceivedCommands
                0x0000000008008220      0x1c4 Middlewares/FreeRTOS/timers.o
 .text.prvSwitchTimerLists
                0x00000000080083e4       0xc8 Middlewares/FreeRTOS/timers.o
 .text.prvCheckForValidListAndQueue
                0x00000000080084ac       0x80 Middlewares/FreeRTOS/timers.o
 .text.atoi     0x000000000800852c        0x8 /Applications/STM32CubeIDE.app/Contents/Eclipse/plugins/com.st.stm32cube.ide.mcu.externaltools.gnu-tools-for-stm32.9-2020-q2-update.macos64_1.5.0.202011040924/tools/bin/../lib/gcc/arm-none-eabi/9.3.1/../../../../arm-none-eabi/lib/thumb/v7e-m+fp/hard/libc_nano.a(lib_a-atoi.o)
                0x000000000800852c                atoi
 .text.__errno  0x0000000008008534        0xc /Applications/STM32CubeIDE.app/Contents/Eclipse/plugins/com.st.stm32cube.ide.mcu.externaltools.gnu-tools-for-stm32.9-2020-q2-update.macos64_1.5.0.202011040924/tools/bin/../lib/gcc/arm-none-eabi/9.3.1/../../../../arm-none-eabi/lib/thumb/v7e-m+fp/hard/libc_nano.a(lib_a-errno.o)
                0x0000000008008534                __errno
 .text.__sflush_r
                0x0000000008008540      0x10c /Applications/STM32CubeIDE.app/Contents/Eclipse/plugins/com.st.stm32cube.ide.mcu.externaltools.gnu-tools-for-stm32.9-2020-q2-update.macos64_1.5.0.202011040924/tools/bin/../lib/gcc/arm-none-eabi/9.3.1/../../../../arm-none-eabi/lib/thumb/v7e-m+fp/hard/libc_nano.a(lib_a-fflush.o)
                0x0000000008008540                __sflush_r
 .text._fflush_r
                0x000000000800864c       0x78 /Applications/STM32CubeIDE.app/Contents/Eclipse/plugins/com.st.stm32cube.ide.mcu.externaltools.gnu-tools-for-stm32.9-2020-q2-update.macos64_1.5.0.202011040924/tools/bin/../lib/gcc/arm-none-eabi/9.3.1/../../../../arm-none-eabi/lib/thumb/v7e-m+fp/hard/libc_nano.a(lib_a-fflush.o)
                0x000000000800864c                _fflush_r
 .text.fflush   0x00000000080086c4       0x24 /Applications/STM32CubeIDE.app/Contents/Eclipse/plugins/com.st.stm32cube.ide.mcu.externaltools.gnu-tools-for-stm32.9-2020-q2-update.macos64_1.5.0.202011040924/tools/bin/../lib/gcc/arm-none-eabi/9.3.1/../../../../arm-none-eabi/lib/thumb/v7e-m+fp/hard/libc_nano.a(lib_a-fflush.o)
                0x00000000080086c4                fflush
 .text.std      0x00000000080086e8       0x48 /Applications/STM32CubeIDE.app/Contents/Eclipse/plugins/com.st.stm32cube.ide.mcu.externaltools.gnu-tools-for-stm32.9-2020-q2-update.macos64_1.5.0.202011040924/tools/bin/../lib/gcc/arm-none-eabi/9.3.1/../../../../arm-none-eabi/lib/thumb/v7e-m+fp/hard/libc_nano.a(lib_a-findfp.o)
 .text._cleanup_r
                0x0000000008008730        0xc /Applications/STM32CubeIDE.app/Contents/Eclipse/plugins/com.st.stm32cube.ide.mcu.externaltools.gnu-tools-for-stm32.9-2020-q2-update.macos64_1.5.0.202011040924/tools/bin/../lib/gcc/arm-none-eabi/9.3.1/../../../../arm-none-eabi/lib/thumb/v7e-m+fp/hard/libc_nano.a(lib_a-findfp.o)
                0x0000000008008730                _cleanup_r
 .text.__sfmoreglue
                0x000000000800873c       0x2c /Applications/STM32CubeIDE.app/Contents/Eclipse/plugins/com.st.stm32cube.ide.mcu.externaltools.gnu-tools-for-stm32.9-2020-q2-update.macos64_1.5.0.202011040924/tools/bin/../lib/gcc/arm-none-eabi/9.3.1/../../../../arm-none-eabi/lib/thumb/v7e-m+fp/hard/libc_nano.a(lib_a-findfp.o)
                0x000000000800873c                __sfmoreglue
 .text.__sfp_lock_acquire
                0x0000000008008768        0xc /Applications/STM32CubeIDE.app/Contents/Eclipse/plugins/com.st.stm32cube.ide.mcu.externaltools.gnu-tools-for-stm32.9-2020-q2-update.macos64_1.5.0.202011040924/tools/bin/../lib/gcc/arm-none-eabi/9.3.1/../../../../arm-none-eabi/lib/thumb/v7e-m+fp/hard/libc_nano.a(lib_a-findfp.o)
                0x0000000008008768                __sfp_lock_acquire
 .text.__sfp_lock_release
                0x0000000008008774        0xc /Applications/STM32CubeIDE.app/Contents/Eclipse/plugins/com.st.stm32cube.ide.mcu.externaltools.gnu-tools-for-stm32.9-2020-q2-update.macos64_1.5.0.202011040924/tools/bin/../lib/gcc/arm-none-eabi/9.3.1/../../../../arm-none-eabi/lib/thumb/v7e-m+fp/hard/libc_nano.a(lib_a-findfp.o)
                0x0000000008008774                __sfp_lock_release
 .text.__sinit_lock_acquire
                0x0000000008008780        0xc /Applications/STM32CubeIDE.app/Contents/Eclipse/plugins/com.st.stm32cube.ide.mcu.externaltools.gnu-tools-for-stm32.9-2020-q2-update.macos64_1.5.0.202011040924/tools/bin/../lib/gcc/arm-none-eabi/9.3.1/../../../../arm-none-eabi/lib/thumb/v7e-m+fp/hard/libc_nano.a(lib_a-findfp.o)
                0x0000000008008780                __sinit_lock_acquire
 .text.__sinit_lock_release
                0x000000000800878c        0xc /Applications/STM32CubeIDE.app/Contents/Eclipse/plugins/com.st.stm32cube.ide.mcu.externaltools.gnu-tools-for-stm32.9-2020-q2-update.macos64_1.5.0.202011040924/tools/bin/../lib/gcc/arm-none-eabi/9.3.1/../../../../arm-none-eabi/lib/thumb/v7e-m+fp/hard/libc_nano.a(lib_a-findfp.o)
                0x000000000800878c                __sinit_lock_release
 .text.__sinit  0x0000000008008798       0x70 /Applications/STM32CubeIDE.app/Contents/Eclipse/plugins/com.st.stm32cube.ide.mcu.externaltools.gnu-tools-for-stm32.9-2020-q2-update.macos64_1.5.0.202011040924/tools/bin/../lib/gcc/arm-none-eabi/9.3.1/../../../../arm-none-eabi/lib/thumb/v7e-m+fp/hard/libc_nano.a(lib_a-findfp.o)
                0x0000000008008798                __sinit
 .text.__sfp    0x0000000008008808       0x8c /Applications/STM32CubeIDE.app/Contents/Eclipse/plugins/com.st.stm32cube.ide.mcu.externaltools.gnu-tools-for-stm32.9-2020-q2-update.macos64_1.5.0.202011040924/tools/bin/../lib/gcc/arm-none-eabi/9.3.1/../../../../arm-none-eabi/lib/thumb/v7e-m+fp/hard/libc_nano.a(lib_a-findfp.o)
                0x0000000008008808                __sfp
 .text._fwalk_reent
                0x0000000008008894       0x3e /Applications/STM32CubeIDE.app/Contents/Eclipse/plugins/com.st.stm32cube.ide.mcu.externaltools.gnu-tools-for-stm32.9-2020-q2-update.macos64_1.5.0.202011040924/tools/bin/../lib/gcc/arm-none-eabi/9.3.1/../../../../arm-none-eabi/lib/thumb/v7e-m+fp/hard/libc_nano.a(lib_a-fwalk.o)
                0x0000000008008894                _fwalk_reent
 *fill*         0x00000000080088d2        0x2 
 .text.__libc_init_array
                0x00000000080088d4       0x48 /Applications/STM32CubeIDE.app/Contents/Eclipse/plugins/com.st.stm32cube.ide.mcu.externaltools.gnu-tools-for-stm32.9-2020-q2-update.macos64_1.5.0.202011040924/tools/bin/../lib/gcc/arm-none-eabi/9.3.1/../../../../arm-none-eabi/lib/thumb/v7e-m+fp/hard/libc_nano.a(lib_a-init.o)
                0x00000000080088d4                __libc_init_array
 .text.__retarget_lock_init_recursive
                0x000000000800891c        0x2 /Applications/STM32CubeIDE.app/Contents/Eclipse/plugins/com.st.stm32cube.ide.mcu.externaltools.gnu-tools-for-stm32.9-2020-q2-update.macos64_1.5.0.202011040924/tools/bin/../lib/gcc/arm-none-eabi/9.3.1/../../../../arm-none-eabi/lib/thumb/v7e-m+fp/hard/libc_nano.a(lib_a-lock.o)
                0x000000000800891c                __retarget_lock_init_recursive
 .text.__retarget_lock_acquire_recursive
                0x000000000800891e        0x2 /Applications/STM32CubeIDE.app/Contents/Eclipse/plugins/com.st.stm32cube.ide.mcu.externaltools.gnu-tools-for-stm32.9-2020-q2-update.macos64_1.5.0.202011040924/tools/bin/../lib/gcc/arm-none-eabi/9.3.1/../../../../arm-none-eabi/lib/thumb/v7e-m+fp/hard/libc_nano.a(lib_a-lock.o)
                0x000000000800891e                __retarget_lock_acquire_recursive
 .text.__retarget_lock_release_recursive
                0x0000000008008920        0x2 /Applications/STM32CubeIDE.app/Contents/Eclipse/plugins/com.st.stm32cube.ide.mcu.externaltools.gnu-tools-for-stm32.9-2020-q2-update.macos64_1.5.0.202011040924/tools/bin/../lib/gcc/arm-none-eabi/9.3.1/../../../../arm-none-eabi/lib/thumb/v7e-m+fp/hard/libc_nano.a(lib_a-lock.o)
                0x0000000008008920                __retarget_lock_release_recursive
 .text.memcpy   0x0000000008008922       0x1c /Applications/STM32CubeIDE.app/Contents/Eclipse/plugins/com.st.stm32cube.ide.mcu.externaltools.gnu-tools-for-stm32.9-2020-q2-update.macos64_1.5.0.202011040924/tools/bin/../lib/gcc/arm-none-eabi/9.3.1/../../../../arm-none-eabi/lib/thumb/v7e-m+fp/hard/libc_nano.a(lib_a-memcpy-stub.o)
                0x0000000008008922                memcpy
 .text.memset   0x000000000800893e       0x10 /Applications/STM32CubeIDE.app/Contents/Eclipse/plugins/com.st.stm32cube.ide.mcu.externaltools.gnu-tools-for-stm32.9-2020-q2-update.macos64_1.5.0.202011040924/tools/bin/../lib/gcc/arm-none-eabi/9.3.1/../../../../arm-none-eabi/lib/thumb/v7e-m+fp/hard/libc_nano.a(lib_a-memset.o)
                0x000000000800893e                memset
 *fill*         0x000000000800894e        0x2 
 .text._free_r  0x0000000008008950       0xa0 /Applications/STM32CubeIDE.app/Contents/Eclipse/plugins/com.st.stm32cube.ide.mcu.externaltools.gnu-tools-for-stm32.9-2020-q2-update.macos64_1.5.0.202011040924/tools/bin/../lib/gcc/arm-none-eabi/9.3.1/../../../../arm-none-eabi/lib/thumb/v7e-m+fp/hard/libc_nano.a(lib_a-nano-freer.o)
                0x0000000008008950                _free_r
 .text._malloc_r
                0x00000000080089f0       0xb4 /Applications/STM32CubeIDE.app/Contents/Eclipse/plugins/com.st.stm32cube.ide.mcu.externaltools.gnu-tools-for-stm32.9-2020-q2-update.macos64_1.5.0.202011040924/tools/bin/../lib/gcc/arm-none-eabi/9.3.1/../../../../arm-none-eabi/lib/thumb/v7e-m+fp/hard/libc_nano.a(lib_a-nano-mallocr.o)
                0x00000000080089f0                _malloc_r
 .text.__cvt    0x0000000008008aa4       0xc4 /Applications/STM32CubeIDE.app/Contents/Eclipse/plugins/com.st.stm32cube.ide.mcu.externaltools.gnu-tools-for-stm32.9-2020-q2-update.macos64_1.5.0.202011040924/tools/bin/../lib/gcc/arm-none-eabi/9.3.1/../../../../arm-none-eabi/lib/thumb/v7e-m+fp/hard/libc_nano.a(lib_a-nano-vfprintf_float.o)
                0x0000000008008aa4                __cvt
 .text.__exponent
                0x0000000008008b68       0x7c /Applications/STM32CubeIDE.app/Contents/Eclipse/plugins/com.st.stm32cube.ide.mcu.externaltools.gnu-tools-for-stm32.9-2020-q2-update.macos64_1.5.0.202011040924/tools/bin/../lib/gcc/arm-none-eabi/9.3.1/../../../../arm-none-eabi/lib/thumb/v7e-m+fp/hard/libc_nano.a(lib_a-nano-vfprintf_float.o)
                0x0000000008008b68                __exponent
 .text._printf_float
                0x0000000008008be4      0x46c /Applications/STM32CubeIDE.app/Contents/Eclipse/plugins/com.st.stm32cube.ide.mcu.externaltools.gnu-tools-for-stm32.9-2020-q2-update.macos64_1.5.0.202011040924/tools/bin/../lib/gcc/arm-none-eabi/9.3.1/../../../../arm-none-eabi/lib/thumb/v7e-m+fp/hard/libc_nano.a(lib_a-nano-vfprintf_float.o)
                0x0000000008008be4                _printf_float
 .text._printf_common
                0x0000000008009050       0xda /Applications/STM32CubeIDE.app/Contents/Eclipse/plugins/com.st.stm32cube.ide.mcu.externaltools.gnu-tools-for-stm32.9-2020-q2-update.macos64_1.5.0.202011040924/tools/bin/../lib/gcc/arm-none-eabi/9.3.1/../../../../arm-none-eabi/lib/thumb/v7e-m+fp/hard/libc_nano.a(lib_a-nano-vfprintf_i.o)
                0x0000000008009050                _printf_common
 *fill*         0x000000000800912a        0x2 
 .text._printf_i
                0x000000000800912c      0x24c /Applications/STM32CubeIDE.app/Contents/Eclipse/plugins/com.st.stm32cube.ide.mcu.externaltools.gnu-tools-for-stm32.9-2020-q2-update.macos64_1.5.0.202011040924/tools/bin/../lib/gcc/arm-none-eabi/9.3.1/../../../../arm-none-eabi/lib/thumb/v7e-m+fp/hard/libc_nano.a(lib_a-nano-vfprintf_i.o)
                0x000000000800912c                _printf_i
 .text.printf   0x0000000008009378       0x30 /Applications/STM32CubeIDE.app/Contents/Eclipse/plugins/com.st.stm32cube.ide.mcu.externaltools.gnu-tools-for-stm32.9-2020-q2-update.macos64_1.5.0.202011040924/tools/bin/../lib/gcc/arm-none-eabi/9.3.1/../../../../arm-none-eabi/lib/thumb/v7e-m+fp/hard/libc_nano.a(lib_a-printf.o)
                0x0000000008009378                printf
                0x0000000008009378                iprintf
 .text._puts_r  0x00000000080093a8       0xdc /Applications/STM32CubeIDE.app/Contents/Eclipse/plugins/com.st.stm32cube.ide.mcu.externaltools.gnu-tools-for-stm32.9-2020-q2-update.macos64_1.5.0.202011040924/tools/bin/../lib/gcc/arm-none-eabi/9.3.1/../../../../arm-none-eabi/lib/thumb/v7e-m+fp/hard/libc_nano.a(lib_a-puts.o)
                0x00000000080093a8                _puts_r
 .text.puts     0x0000000008009484       0x10 /Applications/STM32CubeIDE.app/Contents/Eclipse/plugins/com.st.stm32cube.ide.mcu.externaltools.gnu-tools-for-stm32.9-2020-q2-update.macos64_1.5.0.202011040924/tools/bin/../lib/gcc/arm-none-eabi/9.3.1/../../../../arm-none-eabi/lib/thumb/v7e-m+fp/hard/libc_nano.a(lib_a-puts.o)
                0x0000000008009484                puts
 .text._sbrk_r  0x0000000008009494       0x20 /Applications/STM32CubeIDE.app/Contents/Eclipse/plugins/com.st.stm32cube.ide.mcu.externaltools.gnu-tools-for-stm32.9-2020-q2-update.macos64_1.5.0.202011040924/tools/bin/../lib/gcc/arm-none-eabi/9.3.1/../../../../arm-none-eabi/lib/thumb/v7e-m+fp/hard/libc_nano.a(lib_a-sbrkr.o)
                0x0000000008009494                _sbrk_r
 .text.sprintf  0x00000000080094b4       0x40 /Applications/STM32CubeIDE.app/Contents/Eclipse/plugins/com.st.stm32cube.ide.mcu.externaltools.gnu-tools-for-stm32.9-2020-q2-update.macos64_1.5.0.202011040924/tools/bin/../lib/gcc/arm-none-eabi/9.3.1/../../../../arm-none-eabi/lib/thumb/v7e-m+fp/hard/libc_nano.a(lib_a-sprintf.o)
                0x00000000080094b4                sprintf
                0x00000000080094b4                siprintf
 .text.__sread  0x00000000080094f4       0x22 /Applications/STM32CubeIDE.app/Contents/Eclipse/plugins/com.st.stm32cube.ide.mcu.externaltools.gnu-tools-for-stm32.9-2020-q2-update.macos64_1.5.0.202011040924/tools/bin/../lib/gcc/arm-none-eabi/9.3.1/../../../../arm-none-eabi/lib/thumb/v7e-m+fp/hard/libc_nano.a(lib_a-stdio.o)
                0x00000000080094f4                __sread
 .text.__swrite
                0x0000000008009516       0x38 /Applications/STM32CubeIDE.app/Contents/Eclipse/plugins/com.st.stm32cube.ide.mcu.externaltools.gnu-tools-for-stm32.9-2020-q2-update.macos64_1.5.0.202011040924/tools/bin/../lib/gcc/arm-none-eabi/9.3.1/../../../../arm-none-eabi/lib/thumb/v7e-m+fp/hard/libc_nano.a(lib_a-stdio.o)
                0x0000000008009516                __swrite
 .text.__sseek  0x000000000800954e       0x24 /Applications/STM32CubeIDE.app/Contents/Eclipse/plugins/com.st.stm32cube.ide.mcu.externaltools.gnu-tools-for-stm32.9-2020-q2-update.macos64_1.5.0.202011040924/tools/bin/../lib/gcc/arm-none-eabi/9.3.1/../../../../arm-none-eabi/lib/thumb/v7e-m+fp/hard/libc_nano.a(lib_a-stdio.o)
                0x000000000800954e                __sseek
 .text.__sclose
                0x0000000008009572        0x8 /Applications/STM32CubeIDE.app/Contents/Eclipse/plugins/com.st.stm32cube.ide.mcu.externaltools.gnu-tools-for-stm32.9-2020-q2-update.macos64_1.5.0.202011040924/tools/bin/../lib/gcc/arm-none-eabi/9.3.1/../../../../arm-none-eabi/lib/thumb/v7e-m+fp/hard/libc_nano.a(lib_a-stdio.o)
                0x0000000008009572                __sclose
 .text.strnstr  0x000000000800957a       0x42 /Applications/STM32CubeIDE.app/Contents/Eclipse/plugins/com.st.stm32cube.ide.mcu.externaltools.gnu-tools-for-stm32.9-2020-q2-update.macos64_1.5.0.202011040924/tools/bin/../lib/gcc/arm-none-eabi/9.3.1/../../../../arm-none-eabi/lib/thumb/v7e-m+fp/hard/libc_nano.a(lib_a-strnstr.o)
                0x000000000800957a                strnstr
 .text.strstr   0x00000000080095bc       0x2e /Applications/STM32CubeIDE.app/Contents/Eclipse/plugins/com.st.stm32cube.ide.mcu.externaltools.gnu-tools-for-stm32.9-2020-q2-update.macos64_1.5.0.202011040924/tools/bin/../lib/gcc/arm-none-eabi/9.3.1/../../../../arm-none-eabi/lib/thumb/v7e-m+fp/hard/libc_nano.a(lib_a-strstr.o)
                0x00000000080095bc                strstr
 *fill*         0x00000000080095ea        0x2 
 .text._strtol_l.isra.0
                0x00000000080095ec      0x108 /Applications/STM32CubeIDE.app/Contents/Eclipse/plugins/com.st.stm32cube.ide.mcu.externaltools.gnu-tools-for-stm32.9-2020-q2-update.macos64_1.5.0.202011040924/tools/bin/../lib/gcc/arm-none-eabi/9.3.1/../../../../arm-none-eabi/lib/thumb/v7e-m+fp/hard/libc_nano.a(lib_a-strtol.o)
 .text.strtol   0x00000000080096f4       0x14 /Applications/STM32CubeIDE.app/Contents/Eclipse/plugins/com.st.stm32cube.ide.mcu.externaltools.gnu-tools-for-stm32.9-2020-q2-update.macos64_1.5.0.202011040924/tools/bin/../lib/gcc/arm-none-eabi/9.3.1/../../../../arm-none-eabi/lib/thumb/v7e-m+fp/hard/libc_nano.a(lib_a-strtol.o)
                0x00000000080096f4                strtol
 .text.__swbuf_r
                0x0000000008009708       0xa4 /Applications/STM32CubeIDE.app/Contents/Eclipse/plugins/com.st.stm32cube.ide.mcu.externaltools.gnu-tools-for-stm32.9-2020-q2-update.macos64_1.5.0.202011040924/tools/bin/../lib/gcc/arm-none-eabi/9.3.1/../../../../arm-none-eabi/lib/thumb/v7e-m+fp/hard/libc_nano.a(lib_a-wbuf.o)
                0x0000000008009708                __swbuf_r
 .text._write_r
                0x00000000080097ac       0x24 /Applications/STM32CubeIDE.app/Contents/Eclipse/plugins/com.st.stm32cube.ide.mcu.externaltools.gnu-tools-for-stm32.9-2020-q2-update.macos64_1.5.0.202011040924/tools/bin/../lib/gcc/arm-none-eabi/9.3.1/../../../../arm-none-eabi/lib/thumb/v7e-m+fp/hard/libc_nano.a(lib_a-writer.o)
                0x00000000080097ac                _write_r
 .text.__swsetup_r
                0x00000000080097d0       0xdc /Applications/STM32CubeIDE.app/Contents/Eclipse/plugins/com.st.stm32cube.ide.mcu.externaltools.gnu-tools-for-stm32.9-2020-q2-update.macos64_1.5.0.202011040924/tools/bin/../lib/gcc/arm-none-eabi/9.3.1/../../../../arm-none-eabi/lib/thumb/v7e-m+fp/hard/libc_nano.a(lib_a-wsetup.o)
                0x00000000080097d0                __swsetup_r
 .text._close_r
                0x00000000080098ac       0x20 /Applications/STM32CubeIDE.app/Contents/Eclipse/plugins/com.st.stm32cube.ide.mcu.externaltools.gnu-tools-for-stm32.9-2020-q2-update.macos64_1.5.0.202011040924/tools/bin/../lib/gcc/arm-none-eabi/9.3.1/../../../../arm-none-eabi/lib/thumb/v7e-m+fp/hard/libc_nano.a(lib_a-closer.o)
                0x00000000080098ac                _close_r
 .text.quorem   0x00000000080098cc      0x116 /Applications/STM32CubeIDE.app/Contents/Eclipse/plugins/com.st.stm32cube.ide.mcu.externaltools.gnu-tools-for-stm32.9-2020-q2-update.macos64_1.5.0.202011040924/tools/bin/../lib/gcc/arm-none-eabi/9.3.1/../../../../arm-none-eabi/lib/thumb/v7e-m+fp/hard/libc_nano.a(lib_a-dtoa.o)
 *fill*         0x00000000080099e2        0x6 
 .text._dtoa_r  0x00000000080099e8      0xbd8 /Applications/STM32CubeIDE.app/Contents/Eclipse/plugins/com.st.stm32cube.ide.mcu.externaltools.gnu-tools-for-stm32.9-2020-q2-update.macos64_1.5.0.202011040924/tools/bin/../lib/gcc/arm-none-eabi/9.3.1/../../../../arm-none-eabi/lib/thumb/v7e-m+fp/hard/libc_nano.a(lib_a-dtoa.o)
                0x00000000080099e8                _dtoa_r
 .text._localeconv_r
                0x000000000800a5c0        0x8 /Applications/STM32CubeIDE.app/Contents/Eclipse/plugins/com.st.stm32cube.ide.mcu.externaltools.gnu-tools-for-stm32.9-2020-q2-update.macos64_1.5.0.202011040924/tools/bin/../lib/gcc/arm-none-eabi/9.3.1/../../../../arm-none-eabi/lib/thumb/v7e-m+fp/hard/libc_nano.a(lib_a-localeconv.o)
                0x000000000800a5c0                _localeconv_r
 .text._lseek_r
                0x000000000800a5c8       0x24 /Applications/STM32CubeIDE.app/Contents/Eclipse/plugins/com.st.stm32cube.ide.mcu.externaltools.gnu-tools-for-stm32.9-2020-q2-update.macos64_1.5.0.202011040924/tools/bin/../lib/gcc/arm-none-eabi/9.3.1/../../../../arm-none-eabi/lib/thumb/v7e-m+fp/hard/libc_nano.a(lib_a-lseekr.o)
                0x000000000800a5c8                _lseek_r
 .text.__swhatbuf_r
                0x000000000800a5ec       0x48 /Applications/STM32CubeIDE.app/Contents/Eclipse/plugins/com.st.stm32cube.ide.mcu.externaltools.gnu-tools-for-stm32.9-2020-q2-update.macos64_1.5.0.202011040924/tools/bin/../lib/gcc/arm-none-eabi/9.3.1/../../../../arm-none-eabi/lib/thumb/v7e-m+fp/hard/libc_nano.a(lib_a-makebuf.o)
                0x000000000800a5ec                __swhatbuf_r
 .text.__smakebuf_r
                0x000000000800a634       0x80 /Applications/STM32CubeIDE.app/Contents/Eclipse/plugins/com.st.stm32cube.ide.mcu.externaltools.gnu-tools-for-stm32.9-2020-q2-update.macos64_1.5.0.202011040924/tools/bin/../lib/gcc/arm-none-eabi/9.3.1/../../../../arm-none-eabi/lib/thumb/v7e-m+fp/hard/libc_nano.a(lib_a-makebuf.o)
                0x000000000800a634                __smakebuf_r
 .text.malloc   0x000000000800a6b4       0x10 /Applications/STM32CubeIDE.app/Contents/Eclipse/plugins/com.st.stm32cube.ide.mcu.externaltools.gnu-tools-for-stm32.9-2020-q2-update.macos64_1.5.0.202011040924/tools/bin/../lib/gcc/arm-none-eabi/9.3.1/../../../../arm-none-eabi/lib/thumb/v7e-m+fp/hard/libc_nano.a(lib_a-malloc.o)
                0x000000000800a6b4                malloc
 .text.memmem   0x000000000800a6c4       0x34 /Applications/STM32CubeIDE.app/Contents/Eclipse/plugins/com.st.stm32cube.ide.mcu.externaltools.gnu-tools-for-stm32.9-2020-q2-update.macos64_1.5.0.202011040924/tools/bin/../lib/gcc/arm-none-eabi/9.3.1/../../../../arm-none-eabi/lib/thumb/v7e-m+fp/hard/libc_nano.a(lib_a-memmem.o)
                0x000000000800a6c4                memmem
 .text.__malloc_lock
                0x000000000800a6f8        0xc /Applications/STM32CubeIDE.app/Contents/Eclipse/plugins/com.st.stm32cube.ide.mcu.externaltools.gnu-tools-for-stm32.9-2020-q2-update.macos64_1.5.0.202011040924/tools/bin/../lib/gcc/arm-none-eabi/9.3.1/../../../../arm-none-eabi/lib/thumb/v7e-m+fp/hard/libc_nano.a(lib_a-mlock.o)
                0x000000000800a6f8                __malloc_lock
 .text.__malloc_unlock
                0x000000000800a704        0xc /Applications/STM32CubeIDE.app/Contents/Eclipse/plugins/com.st.stm32cube.ide.mcu.externaltools.gnu-tools-for-stm32.9-2020-q2-update.macos64_1.5.0.202011040924/tools/bin/../lib/gcc/arm-none-eabi/9.3.1/../../../../arm-none-eabi/lib/thumb/v7e-m+fp/hard/libc_nano.a(lib_a-mlock.o)
                0x000000000800a704                __malloc_unlock
 .text._Balloc  0x000000000800a710       0x80 /Applications/STM32CubeIDE.app/Contents/Eclipse/plugins/com.st.stm32cube.ide.mcu.externaltools.gnu-tools-for-stm32.9-2020-q2-update.macos64_1.5.0.202011040924/tools/bin/../lib/gcc/arm-none-eabi/9.3.1/../../../../arm-none-eabi/lib/thumb/v7e-m+fp/hard/libc_nano.a(lib_a-mprec.o)
                0x000000000800a710                _Balloc
 .text._Bfree   0x000000000800a790       0x44 /Applications/STM32CubeIDE.app/Contents/Eclipse/plugins/com.st.stm32cube.ide.mcu.externaltools.gnu-tools-for-stm32.9-2020-q2-update.macos64_1.5.0.202011040924/tools/bin/../lib/gcc/arm-none-eabi/9.3.1/../../../../arm-none-eabi/lib/thumb/v7e-m+fp/hard/libc_nano.a(lib_a-mprec.o)
                0x000000000800a790                _Bfree
 .text.__multadd
                0x000000000800a7d4       0x94 /Applications/STM32CubeIDE.app/Contents/Eclipse/plugins/com.st.stm32cube.ide.mcu.externaltools.gnu-tools-for-stm32.9-2020-q2-update.macos64_1.5.0.202011040924/tools/bin/../lib/gcc/arm-none-eabi/9.3.1/../../../../arm-none-eabi/lib/thumb/v7e-m+fp/hard/libc_nano.a(lib_a-mprec.o)
                0x000000000800a7d4                __multadd
 .text.__hi0bits
                0x000000000800a868       0x40 /Applications/STM32CubeIDE.app/Contents/Eclipse/plugins/com.st.stm32cube.ide.mcu.externaltools.gnu-tools-for-stm32.9-2020-q2-update.macos64_1.5.0.202011040924/tools/bin/../lib/gcc/arm-none-eabi/9.3.1/../../../../arm-none-eabi/lib/thumb/v7e-m+fp/hard/libc_nano.a(lib_a-mprec.o)
                0x000000000800a868                __hi0bits
 .text.__lo0bits
                0x000000000800a8a8       0x60 /Applications/STM32CubeIDE.app/Contents/Eclipse/plugins/com.st.stm32cube.ide.mcu.externaltools.gnu-tools-for-stm32.9-2020-q2-update.macos64_1.5.0.202011040924/tools/bin/../lib/gcc/arm-none-eabi/9.3.1/../../../../arm-none-eabi/lib/thumb/v7e-m+fp/hard/libc_nano.a(lib_a-mprec.o)
                0x000000000800a8a8                __lo0bits
 .text.__i2b    0x000000000800a908       0x2c /Applications/STM32CubeIDE.app/Contents/Eclipse/plugins/com.st.stm32cube.ide.mcu.externaltools.gnu-tools-for-stm32.9-2020-q2-update.macos64_1.5.0.202011040924/tools/bin/../lib/gcc/arm-none-eabi/9.3.1/../../../../arm-none-eabi/lib/thumb/v7e-m+fp/hard/libc_nano.a(lib_a-mprec.o)
                0x000000000800a908                __i2b
 .text.__multiply
                0x000000000800a934      0x14c /Applications/STM32CubeIDE.app/Contents/Eclipse/plugins/com.st.stm32cube.ide.mcu.externaltools.gnu-tools-for-stm32.9-2020-q2-update.macos64_1.5.0.202011040924/tools/bin/../lib/gcc/arm-none-eabi/9.3.1/../../../../arm-none-eabi/lib/thumb/v7e-m+fp/hard/libc_nano.a(lib_a-mprec.o)
                0x000000000800a934                __multiply
 .text.__pow5mult
                0x000000000800aa80       0xb4 /Applications/STM32CubeIDE.app/Contents/Eclipse/plugins/com.st.stm32cube.ide.mcu.externaltools.gnu-tools-for-stm32.9-2020-q2-update.macos64_1.5.0.202011040924/tools/bin/../lib/gcc/arm-none-eabi/9.3.1/../../../../arm-none-eabi/lib/thumb/v7e-m+fp/hard/libc_nano.a(lib_a-mprec.o)
                0x000000000800aa80                __pow5mult
 .text.__lshift
                0x000000000800ab34       0xd8 /Applications/STM32CubeIDE.app/Contents/Eclipse/plugins/com.st.stm32cube.ide.mcu.externaltools.gnu-tools-for-stm32.9-2020-q2-update.macos64_1.5.0.202011040924/tools/bin/../lib/gcc/arm-none-eabi/9.3.1/../../../../arm-none-eabi/lib/thumb/v7e-m+fp/hard/libc_nano.a(lib_a-mprec.o)
                0x000000000800ab34                __lshift
 .text.__mcmp   0x000000000800ac0c       0x38 /Applications/STM32CubeIDE.app/Contents/Eclipse/plugins/com.st.stm32cube.ide.mcu.externaltools.gnu-tools-for-stm32.9-2020-q2-update.macos64_1.5.0.202011040924/tools/bin/../lib/gcc/arm-none-eabi/9.3.1/../../../../arm-none-eabi/lib/thumb/v7e-m+fp/hard/libc_nano.a(lib_a-mprec.o)
                0x000000000800ac0c                __mcmp
 .text.__mdiff  0x000000000800ac44      0x110 /Applications/STM32CubeIDE.app/Contents/Eclipse/plugins/com.st.stm32cube.ide.mcu.externaltools.gnu-tools-for-stm32.9-2020-q2-update.macos64_1.5.0.202011040924/tools/bin/../lib/gcc/arm-none-eabi/9.3.1/../../../../arm-none-eabi/lib/thumb/v7e-m+fp/hard/libc_nano.a(lib_a-mprec.o)
                0x000000000800ac44                __mdiff
 .text.__d2b    0x000000000800ad54       0xb8 /Applications/STM32CubeIDE.app/Contents/Eclipse/plugins/com.st.stm32cube.ide.mcu.externaltools.gnu-tools-for-stm32.9-2020-q2-update.macos64_1.5.0.202011040924/tools/bin/../lib/gcc/arm-none-eabi/9.3.1/../../../../arm-none-eabi/lib/thumb/v7e-m+fp/hard/libc_nano.a(lib_a-mprec.o)
                0x000000000800ad54                __d2b
 .text._calloc_r
                0x000000000800ae0c       0x1e /Applications/STM32CubeIDE.app/Contents/Eclipse/plugins/com.st.stm32cube.ide.mcu.externaltools.gnu-tools-for-stm32.9-2020-q2-update.macos64_1.5.0.202011040924/tools/bin/../lib/gcc/arm-none-eabi/9.3.1/../../../../arm-none-eabi/lib/thumb/v7e-m+fp/hard/libc_nano.a(lib_a-nano-callocr.o)
                0x000000000800ae0c                _calloc_r
 .text.__ssputs_r
                0x000000000800ae2a       0xb6 /Applications/STM32CubeIDE.app/Contents/Eclipse/plugins/com.st.stm32cube.ide.mcu.externaltools.gnu-tools-for-stm32.9-2020-q2-update.macos64_1.5.0.202011040924/tools/bin/../lib/gcc/arm-none-eabi/9.3.1/../../../../arm-none-eabi/lib/thumb/v7e-m+fp/hard/libc_nano.a(lib_a-nano-svfprintf.o)
                0x000000000800ae2a                __ssputs_r
 .text._svfprintf_r
                0x000000000800aee0      0x200 /Applications/STM32CubeIDE.app/Contents/Eclipse/plugins/com.st.stm32cube.ide.mcu.externaltools.gnu-tools-for-stm32.9-2020-q2-update.macos64_1.5.0.202011040924/tools/bin/../lib/gcc/arm-none-eabi/9.3.1/../../../../arm-none-eabi/lib/thumb/v7e-m+fp/hard/libc_nano.a(lib_a-nano-svfprintf.o)
                0x000000000800aee0                _svfprintf_r
                0x000000000800aee0                _svfiprintf_r
 .text.__sfputc_r
                0x000000000800b0e0       0x2e /Applications/STM32CubeIDE.app/Contents/Eclipse/plugins/com.st.stm32cube.ide.mcu.externaltools.gnu-tools-for-stm32.9-2020-q2-update.macos64_1.5.0.202011040924/tools/bin/../lib/gcc/arm-none-eabi/9.3.1/../../../../arm-none-eabi/lib/thumb/v7e-m+fp/hard/libc_nano.a(lib_a-nano-vfprintf.o)
 .text.__sfputs_r
                0x000000000800b10e       0x24 /Applications/STM32CubeIDE.app/Contents/Eclipse/plugins/com.st.stm32cube.ide.mcu.externaltools.gnu-tools-for-stm32.9-2020-q2-update.macos64_1.5.0.202011040924/tools/bin/../lib/gcc/arm-none-eabi/9.3.1/../../../../arm-none-eabi/lib/thumb/v7e-m+fp/hard/libc_nano.a(lib_a-nano-vfprintf.o)
                0x000000000800b10e                __sfputs_r
 *fill*         0x000000000800b132        0x2 
 .text._vfprintf_r
                0x000000000800b134      0x260 /Applications/STM32CubeIDE.app/Contents/Eclipse/plugins/com.st.stm32cube.ide.mcu.externaltools.gnu-tools-for-stm32.9-2020-q2-update.macos64_1.5.0.202011040924/tools/bin/../lib/gcc/arm-none-eabi/9.3.1/../../../../arm-none-eabi/lib/thumb/v7e-m+fp/hard/libc_nano.a(lib_a-nano-vfprintf.o)
                0x000000000800b134                _vfiprintf_r
                0x000000000800b134                _vfprintf_r
 .text._read_r  0x000000000800b394       0x24 /Applications/STM32CubeIDE.app/Contents/Eclipse/plugins/com.st.stm32cube.ide.mcu.externaltools.gnu-tools-for-stm32.9-2020-q2-update.macos64_1.5.0.202011040924/tools/bin/../lib/gcc/arm-none-eabi/9.3.1/../../../../arm-none-eabi/lib/thumb/v7e-m+fp/hard/libc_nano.a(lib_a-readr.o)
                0x000000000800b394                _read_r
 .text.strnlen  0x000000000800b3b8       0x1a /Applications/STM32CubeIDE.app/Contents/Eclipse/plugins/com.st.stm32cube.ide.mcu.externaltools.gnu-tools-for-stm32.9-2020-q2-update.macos64_1.5.0.202011040924/tools/bin/../lib/gcc/arm-none-eabi/9.3.1/../../../../arm-none-eabi/lib/thumb/v7e-m+fp/hard/libc_nano.a(lib_a-strnlen.o)
                0x000000000800b3b8                strnlen
 *fill*         0x000000000800b3d2        0x2 
 .text.__assert_func
                0x000000000800b3d4       0x3c /Applications/STM32CubeIDE.app/Contents/Eclipse/plugins/com.st.stm32cube.ide.mcu.externaltools.gnu-tools-for-stm32.9-2020-q2-update.macos64_1.5.0.202011040924/tools/bin/../lib/gcc/arm-none-eabi/9.3.1/../../../../arm-none-eabi/lib/thumb/v7e-m+fp/hard/libc_nano.a(lib_a-assert.o)
                0x000000000800b3d4                __assert_func
 .text.fprintf  0x000000000800b410       0x24 /Applications/STM32CubeIDE.app/Contents/Eclipse/plugins/com.st.stm32cube.ide.mcu.externaltools.gnu-tools-for-stm32.9-2020-q2-update.macos64_1.5.0.202011040924/tools/bin/../lib/gcc/arm-none-eabi/9.3.1/../../../../arm-none-eabi/lib/thumb/v7e-m+fp/hard/libc_nano.a(lib_a-fprintf.o)
                0x000000000800b410                fprintf
                0x000000000800b410                fiprintf
 .text._fstat_r
                0x000000000800b434       0x24 /Applications/STM32CubeIDE.app/Contents/Eclipse/plugins/com.st.stm32cube.ide.mcu.externaltools.gnu-tools-for-stm32.9-2020-q2-update.macos64_1.5.0.202011040924/tools/bin/../lib/gcc/arm-none-eabi/9.3.1/../../../../arm-none-eabi/lib/thumb/v7e-m+fp/hard/libc_nano.a(lib_a-fstatr.o)
                0x000000000800b434                _fstat_r
 .text._isatty_r
                0x000000000800b458       0x20 /Applications/STM32CubeIDE.app/Contents/Eclipse/plugins/com.st.stm32cube.ide.mcu.externaltools.gnu-tools-for-stm32.9-2020-q2-update.macos64_1.5.0.202011040924/tools/bin/../lib/gcc/arm-none-eabi/9.3.1/../../../../arm-none-eabi/lib/thumb/v7e-m+fp/hard/libc_nano.a(lib_a-isattyr.o)
                0x000000000800b458                _isatty_r
 .text.__ascii_mbtowc
                0x000000000800b478       0x24 /Applications/STM32CubeIDE.app/Contents/Eclipse/plugins/com.st.stm32cube.ide.mcu.externaltools.gnu-tools-for-stm32.9-2020-q2-update.macos64_1.5.0.202011040924/tools/bin/../lib/gcc/arm-none-eabi/9.3.1/../../../../arm-none-eabi/lib/thumb/v7e-m+fp/hard/libc_nano.a(lib_a-mbtowc_r.o)
                0x000000000800b478                __ascii_mbtowc
 .text.memmove  0x000000000800b49c       0x34 /Applications/STM32CubeIDE.app/Contents/Eclipse/plugins/com.st.stm32cube.ide.mcu.externaltools.gnu-tools-for-stm32.9-2020-q2-update.macos64_1.5.0.202011040924/tools/bin/../lib/gcc/arm-none-eabi/9.3.1/../../../../arm-none-eabi/lib/thumb/v7e-m+fp/hard/libc_nano.a(lib_a-memmove.o)
                0x000000000800b49c                memmove
 .text._realloc_r
                0x000000000800b4d0       0x4c /Applications/STM32CubeIDE.app/Contents/Eclipse/plugins/com.st.stm32cube.ide.mcu.externaltools.gnu-tools-for-stm32.9-2020-q2-update.macos64_1.5.0.202011040924/tools/bin/../lib/gcc/arm-none-eabi/9.3.1/../../../../arm-none-eabi/lib/thumb/v7e-m+fp/hard/libc_nano.a(lib_a-nano-reallocr.o)
                0x000000000800b4d0                _realloc_r
 .text.__ascii_wctomb
                0x000000000800b51c       0x1a /Applications/STM32CubeIDE.app/Contents/Eclipse/plugins/com.st.stm32cube.ide.mcu.externaltools.gnu-tools-for-stm32.9-2020-q2-update.macos64_1.5.0.202011040924/tools/bin/../lib/gcc/arm-none-eabi/9.3.1/../../../../arm-none-eabi/lib/thumb/v7e-m+fp/hard/libc_nano.a(lib_a-wctomb_r.o)
                0x000000000800b51c                __ascii_wctomb
 .text.abort    0x000000000800b536        0xe /Applications/STM32CubeIDE.app/Contents/Eclipse/plugins/com.st.stm32cube.ide.mcu.externaltools.gnu-tools-for-stm32.9-2020-q2-update.macos64_1.5.0.202011040924/tools/bin/../lib/gcc/arm-none-eabi/9.3.1/../../../../arm-none-eabi/lib/thumb/v7e-m+fp/hard/libc_nano.a(lib_a-abort.o)
                0x000000000800b536                abort
 .text._malloc_usable_size_r
                0x000000000800b544       0x10 /Applications/STM32CubeIDE.app/Contents/Eclipse/plugins/com.st.stm32cube.ide.mcu.externaltools.gnu-tools-for-stm32.9-2020-q2-update.macos64_1.5.0.202011040924/tools/bin/../lib/gcc/arm-none-eabi/9.3.1/../../../../arm-none-eabi/lib/thumb/v7e-m+fp/hard/libc_nano.a(lib_a-nano-msizer.o)
                0x000000000800b544                _malloc_usable_size_r
 .text._raise_r
                0x000000000800b554       0x50 /Applications/STM32CubeIDE.app/Contents/Eclipse/plugins/com.st.stm32cube.ide.mcu.externaltools.gnu-tools-for-stm32.9-2020-q2-update.macos64_1.5.0.202011040924/tools/bin/../lib/gcc/arm-none-eabi/9.3.1/../../../../arm-none-eabi/lib/thumb/v7e-m+fp/hard/libc_nano.a(lib_a-signal.o)
                0x000000000800b554                _raise_r
 .text.raise    0x000000000800b5a4       0x10 /Applications/STM32CubeIDE.app/Contents/Eclipse/plugins/com.st.stm32cube.ide.mcu.externaltools.gnu-tools-for-stm32.9-2020-q2-update.macos64_1.5.0.202011040924/tools/bin/../lib/gcc/arm-none-eabi/9.3.1/../../../../arm-none-eabi/lib/thumb/v7e-m+fp/hard/libc_nano.a(lib_a-signal.o)
                0x000000000800b5a4                raise
 .text._kill_r  0x000000000800b5b4       0x24 /Applications/STM32CubeIDE.app/Contents/Eclipse/plugins/com.st.stm32cube.ide.mcu.externaltools.gnu-tools-for-stm32.9-2020-q2-update.macos64_1.5.0.202011040924/tools/bin/../lib/gcc/arm-none-eabi/9.3.1/../../../../arm-none-eabi/lib/thumb/v7e-m+fp/hard/libc_nano.a(lib_a-signalr.o)
                0x000000000800b5b4                _kill_r
 .text._getpid_r
                0x000000000800b5d8        0x4 /Applications/STM32CubeIDE.app/Contents/Eclipse/plugins/com.st.stm32cube.ide.mcu.externaltools.gnu-tools-for-stm32.9-2020-q2-update.macos64_1.5.0.202011040924/tools/bin/../lib/gcc/arm-none-eabi/9.3.1/../../../../arm-none-eabi/lib/thumb/v7e-m+fp/hard/libc_nano.a(lib_a-signalr.o)
                0x000000000800b5d8                _getpid_r
 *fill*         0x000000000800b5dc        0x4 
 .text.log      0x000000000800b5e0       0x90 /Applications/STM32CubeIDE.app/Contents/Eclipse/plugins/com.st.stm32cube.ide.mcu.externaltools.gnu-tools-for-stm32.9-2020-q2-update.macos64_1.5.0.202011040924/tools/bin/../lib/gcc/arm-none-eabi/9.3.1/../../../../arm-none-eabi/lib/thumb/v7e-m+fp/hard/libm.a(lib_a-w_log.o)
                0x000000000800b5e0                log
 .text.__ieee754_log
                0x000000000800b670      0x374 /Applications/STM32CubeIDE.app/Contents/Eclipse/plugins/com.st.stm32cube.ide.mcu.externaltools.gnu-tools-for-stm32.9-2020-q2-update.macos64_1.5.0.202011040924/tools/bin/../lib/gcc/arm-none-eabi/9.3.1/../../../../arm-none-eabi/lib/thumb/v7e-m+fp/hard/libm.a(lib_a-e_log.o)
                0x000000000800b670                __ieee754_log
 *fill*         0x000000000800b9e4        0x4 
 .text.nan      0x000000000800b9e8       0x10 /Applications/STM32CubeIDE.app/Contents/Eclipse/plugins/com.st.stm32cube.ide.mcu.externaltools.gnu-tools-for-stm32.9-2020-q2-update.macos64_1.5.0.202011040924/tools/bin/../lib/gcc/arm-none-eabi/9.3.1/../../../../arm-none-eabi/lib/thumb/v7e-m+fp/hard/libm.a(lib_a-s_nan.o)
                0x000000000800b9e8                nan
 *(.glue_7)
 .glue_7        0x000000000800b9f8        0x0 linker stubs
 *(.glue_7t)
 .glue_7t       0x000000000800b9f8        0x0 linker stubs
 *(.eh_frame)
 .eh_frame      0x000000000800b9f8        0x0 /Applications/STM32CubeIDE.app/Contents/Eclipse/plugins/com.st.stm32cube.ide.mcu.externaltools.gnu-tools-for-stm32.9-2020-q2-update.macos64_1.5.0.202011040924/tools/bin/../lib/gcc/arm-none-eabi/9.3.1/thumb/v7e-m+fp/hard/crtbegin.o
 *(.init)
 .init          0x000000000800b9f8        0x4 /Applications/STM32CubeIDE.app/Contents/Eclipse/plugins/com.st.stm32cube.ide.mcu.externaltools.gnu-tools-for-stm32.9-2020-q2-update.macos64_1.5.0.202011040924/tools/bin/../lib/gcc/arm-none-eabi/9.3.1/thumb/v7e-m+fp/hard/crti.o
                0x000000000800b9f8                _init
 .init          0x000000000800b9fc        0x8 /Applications/STM32CubeIDE.app/Contents/Eclipse/plugins/com.st.stm32cube.ide.mcu.externaltools.gnu-tools-for-stm32.9-2020-q2-update.macos64_1.5.0.202011040924/tools/bin/../lib/gcc/arm-none-eabi/9.3.1/thumb/v7e-m+fp/hard/crtn.o
 *(.fini)
 .fini          0x000000000800ba04        0x4 /Applications/STM32CubeIDE.app/Contents/Eclipse/plugins/com.st.stm32cube.ide.mcu.externaltools.gnu-tools-for-stm32.9-2020-q2-update.macos64_1.5.0.202011040924/tools/bin/../lib/gcc/arm-none-eabi/9.3.1/thumb/v7e-m+fp/hard/crti.o
                0x000000000800ba04                _fini
 .fini          0x000000000800ba08        0x8 /Applications/STM32CubeIDE.app/Contents/Eclipse/plugins/com.st.stm32cube.ide.mcu.externaltools.gnu-tools-for-stm32.9-2020-q2-update.macos64_1.5.0.202011040924/tools/bin/../lib/gcc/arm-none-eabi/9.3.1/thumb/v7e-m+fp/hard/crtn.o
                0x000000000800ba10                . = ALIGN (0x4)
                0x000000000800ba10                _etext = .

.vfp11_veneer   0x000000000800ba10        0x0
 .vfp11_veneer  0x000000000800ba10        0x0 linker stubs

.v4_bx          0x000000000800ba10        0x0
 .v4_bx         0x000000000800ba10        0x0 linker stubs

.iplt           0x000000000800ba10        0x0
 .iplt          0x000000000800ba10        0x0 /Applications/STM32CubeIDE.app/Contents/Eclipse/plugins/com.st.stm32cube.ide.mcu.externaltools.gnu-tools-for-stm32.9-2020-q2-update.macos64_1.5.0.202011040924/tools/bin/../lib/gcc/arm-none-eabi/9.3.1/thumb/v7e-m+fp/hard/crtbegin.o

.rodata         0x000000000800ba10      0x8bc
                0x000000000800ba10                . = ALIGN (0x4)
 *(.rodata)
 .rodata        0x000000000800ba10      0x3fb Core/Src/main.o
 *fill*         0x000000000800be0b        0x1 
 .rodata        0x000000000800be0c       0x25 Core/Src/stm32f4xx_it.o
 *fill*         0x000000000800be31        0x3 
 .rodata        0x000000000800be34        0x5 Middlewares/FreeRTOS/tasks.o
 *fill*         0x000000000800be39        0x3 
 .rodata        0x000000000800be3c        0xd Middlewares/FreeRTOS/timers.o
 *(.rodata*)
 *fill*         0x000000000800be49        0x3 
 .rodata.temperatureTask_attributes
                0x000000000800be4c       0x24 Core/Src/main.o
                0x000000000800be4c                temperatureTask_attributes
 .rodata.networkComTask_attributes
                0x000000000800be70       0x24 Core/Src/main.o
                0x000000000800be70                networkComTask_attributes
 .rodata.timerMutex_attributes
                0x000000000800be94       0x10 Core/Src/main.o
                0x000000000800be94                timerMutex_attributes
 .rodata.temperatureMutex_attributes
                0x000000000800bea4       0x10 Core/Src/main.o
                0x000000000800bea4                temperatureMutex_attributes
 .rodata.modeMutex_attributes
                0x000000000800beb4       0x10 Core/Src/main.o
                0x000000000800beb4                modeMutex_attributes
 .rodata.AHBPrescTable
                0x000000000800bec4       0x10 Core/Src/system_stm32f4xx.o
                0x000000000800bec4                AHBPrescTable
 .rodata.APBPrescTable
                0x000000000800bed4        0x8 Core/Src/system_stm32f4xx.o
                0x000000000800bed4                APBPrescTable
 .rodata.flagBitshiftOffset.8601
                0x000000000800bedc        0x8 Drivers/STM32F4xx_HAL_Driver/stm32f4xx_hal_dma.o
 .rodata.__sf_fake_stderr
                0x000000000800bee4       0x20 /Applications/STM32CubeIDE.app/Contents/Eclipse/plugins/com.st.stm32cube.ide.mcu.externaltools.gnu-tools-for-stm32.9-2020-q2-update.macos64_1.5.0.202011040924/tools/bin/../lib/gcc/arm-none-eabi/9.3.1/../../../../arm-none-eabi/lib/thumb/v7e-m+fp/hard/libc_nano.a(lib_a-findfp.o)
                0x000000000800bee4                __sf_fake_stderr
 .rodata.__sf_fake_stdin
                0x000000000800bf04       0x20 /Applications/STM32CubeIDE.app/Contents/Eclipse/plugins/com.st.stm32cube.ide.mcu.externaltools.gnu-tools-for-stm32.9-2020-q2-update.macos64_1.5.0.202011040924/tools/bin/../lib/gcc/arm-none-eabi/9.3.1/../../../../arm-none-eabi/lib/thumb/v7e-m+fp/hard/libc_nano.a(lib_a-findfp.o)
                0x000000000800bf04                __sf_fake_stdin
 .rodata.__sf_fake_stdout
                0x000000000800bf24       0x20 /Applications/STM32CubeIDE.app/Contents/Eclipse/plugins/com.st.stm32cube.ide.mcu.externaltools.gnu-tools-for-stm32.9-2020-q2-update.macos64_1.5.0.202011040924/tools/bin/../lib/gcc/arm-none-eabi/9.3.1/../../../../arm-none-eabi/lib/thumb/v7e-m+fp/hard/libc_nano.a(lib_a-findfp.o)
                0x000000000800bf24                __sf_fake_stdout
 .rodata._global_impure_ptr
                0x000000000800bf44        0x4 /Applications/STM32CubeIDE.app/Contents/Eclipse/plugins/com.st.stm32cube.ide.mcu.externaltools.gnu-tools-for-stm32.9-2020-q2-update.macos64_1.5.0.202011040924/tools/bin/../lib/gcc/arm-none-eabi/9.3.1/../../../../arm-none-eabi/lib/thumb/v7e-m+fp/hard/libc_nano.a(lib_a-impure.o)
                0x000000000800bf44                _global_impure_ptr
 .rodata._printf_float.str1.1
                0x000000000800bf48       0x12 /Applications/STM32CubeIDE.app/Contents/Eclipse/plugins/com.st.stm32cube.ide.mcu.externaltools.gnu-tools-for-stm32.9-2020-q2-update.macos64_1.5.0.202011040924/tools/bin/../lib/gcc/arm-none-eabi/9.3.1/../../../../arm-none-eabi/lib/thumb/v7e-m+fp/hard/libc_nano.a(lib_a-nano-vfprintf_float.o)
 .rodata._printf_i.str1.1
                0x000000000800bf5a       0x22 /Applications/STM32CubeIDE.app/Contents/Eclipse/plugins/com.st.stm32cube.ide.mcu.externaltools.gnu-tools-for-stm32.9-2020-q2-update.macos64_1.5.0.202011040924/tools/bin/../lib/gcc/arm-none-eabi/9.3.1/../../../../arm-none-eabi/lib/thumb/v7e-m+fp/hard/libc_nano.a(lib_a-nano-vfprintf_i.o)
 .rodata._ctype_
                0x000000000800bf7c      0x101 /Applications/STM32CubeIDE.app/Contents/Eclipse/plugins/com.st.stm32cube.ide.mcu.externaltools.gnu-tools-for-stm32.9-2020-q2-update.macos64_1.5.0.202011040924/tools/bin/../lib/gcc/arm-none-eabi/9.3.1/../../../../arm-none-eabi/lib/thumb/v7e-m+fp/hard/libc_nano.a(lib_a-ctype_.o)
                0x000000000800bf7c                _ctype_
 .rodata._dtoa_r.str1.1
                0x000000000800c07d       0x94 /Applications/STM32CubeIDE.app/Contents/Eclipse/plugins/com.st.stm32cube.ide.mcu.externaltools.gnu-tools-for-stm32.9-2020-q2-update.macos64_1.5.0.202011040924/tools/bin/../lib/gcc/arm-none-eabi/9.3.1/../../../../arm-none-eabi/lib/thumb/v7e-m+fp/hard/libc_nano.a(lib_a-dtoa.o)
                                         0x96 (size before relaxing)
 .rodata._Balloc.str1.1
                0x000000000800c111       0x60 /Applications/STM32CubeIDE.app/Contents/Eclipse/plugins/com.st.stm32cube.ide.mcu.externaltools.gnu-tools-for-stm32.9-2020-q2-update.macos64_1.5.0.202011040924/tools/bin/../lib/gcc/arm-none-eabi/9.3.1/../../../../arm-none-eabi/lib/thumb/v7e-m+fp/hard/libc_nano.a(lib_a-mprec.o)
                                         0x77 (size before relaxing)
 .rodata.__multadd.str1.1
                0x000000000800c171       0x11 /Applications/STM32CubeIDE.app/Contents/Eclipse/plugins/com.st.stm32cube.ide.mcu.externaltools.gnu-tools-for-stm32.9-2020-q2-update.macos64_1.5.0.202011040924/tools/bin/../lib/gcc/arm-none-eabi/9.3.1/../../../../arm-none-eabi/lib/thumb/v7e-m+fp/hard/libc_nano.a(lib_a-mprec.o)
 *fill*         0x000000000800c171        0x7 
 .rodata.__mprec_bigtens
                0x000000000800c178       0x28 /Applications/STM32CubeIDE.app/Contents/Eclipse/plugins/com.st.stm32cube.ide.mcu.externaltools.gnu-tools-for-stm32.9-2020-q2-update.macos64_1.5.0.202011040924/tools/bin/../lib/gcc/arm-none-eabi/9.3.1/../../../../arm-none-eabi/lib/thumb/v7e-m+fp/hard/libc_nano.a(lib_a-mprec.o)
                0x000000000800c178                __mprec_bigtens
 .rodata.__mprec_tens